Archive member included to satisfy reference by file (symbol)

app/libapp.a(led.c.obj)       (--whole-archive)
app/libapp.a(main.c.obj)      (--whole-archive)
zephyr/libzephyr.a(cbprintf.c.obj)
                              (--whole-archive)
zephyr/libzephyr.a(cbprintf_packaged.c.obj)
                              (--whole-archive)
zephyr/libzephyr.a(crc32c_sw.c.obj)
                              (--whole-archive)
zephyr/libzephyr.a(crc32_sw.c.obj)
                              (--whole-archive)
zephyr/libzephyr.a(crc16_sw.c.obj)
                              (--whole-archive)
zephyr/libzephyr.a(crc8_sw.c.obj)
                              (--whole-archive)
zephyr/libzephyr.a(crc7_sw.c.obj)
                              (--whole-archive)
zephyr/libzephyr.a(dec.c.obj)
                              (--whole-archive)
zephyr/libzephyr.a(fdtable.c.obj)
                              (--whole-archive)
zephyr/libzephyr.a(hex.c.obj)
                              (--whole-archive)
zephyr/libzephyr.a(notify.c.obj)
                              (--whole-archive)
zephyr/libzephyr.a(printk.c.obj)
                              (--whole-archive)
zephyr/libzephyr.a(onoff.c.obj)
                              (--whole-archive)
zephyr/libzephyr.a(rb.c.obj)  (--whole-archive)
zephyr/libzephyr.a(sem.c.obj)
                              (--whole-archive)
zephyr/libzephyr.a(thread_entry.c.obj)
                              (--whole-archive)
zephyr/libzephyr.a(timeutil.c.obj)
                              (--whole-archive)
zephyr/libzephyr.a(heap.c.obj)
                              (--whole-archive)
zephyr/libzephyr.a(heap-validate.c.obj)
                              (--whole-archive)
zephyr/libzephyr.a(bitarray.c.obj)
                              (--whole-archive)
zephyr/libzephyr.a(multi_heap.c.obj)
                              (--whole-archive)
zephyr/libzephyr.a(cbprintf_complete.c.obj)
                              (--whole-archive)
zephyr/libzephyr.a(assert.c.obj)
                              (--whole-archive)
zephyr/libzephyr.a(reboot.c.obj)
                              (--whole-archive)
zephyr/libzephyr.a(configs.c.obj)
                              (--whole-archive)
zephyr/libzephyr.a(soc_nrf_common.S.obj)
                              (--whole-archive)
zephyr/libzephyr.a(validate_base_addresses.c.obj)
                              (--whole-archive)
zephyr/libzephyr.a(validate_enabled_instances.c.obj)
                              (--whole-archive)
zephyr/libzephyr.a(thread_info.c.obj)
                              (--whole-archive)
zephyr/libzephyr.a(pm.c.obj)  (--whole-archive)
zephyr/libzephyr.a(policy.c.obj)
                              (--whole-archive)
zephyr/libzephyr.a(state.c.obj)
                              (--whole-archive)
zephyr/libzephyr.a(tracing_none.c.obj)
                              (--whole-archive)
zephyr/arch/common/libarch__common.a(sw_isr_common.c.obj)
                              (--whole-archive)
zephyr/arch/arch/arm/core/aarch32/libarch__arm__core__aarch32.a(cpu_idle.S.obj)
                              (--whole-archive)
zephyr/arch/arch/arm/core/aarch32/libarch__arm__core__aarch32.a(fatal.c.obj)
                              (--whole-archive)
zephyr/arch/arch/arm/core/aarch32/libarch__arm__core__aarch32.a(irq_manage.c.obj)
                              (--whole-archive)
zephyr/arch/arch/arm/core/aarch32/libarch__arm__core__aarch32.a(nmi.c.obj)
                              (--whole-archive)
zephyr/arch/arch/arm/core/aarch32/libarch__arm__core__aarch32.a(nmi_on_reset.S.obj)
                              (--whole-archive)
zephyr/arch/arch/arm/core/aarch32/libarch__arm__core__aarch32.a(prep_c.c.obj)
                              (--whole-archive)
zephyr/arch/arch/arm/core/aarch32/libarch__arm__core__aarch32.a(swap.c.obj)
                              (--whole-archive)
zephyr/arch/arch/arm/core/aarch32/libarch__arm__core__aarch32.a(swap_helper.S.obj)
                              (--whole-archive)
zephyr/arch/arch/arm/core/aarch32/libarch__arm__core__aarch32.a(thread.c.obj)
                              (--whole-archive)
zephyr/arch/arch/arm/core/aarch32/libarch__arm__core__aarch32.a(isr_wrapper.S.obj)
                              (--whole-archive)
zephyr/arch/arch/arm/core/aarch32/cortex_m/libarch__arm__core__aarch32__cortex_m.a(exc_exit.S.obj)
                              (--whole-archive)
zephyr/arch/arch/arm/core/aarch32/cortex_m/libarch__arm__core__aarch32__cortex_m.a(fault.c.obj)
                              (--whole-archive)
zephyr/arch/arch/arm/core/aarch32/cortex_m/libarch__arm__core__aarch32__cortex_m.a(fault_s.S.obj)
                              (--whole-archive)
zephyr/arch/arch/arm/core/aarch32/cortex_m/libarch__arm__core__aarch32__cortex_m.a(fpu.c.obj)
                              (--whole-archive)
zephyr/arch/arch/arm/core/aarch32/cortex_m/libarch__arm__core__aarch32__cortex_m.a(irq_init.c.obj)
                              (--whole-archive)
[...]
Memory Configuration

Name             Origin             Length             Attributes
FLASH            0x0000000000000000 0x0000000000080000 xr
SRAM             0x0000000020000000 0x0000000000010000 xw
IDT_LIST         0x00000000fffff7ff 0x0000000000000800 xw
*default*        0x0000000000000000 0xffffffffffffffff

Linker script and memory map

LOAD zephyr/CMakeFiles/zephyr_pre1.dir/misc/empty_file.c.obj
LOAD zephyr/CMakeFiles/zephyr_pre1.dir/dev_handles.c.obj
                0x0000000000000020                _region_min_align = 0x20

.rel.plt        0x0000000000000000        0x0
 *(SORT_BY_ALIGNMENT(.rel.plt))
                [!provide]                        PROVIDE (__rel_iplt_start = .)
 *(SORT_BY_ALIGNMENT(.rel.iplt))
 .rel.iplt      0x0000000000000000        0x0 app/libapp.a(led.c.obj)
                [!provide]                        PROVIDE (__rel_iplt_end = .)

.rela.plt       0x0000000000000000        0x0
 *(SORT_BY_ALIGNMENT(.rela.plt))
                [!provide]                        PROVIDE (__rela_iplt_start = .)
 *(SORT_BY_ALIGNMENT(.rela.iplt))
                [!provide]                        PROVIDE (__rela_iplt_end = .)

.rel.dyn
 *(SORT_BY_ALIGNMENT(.rel.*))

.rela.dyn
 *(SORT_BY_ALIGNMENT(.rela.*))

/DISCARD/
 *(SORT_BY_ALIGNMENT(.plt))
 *(SORT_BY_ALIGNMENT(.iplt))
 *(SORT_BY_ALIGNMENT(.got.plt))
 *(SORT_BY_ALIGNMENT(.igot.plt))
 *(SORT_BY_ALIGNMENT(.got))
 *(SORT_BY_ALIGNMENT(.igot))
 *(SORT_BY_ALIGNMENT(.note.GNU-stack))
                0x0000000000000000                __rom_region_start = 0x0

rom_start       0x0000000000000000       0xdc
                0x0000000000000000                . = 0x0
                0x0000000000000000                . = ALIGN (0x4)
                0x0000000000000000                . = ALIGN (0x80)
                0x0000000000000000                . = ALIGN (0x100)
                0x0000000000000000                _vector_start = .
 *(SORT_BY_ALIGNMENT(.exc_vector_table))
 *(SORT_BY_ALIGNMENT(.exc_vector_table.*))
 .exc_vector_table._vector_table_section
                0x0000000000000000       0x40 zephyr/arch/arch/arm/core/aarch32/cortex_m/libarch__arm__core__aarch32__cortex_m.a(vector_table.S.obj)
                0x0000000000000000                _vector_table
 *(SORT_BY_ALIGNMENT(.gnu.linkonce.irq_vector_table*))
 .gnu.linkonce.irq_vector_table
                0x0000000000000040       0x9c zephyr/arch/common/libisr_tables.a(isr_tables.c.obj)
                0x0000000000000040                _irq_vector_table
 *(SORT_BY_ALIGNMENT(.vectors))
                0x00000000000000dc                _vector_end = .

text            0x00000000000000dc     0x7204
                0x00000000000000dc                __text_region_start = .
 *(SORT_BY_ALIGNMENT(.text))
 .text          0x00000000000000dc       0x30 c:/ncs/toolchains/v2.0.2/opt/zephyr-sdk/arm-zephyr-eabi/bin/../lib/gcc/arm-zephyr-eabi/10.3.0/thumb/v7e-m/nofp\libgcc.a(_aeabi_uldivmod.o)
                0x00000000000000dc                __aeabi_uldivmod
 .text          0x000000000000010c        0x4 c:/ncs/toolchains/v2.0.2/opt/zephyr-sdk/arm-zephyr-eabi/bin/../lib/gcc/arm-zephyr-eabi/10.3.0/thumb/v7e-m/nofp\libgcc.a(_dvmd_tls.o)
                0x000000000000010c                __aeabi_idiv0
                0x000000000000010c                __aeabi_ldiv0
 .text          0x0000000000000110      0x2a6 c:/ncs/toolchains/v2.0.2/opt/zephyr-sdk/arm-zephyr-eabi/bin/../lib/gcc/arm-zephyr-eabi/10.3.0/thumb/v7e-m/nofp\libgcc.a(_udivmoddi4.o)
                0x0000000000000110                __udivmoddi4
 *(SORT_BY_ALIGNMENT(.text.*))
 *fill*         0x00000000000003b6        0x2 
 .text.blink_red
                0x00000000000003b8       0x28 app/libapp.a(led.c.obj)
                0x00000000000003b8                blink_red
 .text.blink_green
                0x00000000000003e0       0x1c app/libapp.a(led.c.obj)
                0x00000000000003e0                blink_green
 .text.blink_blue
                0x00000000000003fc       0x1c app/libapp.a(led.c.obj)
                0x00000000000003fc                blink_blue
 .text.char_out
                0x0000000000000418       0x14 zephyr/libzephyr.a(printk.c.obj)
 .text.__printk_hook_install
                0x000000000000042c        0xc zephyr/libzephyr.a(printk.c.obj)
                0x000000000000042c                __printk_hook_install
 .text.vprintk  0x0000000000000438       0x20 zephyr/libzephyr.a(printk.c.obj)
                0x0000000000000438                vprintk
 .text.process_event
                0x0000000000000458      0x158 zephyr/libzephyr.a(onoff.c.obj)
 .text.extract_conversion
                0x00000000000005b0      0x314 zephyr/libzephyr.a(cbprintf_complete.c.obj)
 .text.cbvprintf
                0x00000000000008c4      0x5d0 zephyr/libzephyr.a(cbprintf_complete.c.obj)
                0x00000000000008c4                cbvprintf
 .text.pm_system_resume
                0x0000000000000e94       0xc0 zephyr/libzephyr.a(pm.c.obj)
                0x0000000000000e94                pm_system_resume
 .text.pm_system_suspend
                0x0000000000000f54      0x184 zephyr/libzephyr.a(pm.c.obj)
                0x0000000000000f54                pm_system_suspend
 .text.pm_policy_state_lock_is_active
                0x00000000000010d8       0x1c zephyr/libzephyr.a(policy.c.obj)
                0x00000000000010d8                pm_policy_state_lock_is_active
 .text.pm_policy_next_state
                0x00000000000010f4       0x94 zephyr/libzephyr.a(policy.c.obj)
                0x00000000000010f4                pm_policy_next_state
 .text.pm_state_cpu_get_all
                0x0000000000001188       0x10 zephyr/libzephyr.a(state.c.obj)
                0x0000000000001188                pm_state_cpu_get_all
 .text.z_arm_cpu_idle_init
                0x0000000000001198        0xc zephyr/arch/arch/arm/core/aarch32/libarch__arm__core__aarch32.a(cpu_idle.S.obj)
                0x0000000000001198                z_arm_cpu_idle_init
 .text.arch_cpu_idle
                0x00000000000011a4       0x1c zephyr/arch/arch/arm/core/aarch32/libarch__arm__core__aarch32.a(cpu_idle.S.obj)
                0x00000000000011a4                arch_cpu_idle
 .text.arch_cpu_atomic_idle
                0x00000000000011c0       0x14 zephyr/arch/arch/arm/core/aarch32/libarch__arm__core__aarch32.a(cpu_idle.S.obj)
                0x00000000000011c0                arch_cpu_atomic_idle
 .text.arch_irq_enable
                0x00000000000011d4       0x1c zephyr/arch/arch/arm/core/aarch32/libarch__arm__core__aarch32.a(irq_manage.c.obj)
                0x00000000000011d4                arch_irq_enable
 .text.arch_irq_disable
                0x00000000000011f0       0x28 zephyr/arch/arch/arm/core/aarch32/libarch__arm__core__aarch32.a(irq_manage.c.obj)
                0x00000000000011f0                arch_irq_disable
 .text.arch_irq_is_enabled
                0x0000000000001218       0x1c zephyr/arch/arch/arm/core/aarch32/libarch__arm__core__aarch32.a(irq_manage.c.obj)
                0x0000000000001218                arch_irq_is_enabled
 .text.z_arm_irq_priority_set
                0x0000000000001234       0x2c zephyr/arch/arch/arm/core/aarch32/libarch__arm__core__aarch32.a(irq_manage.c.obj)
                0x0000000000001234                z_arm_irq_priority_set
 .text.z_SysNmiOnReset
                0x0000000000001260        0x8 zephyr/arch/arch/arm/core/aarch32/libarch__arm__core__aarch32.a(nmi_on_reset.S.obj)
                0x0000000000001260                z_SysNmiOnReset
 .text.z_arm_prep_c
                0x0000000000001268       0x38 zephyr/arch/arch/arm/core/aarch32/libarch__arm__core__aarch32.a(prep_c.c.obj)
                0x0000000000001268                z_arm_prep_c
 .text.arch_swap
                0x00000000000012a0       0x38 zephyr/arch/arch/arm/core/aarch32/libarch__arm__core__aarch32.a(swap.c.obj)
                0x00000000000012a0                arch_swap
 .text.z_arm_pendsv
                0x00000000000012d8       0x58 zephyr/arch/arch/arm/core/aarch32/libarch__arm__core__aarch32.a(swap_helper.S.obj)
                0x00000000000012d8                z_arm_pendsv
 .text.z_arm_svc
                0x0000000000001330       0x20 zephyr/arch/arch/arm/core/aarch32/libarch__arm__core__aarch32.a(swap_helper.S.obj)
                0x0000000000001330                z_arm_svc
 .text.arch_new_thread
                0x0000000000001350       0x44 zephyr/arch/arch/arm/core/aarch32/libarch__arm__core__aarch32.a(thread.c.obj)
                0x0000000000001350                arch_new_thread
 .text.z_check_thread_stack_fail
                0x0000000000001394       0x50 zephyr/arch/arch/arm/core/aarch32/libarch__arm__core__aarch32.a(thread.c.obj)
                0x0000000000001394                z_check_thread_stack_fail
 .text.arch_switch_to_main_thread
                0x00000000000013e4       0x2c zephyr/arch/arch/arm/core/aarch32/libarch__arm__core__aarch32.a(thread.c.obj)
                0x00000000000013e4                arch_switch_to_main_thread
 .text._isr_wrapper
                0x0000000000001410       0x40 zephyr/arch/arch/arm/core/aarch32/libarch__arm__core__aarch32.a(isr_wrapper.S.obj)
                0x0000000000001410                _isr_wrapper
 .text._HandlerModeExit
                0x0000000000001450       0x1c zephyr/arch/arch/arm/core/aarch32/cortex_m/libarch__arm__core__aarch32__cortex_m.a(exc_exit.S.obj)
                0x0000000000001450                z_arm_int_exit
                0x0000000000001450                z_arm_exc_exit
 .text.bus_fault
                0x000000000000146c       0x54 zephyr/arch/arch/arm/core/aarch32/cortex_m/libarch__arm__core__aarch32__cortex_m.a(fault.c.obj)
 .text.usage_fault
                0x00000000000014c0       0x24 zephyr/arch/arch/arm/core/aarch32/cortex_m/libarch__arm__core__aarch32__cortex_m.a(fault.c.obj)
 .text.mem_manage_fault
                0x00000000000014e4       0xa0 zephyr/arch/arch/arm/core/aarch32/cortex_m/libarch__arm__core__aarch32__cortex_m.a(fault.c.obj)
 .text.hard_fault
                0x0000000000001584       0x7c zephyr/arch/arch/arm/core/aarch32/cortex_m/libarch__arm__core__aarch32__cortex_m.a(fault.c.obj)
 .text.z_arm_fault
                0x0000000000001600       0x94 zephyr/arch/arch/arm/core/aarch32/cortex_m/libarch__arm__core__aarch32__cortex_m.a(fault.c.obj)
                0x0000000000001600                z_arm_fault
 .text.z_arm_fault_init
                0x0000000000001694       0x10 zephyr/arch/arch/arm/core/aarch32/cortex_m/libarch__arm__core__aarch32__cortex_m.a(fault.c.obj)
                0x0000000000001694                z_arm_fault_init
 .text.__fault  0x00000000000016a4       0x14 zephyr/arch/arch/arm/core/aarch32/cortex_m/libarch__arm__core__aarch32__cortex_m.a(fault_s.S.obj)
                0x00000000000016a4                z_arm_usage_fault
                0x00000000000016a4                z_arm_mpu_fault
                0x00000000000016a4                z_arm_exc_spurious
                0x00000000000016a4                z_arm_debug_monitor
                0x00000000000016a4                z_arm_hard_fault
                0x00000000000016a4                z_arm_bus_fault
 .text.z_arm_interrupt_init
                0x00000000000016b8       0x34 zephyr/arch/arch/arm/core/aarch32/cortex_m/libarch__arm__core__aarch32__cortex_m.a(irq_init.c.obj)
                0x00000000000016b8                z_arm_interrupt_init
 .text._reset_section
                0x00000000000016ec       0x54 zephyr/arch/arch/arm/core/aarch32/cortex_m/libarch__arm__core__aarch32__cortex_m.a(reset.S.obj)
                0x00000000000016ec                __start
                0x00000000000016ec                z_arm_reset
 .text.z_arm_clear_arm_mpu_config
                0x0000000000001740       0x28 zephyr/arch/arch/arm/core/aarch32/cortex_m/libarch__arm__core__aarch32__cortex_m.a(scb.c.obj)
                0x0000000000001740                z_arm_clear_arm_mpu_config
 .text.z_arm_init_arch_hw_at_boot
                0x0000000000001768       0x54 zephyr/arch/arch/arm/core/aarch32/cortex_m/libarch__arm__core__aarch32__cortex_m.a(scb.c.obj)
                0x0000000000001768                z_arm_init_arch_hw_at_boot
 .text.z_impl_k_thread_abort
                0x00000000000017bc       0x34 zephyr/arch/arch/arm/core/aarch32/cortex_m/libarch__arm__core__aarch32__cortex_m.a(thread_abort.c.obj)
                0x00000000000017bc                z_impl_k_thread_abort
 .text.z_arm_configure_static_mpu_regions
                0x00000000000017f0       0x1c zephyr/arch/arch/arm/core/aarch32/mpu/libarch__arm__core__aarch32__mpu.a(arm_core_mpu.c.obj)
                0x00000000000017f0                z_arm_configure_static_mpu_regions
 .text.z_arm_configure_dynamic_mpu_regions
                0x000000000000180c       0x24 zephyr/arch/arch/arm/core/aarch32/mpu/libarch__arm__core__aarch32__mpu.a(arm_core_mpu.c.obj)
                0x000000000000180c                z_arm_configure_dynamic_mpu_regions
 .text.region_init
                0x0000000000001830       0x28 zephyr/arch/arch/arm/core/aarch32/mpu/libarch__arm__core__aarch32__mpu.a(arm_mpu.c.obj)
 .text.mpu_configure_static_mpu_regions
                0x0000000000001858       0x14 zephyr/arch/arch/arm/core/aarch32/mpu/libarch__arm__core__aarch32__mpu.a(arm_mpu.c.obj)
 .text.mpu_configure_dynamic_mpu_regions
                0x000000000000186c       0x34 zephyr/arch/arch/arm/core/aarch32/mpu/libarch__arm__core__aarch32__mpu.a(arm_mpu.c.obj)
 .text.arm_core_mpu_enable
                0x00000000000018a0       0x18 zephyr/arch/arch/arm/core/aarch32/mpu/libarch__arm__core__aarch32__mpu.a(arm_mpu.c.obj)
                0x00000000000018a0                arm_core_mpu_enable
 .text.arm_core_mpu_disable
                0x00000000000018b8       0x14 zephyr/arch/arch/arm/core/aarch32/mpu/libarch__arm__core__aarch32__mpu.a(arm_mpu.c.obj)
                0x00000000000018b8                arm_core_mpu_disable
 .text.z_arm_mpu_init
                0x00000000000018cc       0x44 zephyr/arch/arch/arm/core/aarch32/mpu/libarch__arm__core__aarch32__mpu.a(arm_mpu.c.obj)
                0x00000000000018cc                z_arm_mpu_init
 .text.__stdout_hook_install
                0x0000000000001910        0xc zephyr/lib/libc/minimal/liblib__libc__minimal.a(stdout_console.c.obj)
                0x0000000000001910                __stdout_hook_install
 .text.nordicsemi_nrf52_init
                0x000000000000191c       0x30 zephyr/soc/arm/nordic_nrf/nrf52/libsoc__arm__nordic_nrf__nrf52.a(soc.c.obj)
 .text.sys_arch_reboot
                0x000000000000194c       0x2c zephyr/soc/arm/nordic_nrf/nrf52/libsoc__arm__nordic_nrf__nrf52.a(soc.c.obj)
                0x000000000000194c                sys_arch_reboot
 .text.arch_busy_wait
                0x0000000000001978       0x18 zephyr/soc/arm/nordic_nrf/nrf52/libsoc__arm__nordic_nrf__nrf52.a(soc.c.obj)
                0x0000000000001978                arch_busy_wait
 .text.get_hf_flags
                0x0000000000001990        0x8 zephyr/drivers/clock_control/libdrivers__clock_control.a(clock_control_nrf.c.obj)
 .text.get_subsys
                0x0000000000001998       0x18 zephyr/drivers/clock_control/libdrivers__clock_control.a(clock_control_nrf.c.obj)
 .text.onoff_stop
                0x00000000000019b0       0x20 zephyr/drivers/clock_control/libdrivers__clock_control.a(clock_control_nrf.c.obj)
 .text.onoff_start
                0x00000000000019d0       0x34 zephyr/drivers/clock_control/libdrivers__clock_control.a(clock_control_nrf.c.obj)
 .text.generic_hfclk_start
                0x0000000000001a04       0x68 zephyr/drivers/clock_control/libdrivers__clock_control.a(clock_control_nrf.c.obj)
 .text.generic_hfclk_stop
                0x0000000000001a6c       0x30 zephyr/drivers/clock_control/libdrivers__clock_control.a(clock_control_nrf.c.obj)
 .text.api_blocking_start
                0x0000000000001a9c       0x38 zephyr/drivers/clock_control/libdrivers__clock_control.a(clock_control_nrf.c.obj)
 .text.lfclk_start
                0x0000000000001ad4       0x24 zephyr/drivers/clock_control/libdrivers__clock_control.a(clock_control_nrf.c.obj)
 .text.clk_init
                0x0000000000001af8       0x68 zephyr/drivers/clock_control/libdrivers__clock_control.a(clock_control_nrf.c.obj)
 .text.clock_event_handler
                0x0000000000001b60       0x40 zephyr/drivers/clock_control/libdrivers__clock_control.a(clock_control_nrf.c.obj)
 .text.lfclk_spinwait
                0x0000000000001ba0       0x94 zephyr/drivers/clock_control/libdrivers__clock_control.a(clock_control_nrf.c.obj)
 .text.z_nrf_clock_control_get_onoff
                0x0000000000001c34       0x10 zephyr/drivers/clock_control/libdrivers__clock_control.a(clock_control_nrf.c.obj)
                0x0000000000001c34                z_nrf_clock_control_get_onoff
 .text.z_nrf_clock_control_lf_on
                0x0000000000001c44       0x54 zephyr/drivers/clock_control/libdrivers__clock_control.a(clock_control_nrf.c.obj)
                0x0000000000001c44                z_nrf_clock_control_lf_on
 .text.get_temperature
                0x0000000000001c98       0x48 zephyr/drivers/clock_control/libdrivers__clock_control.a(nrf_clock_calibration.c.obj)
 .text.hf_release
                0x0000000000001ce0       0x10 zephyr/drivers/clock_control/libdrivers__clock_control.a(nrf_clock_calibration.c.obj)
 .text.start_cycle
                0x0000000000001cf0       0x30 zephyr/drivers/clock_control/libdrivers__clock_control.a(nrf_clock_calibration.c.obj)
 .text.start_hw_cal
                0x0000000000001d20       0x14 zephyr/drivers/clock_control/libdrivers__clock_control.a(nrf_clock_calibration.c.obj)
 .text.cal_hf_callback
                0x0000000000001d34       0x20 zephyr/drivers/clock_control/libdrivers__clock_control.a(nrf_clock_calibration.c.obj)
 .text.measure_temperature
                0x0000000000001d54       0x6c zephyr/drivers/clock_control/libdrivers__clock_control.a(nrf_clock_calibration.c.obj)
 .text.hf_request
                0x0000000000001dc0       0x1c zephyr/drivers/clock_control/libdrivers__clock_control.a(nrf_clock_calibration.c.obj)
 .text.start_cal_process
                0x0000000000001ddc       0x2c zephyr/drivers/clock_control/libdrivers__clock_control.a(nrf_clock_calibration.c.obj)
 .text.start_unconditional_cal_process
                0x0000000000001e08       0x14 zephyr/drivers/clock_control/libdrivers__clock_control.a(nrf_clock_calibration.c.obj)
 .text.temp_sensor_init
                0x0000000000001e1c       0x20 zephyr/drivers/clock_control/libdrivers__clock_control.a(nrf_clock_calibration.c.obj)
 .text.z_nrf_clock_calibration_init
                0x0000000000001e3c       0x1c zephyr/drivers/clock_control/libdrivers__clock_control.a(nrf_clock_calibration.c.obj)
                0x0000000000001e3c                z_nrf_clock_calibration_init
 .text.z_nrf_clock_calibration_lfclk_stopped
                0x0000000000001e58       0x10 zephyr/drivers/clock_control/libdrivers__clock_control.a(nrf_clock_calibration.c.obj)
                0x0000000000001e58                z_nrf_clock_calibration_lfclk_stopped
 .text.z_nrf_clock_calibration_done_handler
                0x0000000000001e68       0x14 zephyr/drivers/clock_control/libdrivers__clock_control.a(nrf_clock_calibration.c.obj)
                0x0000000000001e68                z_nrf_clock_calibration_done_handler
 .text.console_out
                0x0000000000001e7c       0x2c zephyr/drivers/console/libdrivers__console.a(uart_console.c.obj)
 .text.uart_console_hook_install
                0x0000000000001ea8       0x18 zephyr/drivers/console/libdrivers__console.a(uart_console.c.obj)
 .text.uart_console_init
                0x0000000000001ec0       0x24 zephyr/drivers/console/libdrivers__console.a(uart_console.c.obj)
 .text.get_dev  0x0000000000001ee4       0x10 zephyr/drivers/gpio/libdrivers__gpio.a(gpio_nrfx.c.obj)
 .text.gpio_nrfx_pin_interrupt_configure
                0x0000000000001ef4       0xbc zephyr/drivers/gpio/libdrivers__gpio.a(gpio_nrfx.c.obj)
 .text.pin_uninit
                0x0000000000001fb0       0x48 zephyr/drivers/gpio/libdrivers__gpio.a(gpio_nrfx.c.obj)
 .text.gpio_nrfx_pin_configure
                0x0000000000001ff8      0x104 zephyr/drivers/gpio/libdrivers__gpio.a(gpio_nrfx.c.obj)
 .text.gpio_nrfx_init
                0x00000000000020fc       0x3c zephyr/drivers/gpio/libdrivers__gpio.a(gpio_nrfx.c.obj)
 .text.i2c_nrfx_twim_recover_bus
                0x0000000000002138       0x28 zephyr/drivers/i2c/libdrivers__i2c.a(i2c_nrfx_twim.c.obj)
 .text.init_twim
                0x0000000000002160       0x30 zephyr/drivers/i2c/libdrivers__i2c.a(i2c_nrfx_twim.c.obj)
 .text.i2c_nrfx_twim_transfer
                0x0000000000002190      0x20c zephyr/drivers/i2c/libdrivers__i2c.a(i2c_nrfx_twim.c.obj)
 .text.event_handler
                0x000000000000239c       0x40 zephyr/drivers/i2c/libdrivers__i2c.a(i2c_nrfx_twim.c.obj)
 .text.hfclk_on_callback
                0x00000000000023dc        0xc zephyr/drivers/sensor/nrf5/libdrivers__sensor__nrf5.a(temp_nrf5.c.obj)
 .text.temp_nrf5_channel_get
                0x00000000000023e8       0x3c zephyr/drivers/sensor/nrf5/libdrivers__sensor__nrf5.a(temp_nrf5.c.obj)
 .text.temp_nrf5_sample_fetch
                0x0000000000002424       0x80 zephyr/drivers/sensor/nrf5/libdrivers__sensor__nrf5.a(temp_nrf5.c.obj)
 .text.temp_nrf5_init
                0x00000000000024a4       0x40 zephyr/drivers/sensor/nrf5/libdrivers__sensor__nrf5.a(temp_nrf5.c.obj)
 .text.temp_nrf5_isr
                0x00000000000024e4       0x1c zephyr/drivers/sensor/nrf5/libdrivers__sensor__nrf5.a(temp_nrf5.c.obj)
 .text.event_txdrdy_check
                0x0000000000002500       0x14 zephyr/drivers/serial/libdrivers__serial.a(uart_nrfx_uart.c.obj)
 .text.event_txdrdy_clear
                0x0000000000002514       0x14 zephyr/drivers/serial/libdrivers__serial.a(uart_nrfx_uart.c.obj)
 .text.baudrate_set
                0x0000000000002528      0x15c zephyr/drivers/serial/libdrivers__serial.a(uart_nrfx_uart.c.obj)
 .text.uart_nrfx_poll_in
                0x0000000000002684       0x28 zephyr/drivers/serial/libdrivers__serial.a(uart_nrfx_uart.c.obj)
 .text.uart_nrfx_err_check
                0x00000000000026ac       0x10 zephyr/drivers/serial/libdrivers__serial.a(uart_nrfx_uart.c.obj)
 .text.uart_nrfx_configure
                0x00000000000026bc       0x78 zephyr/drivers/serial/libdrivers__serial.a(uart_nrfx_uart.c.obj)
 .text.uart_nrfx_poll_out
                0x0000000000002734       0x7c zephyr/drivers/serial/libdrivers__serial.a(uart_nrfx_uart.c.obj)
 .text.uart_nrfx_init
                0x00000000000027b0       0x58 zephyr/drivers/serial/libdrivers__serial.a(uart_nrfx_uart.c.obj)
 .text.set_comparator
                0x0000000000002808       0x14 zephyr/drivers/timer/libdrivers__timer.a(nrf_rtc_timer.c.obj)
 .text.get_comparator
                0x000000000000281c       0x10 zephyr/drivers/timer/libdrivers__timer.a(nrf_rtc_timer.c.obj)
 .text.event_enable
                0x000000000000282c       0x14 zephyr/drivers/timer/libdrivers__timer.a(nrf_rtc_timer.c.obj)
 .text.event_disable
                0x0000000000002840       0x14 zephyr/drivers/timer/libdrivers__timer.a(nrf_rtc_timer.c.obj)
 .text.counter  0x0000000000002854        0xc zephyr/drivers/timer/libdrivers__timer.a(nrf_rtc_timer.c.obj)
 .text.compare_int_lock
                0x0000000000002860       0x50 zephyr/drivers/timer/libdrivers__timer.a(nrf_rtc_timer.c.obj)
 .text.channel_processing_check_and_clear
                0x00000000000028b0       0x78 zephyr/drivers/timer/libdrivers__timer.a(nrf_rtc_timer.c.obj)
 .text.compare_int_unlock
                0x0000000000002928       0x60 zephyr/drivers/timer/libdrivers__timer.a(nrf_rtc_timer.c.obj)
 .text.sys_clock_timeout_handler
                0x0000000000002988       0x78 zephyr/drivers/timer/libdrivers__timer.a(nrf_rtc_timer.c.obj)
 .text.z_nrf_rtc_timer_read
                0x0000000000002a00       0x40 zephyr/drivers/timer/libdrivers__timer.a(nrf_rtc_timer.c.obj)
                0x0000000000002a00                z_nrf_rtc_timer_read
 .text.compare_set_nolocks
                0x0000000000002a40       0xa0 zephyr/drivers/timer/libdrivers__timer.a(nrf_rtc_timer.c.obj)
 .text.sys_clock_driver_init
                0x0000000000002ae0       0x94 zephyr/drivers/timer/libdrivers__timer.a(nrf_rtc_timer.c.obj)
 .text.process_channel
                0x0000000000002b74       0x74 zephyr/drivers/timer/libdrivers__timer.a(nrf_rtc_timer.c.obj)
 .text.rtc_nrf_isr
                0x0000000000002be8       0x44 zephyr/drivers/timer/libdrivers__timer.a(nrf_rtc_timer.c.obj)
                0x0000000000002be8                rtc_nrf_isr
 .text.sys_clock_set_timeout
                0x0000000000002c2c       0x64 zephyr/drivers/timer/libdrivers__timer.a(nrf_rtc_timer.c.obj)
                0x0000000000002c2c                sys_clock_set_timeout
 .text.sys_clock_elapsed
                0x0000000000002c90       0x14 zephyr/drivers/timer/libdrivers__timer.a(nrf_rtc_timer.c.obj)
                0x0000000000002c90                sys_clock_elapsed
 .text.pinctrl_configure_pins
                0x0000000000002ca4      0x2cc zephyr/drivers/pinctrl/libdrivers__pinctrl.a(pinctrl_nrf.c.obj)
                0x0000000000002ca4                pinctrl_configure_pins
 .text.__NVIC_SystemReset
                0x0000000000002f70       0x24 modules/hal_nordic/nrfx/libmodules__hal_nordic__nrfx.a(system_nrf52.c.obj)
 .text.nvmc_wait
                0x0000000000002f94       0x10 modules/hal_nordic/nrfx/libmodules__hal_nordic__nrfx.a(system_nrf52.c.obj)
                0x0000000000002f94                nvmc_wait
 .text.nvmc_config
                0x0000000000002fa4       0x14 modules/hal_nordic/nrfx/libmodules__hal_nordic__nrfx.a(system_nrf52.c.obj)
                0x0000000000002fa4                nvmc_config
 .text.SystemCoreClockUpdate
                0x0000000000002fb8       0x10 modules/hal_nordic/nrfx/libmodules__hal_nordic__nrfx.a(system_nrf52.c.obj)
                0x0000000000002fb8                SystemCoreClockUpdate
 .text.SystemInit
                0x0000000000002fc8      0x228 modules/hal_nordic/nrfx/libmodules__hal_nordic__nrfx.a(system_nrf52.c.obj)
                0x0000000000002fc8                SystemInit
 .text.nrfx_flag32_alloc
                0x00000000000031f0       0x50 modules/hal_nordic/nrfx/libmodules__hal_nordic__nrfx.a(nrfx_flag32_allocator.c.obj)
                0x00000000000031f0                nrfx_flag32_alloc
 .text.nrfx_flag32_free
                0x0000000000003240       0x44 modules/hal_nordic/nrfx/libmodules__hal_nordic__nrfx.a(nrfx_flag32_allocator.c.obj)
                0x0000000000003240                nrfx_flag32_free
 .text.nrfx_clock_anomaly_132
                0x0000000000003284       0x40 modules/hal_nordic/nrfx/libmodules__hal_nordic__nrfx.a(nrfx_clock.c.obj)
 .text.clock_stop
                0x00000000000032c4       0xd4 modules/hal_nordic/nrfx/libmodules__hal_nordic__nrfx.a(nrfx_clock.c.obj)
 .text.nrfx_clock_init
                0x0000000000003398       0x28 modules/hal_nordic/nrfx/libmodules__hal_nordic__nrfx.a(nrfx_clock.c.obj)
                0x0000000000003398                nrfx_clock_init
 .text.nrfx_clock_calibration_start
                0x00000000000033c0       0x80 modules/hal_nordic/nrfx/libmodules__hal_nordic__nrfx.a(nrfx_clock.c.obj)
                0x00000000000033c0                nrfx_clock_calibration_start
 .text.nrfx_power_clock_irq_handler
                0x0000000000003440       0x98 modules/hal_nordic/nrfx/libmodules__hal_nordic__nrfx.a(nrfx_clock.c.obj)
                0x0000000000003440                nrfx_power_clock_irq_handler
 .text.pin_in_use
                0x00000000000034d8       0x14 modules/hal_nordic/nrfx/libmodules__hal_nordic__nrfx.a(nrfx_gpiote.c.obj)
 .text.pin_in_use_by_te
                0x00000000000034ec       0x14 modules/hal_nordic/nrfx/libmodules__hal_nordic__nrfx.a(nrfx_gpiote.c.obj)
 .text.pin_has_trigger
                0x0000000000003500       0x18 modules/hal_nordic/nrfx/libmodules__hal_nordic__nrfx.a(nrfx_gpiote.c.obj)
 .text.pin_is_output
                0x0000000000003518       0x14 modules/hal_nordic/nrfx/libmodules__hal_nordic__nrfx.a(nrfx_gpiote.c.obj)
 .text.pin_te_get
                0x000000000000352c       0x10 modules/hal_nordic/nrfx/libmodules__hal_nordic__nrfx.a(nrfx_gpiote.c.obj)
 .text.handler_in_use
                0x000000000000353c       0x34 modules/hal_nordic/nrfx/libmodules__hal_nordic__nrfx.a(nrfx_gpiote.c.obj)
 .text.find_handler
                0x0000000000003570       0x2c modules/hal_nordic/nrfx/libmodules__hal_nordic__nrfx.a(nrfx_gpiote.c.obj)
 .text.channel_handler_get
                0x000000000000359c       0x20 modules/hal_nordic/nrfx/libmodules__hal_nordic__nrfx.a(nrfx_gpiote.c.obj)
 .text.call_handler
                0x00000000000035bc       0x2c modules/hal_nordic/nrfx/libmodules__hal_nordic__nrfx.a(nrfx_gpiote.c.obj)
 .text.release_handler
                0x00000000000035e8       0x44 modules/hal_nordic/nrfx/libmodules__hal_nordic__nrfx.a(nrfx_gpiote.c.obj)
 .text.pin_handler_trigger_uninit
                0x000000000000362c       0x38 modules/hal_nordic/nrfx/libmodules__hal_nordic__nrfx.a(nrfx_gpiote.c.obj)
 .text.pin_handler_set
                0x0000000000003664       0x6c modules/hal_nordic/nrfx/libmodules__hal_nordic__nrfx.a(nrfx_gpiote.c.obj)
 .text.port_event_handle
                0x00000000000036d0       0xa8 modules/hal_nordic/nrfx/libmodules__hal_nordic__nrfx.a(nrfx_gpiote.c.obj)
 .text.gpiote_evt_handle
                0x0000000000003778       0x44 modules/hal_nordic/nrfx/libmodules__hal_nordic__nrfx.a(nrfx_gpiote.c.obj)
 .text.nrfx_gpiote_input_configure
                0x00000000000037bc      0x164 modules/hal_nordic/nrfx/libmodules__hal_nordic__nrfx.a(nrfx_gpiote.c.obj)
                0x00000000000037bc                nrfx_gpiote_input_configure
 .text.nrfx_gpiote_output_configure
                0x0000000000003920      0x16c modules/hal_nordic/nrfx/libmodules__hal_nordic__nrfx.a(nrfx_gpiote.c.obj)
                0x0000000000003920                nrfx_gpiote_output_configure
 .text.nrfx_gpiote_global_callback_set
                0x0000000000003a8c        0xc modules/hal_nordic/nrfx/libmodules__hal_nordic__nrfx.a(nrfx_gpiote.c.obj)
                0x0000000000003a8c                nrfx_gpiote_global_callback_set
 .text.nrfx_gpiote_channel_get
                0x0000000000003a98       0x30 modules/hal_nordic/nrfx/libmodules__hal_nordic__nrfx.a(nrfx_gpiote.c.obj)
                0x0000000000003a98                nrfx_gpiote_channel_get
 .text.nrfx_gpiote_init
                0x0000000000003ac8       0x54 modules/hal_nordic/nrfx/libmodules__hal_nordic__nrfx.a(nrfx_gpiote.c.obj)
                0x0000000000003ac8                nrfx_gpiote_init
 .text.nrfx_gpiote_is_init
                0x0000000000003b1c       0x14 modules/hal_nordic/nrfx/libmodules__hal_nordic__nrfx.a(nrfx_gpiote.c.obj)
                0x0000000000003b1c                nrfx_gpiote_is_init
 .text.nrfx_gpiote_channel_free
                0x0000000000003b30       0x10 modules/hal_nordic/nrfx/libmodules__hal_nordic__nrfx.a(nrfx_gpiote.c.obj)
                0x0000000000003b30                nrfx_gpiote_channel_free
 .text.nrfx_gpiote_channel_alloc
                0x0000000000003b40       0x10 modules/hal_nordic/nrfx/libmodules__hal_nordic__nrfx.a(nrfx_gpiote.c.obj)
                0x0000000000003b40                nrfx_gpiote_channel_alloc
 .text.nrfx_gpiote_trigger_enable
                0x0000000000003b50       0xb0 modules/hal_nordic/nrfx/libmodules__hal_nordic__nrfx.a(nrfx_gpiote.c.obj)
                0x0000000000003b50                nrfx_gpiote_trigger_enable
 .text.nrfx_gpiote_trigger_disable
                0x0000000000003c00       0x54 modules/hal_nordic/nrfx/libmodules__hal_nordic__nrfx.a(nrfx_gpiote.c.obj)
                0x0000000000003c00                nrfx_gpiote_trigger_disable
 .text.nrfx_gpiote_pin_uninit
                0x0000000000003c54       0x38 modules/hal_nordic/nrfx/libmodules__hal_nordic__nrfx.a(nrfx_gpiote.c.obj)
                0x0000000000003c54                nrfx_gpiote_pin_uninit
 .text.nrfx_gpiote_irq_handler
                0x0000000000003c8c       0x60 modules/hal_nordic/nrfx/libmodules__hal_nordic__nrfx.a(nrfx_gpiote.c.obj)
                0x0000000000003c8c                nrfx_gpiote_irq_handler
 .text.twi_process_error
                0x0000000000003cec       0x34 modules/hal_nordic/nrfx/libmodules__hal_nordic__nrfx.a(nrfx_twim.c.obj)
 .text.twim_xfer
                0x0000000000003d20      0x2b0 modules/hal_nordic/nrfx/libmodules__hal_nordic__nrfx.a(nrfx_twim.c.obj)
 .text.twim_irq_handler
                0x0000000000003fd0      0x1dc modules/hal_nordic/nrfx/libmodules__hal_nordic__nrfx.a(nrfx_twim.c.obj)
 .text.nrfx_twim_init
                0x00000000000041ac       0x94 modules/hal_nordic/nrfx/libmodules__hal_nordic__nrfx.a(nrfx_twim.c.obj)
                0x00000000000041ac                nrfx_twim_init
 .text.nrfx_twim_enable
                0x0000000000004240       0x20 modules/hal_nordic/nrfx/libmodules__hal_nordic__nrfx.a(nrfx_twim.c.obj)
                0x0000000000004240                nrfx_twim_enable
 .text.nrfx_twim_disable
                0x0000000000004260       0x3c modules/hal_nordic/nrfx/libmodules__hal_nordic__nrfx.a(nrfx_twim.c.obj)
                0x0000000000004260                nrfx_twim_disable
 .text.nrfx_twim_uninit
                0x000000000000429c       0x7c modules/hal_nordic/nrfx/libmodules__hal_nordic__nrfx.a(nrfx_twim.c.obj)
                0x000000000000429c                nrfx_twim_uninit
 .text.nrfx_twim_xfer
                0x0000000000004318       0x20 modules/hal_nordic/nrfx/libmodules__hal_nordic__nrfx.a(nrfx_twim.c.obj)
                0x0000000000004318                nrfx_twim_xfer
 .text.nrfx_twim_0_irq_handler
                0x0000000000004338       0x14 modules/hal_nordic/nrfx/libmodules__hal_nordic__nrfx.a(nrfx_twim.c.obj)
                0x0000000000004338                nrfx_twim_0_irq_handler
 .text.nrfx_twi_twim_bus_recover
                0x000000000000434c       0xac modules/hal_nordic/nrfx/libmodules__hal_nordic__nrfx.a(nrfx_twi_twim.c.obj)
                0x000000000000434c                nrfx_twi_twim_bus_recover
 .text._DoInit  0x00000000000043f8       0x6c modules/segger/libmodules__segger.a(SEGGER_RTT.c.obj)
 .text.z_device_state_init
                0x0000000000004464       0x18 zephyr/kernel/libkernel.a(device.c.obj)
                0x0000000000004464                z_device_state_init
 .text.z_sys_init_run_level
                0x000000000000447c       0x50 zephyr/kernel/libkernel.a(device.c.obj)
                0x000000000000447c                z_sys_init_run_level
 .text.init_idle_thread
                0x00000000000044cc       0x60 zephyr/kernel/libkernel.a(init.c.obj)
 .text.bg_thread_main
                0x000000000000452c       0x34 zephyr/kernel/libkernel.a(init.c.obj)
 .text.switch_to_main_thread
                0x0000000000004560       0x14 zephyr/kernel/libkernel.a(init.c.obj)
 .text.z_bss_zero
                0x0000000000004574       0x18 zephyr/kernel/libkernel.a(init.c.obj)
                0x0000000000004574                z_bss_zero
 .text.z_init_cpu
                0x000000000000458c       0x44 zephyr/kernel/libkernel.a(init.c.obj)
                0x000000000000458c                z_init_cpu
 .text.prepare_multithreading
                0x00000000000045d0       0x60 zephyr/kernel/libkernel.a(init.c.obj)
 .text.z_cstart
                0x0000000000004630       0x88 zephyr/kernel/libkernel.a(init.c.obj)
                0x0000000000004630                z_cstart
 .text.z_thread_monitor_exit
                0x00000000000046b8       0x40 zephyr/kernel/libkernel.a(thread.c.obj)
                0x00000000000046b8                z_thread_monitor_exit
 .text.z_impl_k_thread_name_set
                0x00000000000046f8       0x24 zephyr/kernel/libkernel.a(thread.c.obj)
                0x00000000000046f8                z_impl_k_thread_name_set
 .text.schedule_new_thread
                0x000000000000471c       0x1c zephyr/kernel/libkernel.a(thread.c.obj)
 .text.z_setup_new_thread
                0x0000000000004738       0xc8 zephyr/kernel/libkernel.a(thread.c.obj)
                0x0000000000004738                z_setup_new_thread
 .text.z_init_static_threads
                0x0000000000004800       0x94 zephyr/kernel/libkernel.a(thread.c.obj)
                0x0000000000004800                z_init_static_threads
 .text.idle     0x0000000000004894       0x3c zephyr/kernel/libkernel.a(idle.c.obj)
                0x0000000000004894                idle
 .text.z_impl_k_mutex_lock
                0x00000000000048d0      0x114 zephyr/kernel/libkernel.a(mutex.c.obj)
                0x00000000000048d0                z_impl_k_mutex_lock
 .text.z_impl_k_mutex_unlock
                0x00000000000049e4       0x88 zephyr/kernel/libkernel.a(mutex.c.obj)
                0x00000000000049e4                z_impl_k_mutex_unlock
 .text.z_impl_k_sem_give
                0x0000000000004a6c       0x48 zephyr/kernel/libkernel.a(sem.c.obj)
                0x0000000000004a6c                z_impl_k_sem_give
 .text.z_impl_k_sem_take
                0x0000000000004ab4       0x50 zephyr/kernel/libkernel.a(sem.c.obj)
                0x0000000000004ab4                z_impl_k_sem_take
 .text.submit_to_queue_locked
                0x0000000000004b04       0xd8 zephyr/kernel/libkernel.a(work.c.obj)
 .text.finalize_cancel_locked
                0x0000000000004bdc       0x7c zephyr/kernel/libkernel.a(work.c.obj)
 .text.work_queue_main
                0x0000000000004c58       0xf0 zephyr/kernel/libkernel.a(work.c.obj)
 .text.k_work_submit
                0x0000000000004d48       0x10 zephyr/kernel/libkernel.a(work.c.obj)
                0x0000000000004d48                k_work_submit
 .text.k_work_queue_start
                0x0000000000004d58       0x7c zephyr/kernel/libkernel.a(work.c.obj)
                0x0000000000004d58                k_work_queue_start
 .text.add_thread_timeout
                0x0000000000004dd4       0x20 zephyr/kernel/libkernel.a(sched.c.obj)
 .text.z_reset_time_slice
                0x0000000000004df4       0x28 zephyr/kernel/libkernel.a(sched.c.obj)
                0x0000000000004df4                z_reset_time_slice
 .text.k_sched_time_slice_set
                0x0000000000004e1c       0x74 zephyr/kernel/libkernel.a(sched.c.obj)
                0x0000000000004e1c                k_sched_time_slice_set
 .text.z_reschedule
                0x0000000000004e90       0x38 zephyr/kernel/libkernel.a(sched.c.obj)
                0x0000000000004e90                z_reschedule
 .text.k_sched_lock
                0x0000000000004ec8       0x34 zephyr/kernel/libkernel.a(sched.c.obj)
                0x0000000000004ec8                k_sched_lock
 .text.update_cache
                0x0000000000004efc       0x50 zephyr/kernel/libkernel.a(sched.c.obj)
 .text.move_thread_to_end_of_prio_q
                0x0000000000004f4c       0x88 zephyr/kernel/libkernel.a(sched.c.obj)
 .text.slice_expired_locked
                0x0000000000004fd4       0x28 zephyr/kernel/libkernel.a(sched.c.obj)
 .text.z_time_slice
                0x0000000000004ffc       0xb0 zephyr/kernel/libkernel.a(sched.c.obj)
                0x0000000000004ffc                z_time_slice
 .text.ready_thread
                0x00000000000050ac       0x80 zephyr/kernel/libkernel.a(sched.c.obj)
 .text.z_sched_start
                0x000000000000512c       0x3c zephyr/kernel/libkernel.a(sched.c.obj)
                0x000000000000512c                z_sched_start
 .text.unready_thread
                0x0000000000005168       0x38 zephyr/kernel/libkernel.a(sched.c.obj)
 .text.z_pend_curr
                0x00000000000051a0       0x28 zephyr/kernel/libkernel.a(sched.c.obj)
                0x00000000000051a0                z_pend_curr
 .text.z_set_prio
                0x00000000000051c8       0xc0 zephyr/kernel/libkernel.a(sched.c.obj)
                0x00000000000051c8                z_set_prio
 .text.z_impl_k_thread_suspend
                0x0000000000005288       0x84 zephyr/kernel/libkernel.a(sched.c.obj)
                0x0000000000005288                z_impl_k_thread_suspend
 .text.k_sched_unlock
                0x000000000000530c       0x50 zephyr/kernel/libkernel.a(sched.c.obj)
                0x000000000000530c                k_sched_unlock
 .text.end_thread
                0x000000000000535c       0x9c zephyr/kernel/libkernel.a(sched.c.obj)
 .text.z_sched_init
                0x00000000000053f8       0x18 zephyr/kernel/libkernel.a(sched.c.obj)
                0x00000000000053f8                z_sched_init
 .text.z_impl_k_yield
                0x0000000000005410       0x88 zephyr/kernel/libkernel.a(sched.c.obj)
                0x0000000000005410                z_impl_k_yield
 .text.z_tick_sleep
                0x0000000000005498       0x98 zephyr/kernel/libkernel.a(sched.c.obj)
 .text.z_impl_k_sleep
                0x0000000000005530       0x58 zephyr/kernel/libkernel.a(sched.c.obj)
                0x0000000000005530                z_impl_k_sleep
 .text.z_impl_z_current_get
                0x0000000000005588        0xc zephyr/kernel/libkernel.a(sched.c.obj)
                0x0000000000005588                z_impl_z_current_get
 .text.z_thread_abort
                0x0000000000005594       0x50 zephyr/kernel/libkernel.a(sched.c.obj)
                0x0000000000005594                z_thread_abort
 .text.z_sched_wait
                0x00000000000055e4       0x28 zephyr/kernel/libkernel.a(sched.c.obj)
                0x00000000000055e4                z_sched_wait
 .text.z_data_copy
                0x000000000000560c       0x34 zephyr/kernel/libkernel.a(xip.c.obj)
                0x000000000000560c                z_data_copy
 .text.first    0x0000000000005640       0x14 zephyr/kernel/libkernel.a(timeout.c.obj)
 .text.next     0x0000000000005654       0x18 zephyr/kernel/libkernel.a(timeout.c.obj)
 .text.elapsed  0x000000000000566c       0x18 zephyr/kernel/libkernel.a(timeout.c.obj)
 .text.next_timeout
                0x0000000000005684       0x4c zephyr/kernel/libkernel.a(timeout.c.obj)
 .text.z_add_timeout
                0x00000000000056d0      0x118 zephyr/kernel/libkernel.a(timeout.c.obj)
                0x00000000000056d0                z_add_timeout
 .text.sys_clock_announce
                0x00000000000057e8       0xc4 zephyr/kernel/libkernel.a(timeout.c.obj)
                0x00000000000057e8                sys_clock_announce
 .text.sys_clock_tick_get
                0x00000000000058ac       0x40 zephyr/kernel/libkernel.a(timeout.c.obj)
                0x00000000000058ac                sys_clock_tick_get
 .text.z_timer_expiration_handler
                0x00000000000058ec       0x98 zephyr/kernel/libkernel.a(timer.c.obj)
                0x00000000000058ec                z_timer_expiration_handler
 .text.z_impl_k_timer_start
                0x0000000000005984       0xac zephyr/kernel/libkernel.a(timer.c.obj)
                0x0000000000005984                z_impl_k_timer_start
 .text.boot_banner
                0x0000000000005a30       0x1c zephyr/kernel/libkernel.a(banner.c.obj)
                0x0000000000005a30                boot_banner
 .text.k_sys_work_q_init
                0x0000000000005a4c       0x34 zephyr/kernel/libkernel.a(system_work_q.c.obj)
 .text.blink    0x0000000000005a80       0x9e app/libapp.a(led.c.obj)
                0x0000000000005a80                blink
 .text.sys_notify_validate
                0x0000000000005b1e       0x2e zephyr/libzephyr.a(notify.c.obj)
                0x0000000000005b1e                sys_notify_validate
 .text.sys_notify_finalize
                0x0000000000005b4c       0x1a zephyr/libzephyr.a(notify.c.obj)
                0x0000000000005b4c                sys_notify_finalize
 .text.arch_printk_char_out
                0x0000000000005b66        0x4 zephyr/libzephyr.a(printk.c.obj)
                0x0000000000005b66                arch_printk_char_out
 .text.printk   0x0000000000005b6a       0x1c zephyr/libzephyr.a(printk.c.obj)
                0x0000000000005b6a                printk
 .text.set_state
                0x0000000000005b86       0x10 zephyr/libzephyr.a(onoff.c.obj)
 .text.notify_monitors
                0x0000000000005b96       0x3e zephyr/libzephyr.a(onoff.c.obj)
 .text.process_recheck
                0x0000000000005bd4       0x32 zephyr/libzephyr.a(onoff.c.obj)
 .text.process_complete
                0x0000000000005c06       0x9c zephyr/libzephyr.a(onoff.c.obj)
 .text.validate_args
                0x0000000000005ca2       0x2c zephyr/libzephyr.a(onoff.c.obj)
 .text.notify_one
                0x0000000000005cce       0x26 zephyr/libzephyr.a(onoff.c.obj)
 .text.notify_all
                0x0000000000005cf4       0x2e zephyr/libzephyr.a(onoff.c.obj)
 .text.transition_complete
                0x0000000000005d22       0x1c zephyr/libzephyr.a(onoff.c.obj)
 .text.onoff_manager_init
                0x0000000000005d3e       0x3a zephyr/libzephyr.a(onoff.c.obj)
                0x0000000000005d3e                onoff_manager_init
 .text.onoff_request
                0x0000000000005d78       0xb8 zephyr/libzephyr.a(onoff.c.obj)
                0x0000000000005d78                onoff_request
 .text.onoff_release
                0x0000000000005e30       0x4c zephyr/libzephyr.a(onoff.c.obj)
                0x0000000000005e30                onoff_release
 .text.z_thread_entry
                0x0000000000005e7c       0x14 zephyr/libzephyr.a(thread_entry.c.obj)
                0x0000000000005e7c                z_thread_entry
 .text.extract_decimal
                0x0000000000005e90       0x24 zephyr/libzephyr.a(cbprintf_complete.c.obj)
 .text.encode_uint
                0x0000000000005eb4       0xd4 zephyr/libzephyr.a(cbprintf_complete.c.obj)
 .text.outs     0x0000000000005f88       0x34 zephyr/libzephyr.a(cbprintf_complete.c.obj)
 .text._ConfigAbsSyms
                0x0000000000005fbc        0x2 zephyr/libzephyr.a(configs.c.obj)
                0x0000000000005fbc                _ConfigAbsSyms
 .text.z_arm_fatal_error
                0x0000000000005fbe        0x8 zephyr/arch/arch/arm/core/aarch32/libarch__arm__core__aarch32.a(fatal.c.obj)
                0x0000000000005fbe                z_arm_fatal_error
 .text.z_do_kernel_oops
                0x0000000000005fc6        0xc zephyr/arch/arch/arm/core/aarch32/libarch__arm__core__aarch32.a(fatal.c.obj)
                0x0000000000005fc6                z_do_kernel_oops
 .text.z_irq_spurious
                0x0000000000005fd2        0xc zephyr/arch/arch/arm/core/aarch32/libarch__arm__core__aarch32.a(irq_manage.c.obj)
                0x0000000000005fd2                z_irq_spurious
 .text.z_arm_nmi
                0x0000000000005fde        0xc zephyr/arch/arch/arm/core/aarch32/libarch__arm__core__aarch32.a(nmi.c.obj)
                0x0000000000005fde                z_arm_nmi
 .text.memory_fault_recoverable
                0x0000000000005fea        0x4 zephyr/arch/arch/arm/core/aarch32/cortex_m/libarch__arm__core__aarch32__cortex_m.a(fault.c.obj)
 .text.debug_monitor
                0x0000000000005fee        0x6 zephyr/arch/arch/arm/core/aarch32/cortex_m/libarch__arm__core__aarch32__cortex_m.a(fault.c.obj)
 .text.fault_handle
                0x0000000000005ff4       0x46 zephyr/arch/arch/arm/core/aarch32/cortex_m/libarch__arm__core__aarch32__cortex_m.a(fault.c.obj)
 .text.mpu_partition_is_valid
                0x000000000000603a       0x22 zephyr/arch/arch/arm/core/aarch32/mpu/libarch__arm__core__aarch32__mpu.a(arm_mpu.c.obj)
 .text.region_allocate_and_init
                0x000000000000605c       0x16 zephyr/arch/arch/arm/core/aarch32/mpu/libarch__arm__core__aarch32__mpu.a(arm_mpu.c.obj)
 .text.mpu_configure_region
                0x0000000000006072       0x3e zephyr/arch/arch/arm/core/aarch32/mpu/libarch__arm__core__aarch32__mpu.a(arm_mpu.c.obj)
 .text.mpu_configure_regions
                0x00000000000060b0       0x50 zephyr/arch/arch/arm/core/aarch32/mpu/libarch__arm__core__aarch32__mpu.a(arm_mpu.c.obj)
 .text.arm_core_mpu_configure_static_mpu_regions
                0x0000000000006100        0x8 zephyr/arch/arch/arm/core/aarch32/mpu/libarch__arm__core__aarch32__mpu.a(arm_mpu.c.obj)
                0x0000000000006100                arm_core_mpu_configure_static_mpu_regions
 .text.arm_core_mpu_configure_dynamic_mpu_regions
                0x0000000000006108        0x8 zephyr/arch/arch/arm/core/aarch32/mpu/libarch__arm__core__aarch32__mpu.a(arm_mpu.c.obj)
                0x0000000000006108                arm_core_mpu_configure_dynamic_mpu_regions
 .text.strcpy   0x0000000000006110       0x14 zephyr/lib/libc/minimal/liblib__libc__minimal.a(string.c.obj)
                0x0000000000006110                strcpy
 .text.strncpy  0x0000000000006124       0x34 zephyr/lib/libc/minimal/liblib__libc__minimal.a(string.c.obj)
                0x0000000000006124                strncpy
 .text.strlen   0x0000000000006158       0x12 zephyr/lib/libc/minimal/liblib__libc__minimal.a(string.c.obj)
                0x0000000000006158                strlen
 .text.strnlen  0x000000000000616a       0x14 zephyr/lib/libc/minimal/liblib__libc__minimal.a(string.c.obj)
                0x000000000000616a                strnlen
 .text.memcpy   0x000000000000617e       0x5e zephyr/lib/libc/minimal/liblib__libc__minimal.a(string.c.obj)
                0x000000000000617e                memcpy
 .text.memset   0x00000000000061dc       0x3c zephyr/lib/libc/minimal/liblib__libc__minimal.a(string.c.obj)
                0x00000000000061dc                memset
 .text._stdout_hook_default
                0x0000000000006218        0x6 zephyr/lib/libc/minimal/liblib__libc__minimal.a(stdout_console.c.obj)
 .text.pm_state_set
                0x000000000000621e       0x18 zephyr/soc/arm/nordic_nrf/nrf52/libsoc__arm__nordic_nrf__nrf52.a(power.c.obj)
                0x000000000000621e                pm_state_set
 .text.pm_state_exit_post_ops
                0x0000000000006236        0xc zephyr/soc/arm/nordic_nrf/nrf52/libsoc__arm__nordic_nrf__nrf52.a(power.c.obj)
                0x0000000000006236                pm_state_exit_post_ops
 .text.get_sub_data
                0x0000000000006242        0xe zephyr/drivers/clock_control/libdrivers__clock_control.a(clock_control_nrf.c.obj)
 .text.get_sub_config
                0x0000000000006250        0x8 zephyr/drivers/clock_control/libdrivers__clock_control.a(clock_control_nrf.c.obj)
 .text.get_onoff_manager
                0x0000000000006258        0xc zephyr/drivers/clock_control/libdrivers__clock_control.a(clock_control_nrf.c.obj)
 .text.get_status
                0x0000000000006264       0x10 zephyr/drivers/clock_control/libdrivers__clock_control.a(clock_control_nrf.c.obj)
 .text.set_off_state
                0x0000000000006274       0x32 zephyr/drivers/clock_control/libdrivers__clock_control.a(clock_control_nrf.c.obj)
 .text.set_starting_state
                0x00000000000062a6       0x3c zephyr/drivers/clock_control/libdrivers__clock_control.a(clock_control_nrf.c.obj)
 .text.set_on_state
                0x00000000000062e2       0x26 zephyr/drivers/clock_control/libdrivers__clock_control.a(clock_control_nrf.c.obj)
 .text.clkstarted_handle
                0x0000000000006308       0x24 zephyr/drivers/clock_control/libdrivers__clock_control.a(clock_control_nrf.c.obj)
 .text.stop     0x000000000000632c       0x2a zephyr/drivers/clock_control/libdrivers__clock_control.a(clock_control_nrf.c.obj)
 .text.api_stop
                0x0000000000006356        0xa zephyr/drivers/clock_control/libdrivers__clock_control.a(clock_control_nrf.c.obj)
 .text.async_start
                0x0000000000006360       0x38 zephyr/drivers/clock_control/libdrivers__clock_control.a(clock_control_nrf.c.obj)
 .text.api_start
                0x0000000000006398       0x10 zephyr/drivers/clock_control/libdrivers__clock_control.a(clock_control_nrf.c.obj)
 .text.onoff_started_callback
                0x00000000000063a8       0x10 zephyr/drivers/clock_control/libdrivers__clock_control.a(clock_control_nrf.c.obj)
 .text.hfclk_start
                0x00000000000063b8        0xa zephyr/drivers/clock_control/libdrivers__clock_control.a(clock_control_nrf.c.obj)
 .text.hfclk_stop
                0x00000000000063c2        0xa zephyr/drivers/clock_control/libdrivers__clock_control.a(clock_control_nrf.c.obj)
 .text.blocking_start_callback
                0x00000000000063cc        0xa zephyr/drivers/clock_control/libdrivers__clock_control.a(clock_control_nrf.c.obj)
 .text.lfclk_stop
                0x00000000000063d6        0xe zephyr/drivers/clock_control/libdrivers__clock_control.a(clock_control_nrf.c.obj)
 .text.clk_release
                0x00000000000063e4        0x8 zephyr/drivers/clock_control/libdrivers__clock_control.a(nrf_clock_calibration.c.obj)
 .text.clk_request
                0x00000000000063ec       0x16 zephyr/drivers/clock_control/libdrivers__clock_control.a(nrf_clock_calibration.c.obj)
 .text.timeout_handler
                0x0000000000006402        0x8 zephyr/drivers/clock_control/libdrivers__clock_control.a(nrf_clock_calibration.c.obj)
 .text.z_nrf_clock_calibration_lfclk_started
                0x000000000000640a        0x8 zephyr/drivers/clock_control/libdrivers__clock_control.a(nrf_clock_calibration.c.obj)
                0x000000000000640a                z_nrf_clock_calibration_lfclk_started
 .text.get_drive
                0x0000000000006412       0x8c zephyr/drivers/gpio/libdrivers__gpio.a(gpio_nrfx.c.obj)
 .text.get_pull
                0x000000000000649e       0x18 zephyr/drivers/gpio/libdrivers__gpio.a(gpio_nrfx.c.obj)
 .text.gpio_nrfx_port_get_raw
                0x00000000000064b6        0xe zephyr/drivers/gpio/libdrivers__gpio.a(gpio_nrfx.c.obj)
 .text.gpio_nrfx_port_set_masked_raw
                0x00000000000064c4       0x16 zephyr/drivers/gpio/libdrivers__gpio.a(gpio_nrfx.c.obj)
 .text.gpio_nrfx_port_set_bits_raw
                0x00000000000064da        0xc zephyr/drivers/gpio/libdrivers__gpio.a(gpio_nrfx.c.obj)
 .text.gpio_nrfx_port_clear_bits_raw
                0x00000000000064e6        0xc zephyr/drivers/gpio/libdrivers__gpio.a(gpio_nrfx.c.obj)
 .text.gpio_nrfx_port_toggle_bits
                0x00000000000064f2       0x12 zephyr/drivers/gpio/libdrivers__gpio.a(gpio_nrfx.c.obj)
 .text.get_trigger
                0x0000000000006504       0x2c zephyr/drivers/gpio/libdrivers__gpio.a(gpio_nrfx.c.obj)
 .text.gpio_nrfx_manage_callback
                0x0000000000006530       0x72 zephyr/drivers/gpio/libdrivers__gpio.a(gpio_nrfx.c.obj)
 .text.nrfx_gpio_handler
                0x00000000000065a2       0x48 zephyr/drivers/gpio/libdrivers__gpio.a(gpio_nrfx.c.obj)
 .text.deinit_twim
                0x00000000000065ea       0x1c zephyr/drivers/i2c/libdrivers__i2c.a(i2c_nrfx_twim.c.obj)
 .text.i2c_nrfx_twim_configure
                0x0000000000006606       0x48 zephyr/drivers/i2c/libdrivers__i2c.a(i2c_nrfx_twim.c.obj)
 .text.twim_0_init
                0x000000000000664e       0x3c zephyr/drivers/i2c/libdrivers__i2c.a(i2c_nrfx_twim.c.obj)
 .text.uart_nrfx_config_get
                0x000000000000668a       0x10 zephyr/drivers/serial/libdrivers__serial.a(uart_nrfx_uart.c.obj)
 .text.sys_clock_idle_exit
                0x000000000000669a        0x2 zephyr/drivers/timer/libdrivers__timer.a(sys_clock_init.c.obj)
                0x000000000000669a                sys_clock_idle_exit
 .text.counter_sub
                0x000000000000669c        0x8 zephyr/drivers/timer/libdrivers__timer.a(nrf_rtc_timer.c.obj)
 .text.event_clear
                0x00000000000066a4       0x18 zephyr/drivers/timer/libdrivers__timer.a(nrf_rtc_timer.c.obj)
 .text.absolute_time_to_cc
                0x00000000000066bc        0x6 zephyr/drivers/timer/libdrivers__timer.a(nrf_rtc_timer.c.obj)
 .text.full_int_lock
                0x00000000000066c2       0x12 zephyr/drivers/timer/libdrivers__timer.a(nrf_rtc_timer.c.obj)
 .text.full_int_unlock
                0x00000000000066d4        0xa zephyr/drivers/timer/libdrivers__timer.a(nrf_rtc_timer.c.obj)
 .text.set_absolute_alarm
                0x00000000000066de       0x76 zephyr/drivers/timer/libdrivers__timer.a(nrf_rtc_timer.c.obj)
 .text.compare_set
                0x0000000000006754       0x32 zephyr/drivers/timer/libdrivers__timer.a(nrf_rtc_timer.c.obj)
 .text.pinctrl_lookup_state
                0x0000000000006786       0x34 zephyr/drivers/pinctrl/libdrivers__pinctrl.a(common.c.obj)
                0x0000000000006786                pinctrl_lookup_state
 .text.nrf_pin_configure
                0x00000000000067ba       0x2e zephyr/drivers/pinctrl/libdrivers__pinctrl.a(pinctrl_nrf.c.obj)
 .text.k_sys_fatal_error_handler
                0x00000000000067e8        0x8 modules/nrf/lib/fatal_error/lib..__nrf__lib__fatal_error.a(fatal_error.c.obj)
                0x00000000000067e8                k_sys_fatal_error_handler
 .text.nrf52_errata_12
                0x00000000000067f0       0x24 modules/hal_nordic/nrfx/libmodules__hal_nordic__nrfx.a(system_nrf52.c.obj)
 .text.nrf52_errata_16
                0x0000000000006814       0x2c modules/hal_nordic/nrfx/libmodules__hal_nordic__nrfx.a(system_nrf52.c.obj)
 .text.nrf52_errata_31
                0x0000000000006840       0x24 modules/hal_nordic/nrfx/libmodules__hal_nordic__nrfx.a(system_nrf52.c.obj)
 .text.nrf52_errata_32
                0x0000000000006864       0x2c modules/hal_nordic/nrfx/libmodules__hal_nordic__nrfx.a(system_nrf52.c.obj)
 .text.nrf52_errata_36
                0x0000000000006890       0x24 modules/hal_nordic/nrfx/libmodules__hal_nordic__nrfx.a(system_nrf52.c.obj)
 .text.nrf52_errata_37
                0x00000000000068b4       0x2c modules/hal_nordic/nrfx/libmodules__hal_nordic__nrfx.a(system_nrf52.c.obj)
 .text.nrf52_errata_57
                0x00000000000068e0       0x2c modules/hal_nordic/nrfx/libmodules__hal_nordic__nrfx.a(system_nrf52.c.obj)
 .text.nrf52_errata_66
                0x000000000000690c       0x44 modules/hal_nordic/nrfx/libmodules__hal_nordic__nrfx.a(system_nrf52.c.obj)
 .text.nrf52_errata_108
                0x0000000000006950       0x24 modules/hal_nordic/nrfx/libmodules__hal_nordic__nrfx.a(system_nrf52.c.obj)
 .text.nrf52_errata_136
                0x0000000000006974       0x24 modules/hal_nordic/nrfx/libmodules__hal_nordic__nrfx.a(system_nrf52.c.obj)
 .text.nrf52_errata_182
                0x0000000000006998       0x28 modules/hal_nordic/nrfx/libmodules__hal_nordic__nrfx.a(system_nrf52.c.obj)
 .text.nrf52_configuration_249
                0x00000000000069c0       0x28 modules/hal_nordic/nrfx/libmodules__hal_nordic__nrfx.a(system_nrf52.c.obj)
 .text.nrfx_isr
                0x00000000000069e8        0x6 modules/hal_nordic/nrfx/libmodules__hal_nordic__nrfx.a(nrfx_glue.c.obj)
                0x00000000000069e8                nrfx_isr
 .text.nrfx_busy_wait
                0x00000000000069ee        0x8 modules/hal_nordic/nrfx/libmodules__hal_nordic__nrfx.a(nrfx_glue.c.obj)
                0x00000000000069ee                nrfx_busy_wait
 .text.clock_initial_lfclksrc_get
                0x00000000000069f6        0x4 modules/hal_nordic/nrfx/libmodules__hal_nordic__nrfx.a(nrfx_clock.c.obj)
 .text.clock_lfclksrc_tweak
                0x00000000000069fa       0x22 modules/hal_nordic/nrfx/libmodules__hal_nordic__nrfx.a(nrfx_clock.c.obj)
 .text.nrfx_clock_enable
                0x0000000000006a1c       0x1e modules/hal_nordic/nrfx/libmodules__hal_nordic__nrfx.a(nrfx_clock.c.obj)
                0x0000000000006a1c                nrfx_clock_enable
 .text.nrfx_clock_start
                0x0000000000006a3a       0xa2 modules/hal_nordic/nrfx/libmodules__hal_nordic__nrfx.a(nrfx_clock.c.obj)
                0x0000000000006a3a                nrfx_clock_start
 .text.nrfx_clock_stop
                0x0000000000006adc        0x8 modules/hal_nordic/nrfx/libmodules__hal_nordic__nrfx.a(nrfx_clock.c.obj)
                0x0000000000006adc                nrfx_clock_stop
 .text.pin_is_task_output
                0x0000000000006ae4       0x1e modules/hal_nordic/nrfx/libmodules__hal_nordic__nrfx.a(nrfx_gpiote.c.obj)
 .text.pin_is_input
                0x0000000000006b02        0xe modules/hal_nordic/nrfx/libmodules__hal_nordic__nrfx.a(nrfx_gpiote.c.obj)
 .text.gpiote_polarity_to_trigger
                0x0000000000006b10        0x2 modules/hal_nordic/nrfx/libmodules__hal_nordic__nrfx.a(nrfx_gpiote.c.obj)
 .text.gpiote_trigger_to_polarity
                0x0000000000006b12        0x2 modules/hal_nordic/nrfx/libmodules__hal_nordic__nrfx.a(nrfx_gpiote.c.obj)
 .text.is_level
                0x0000000000006b14        0xa modules/hal_nordic/nrfx/libmodules__hal_nordic__nrfx.a(nrfx_gpiote.c.obj)
 .text.next_sense_cond_call_handler
                0x0000000000006b1e       0x9c modules/hal_nordic/nrfx/libmodules__hal_nordic__nrfx.a(nrfx_gpiote.c.obj)
 .text.latch_pending_read_and_check
                0x0000000000006bba       0x32 modules/hal_nordic/nrfx/libmodules__hal_nordic__nrfx.a(nrfx_gpiote.c.obj)
 .text.xfer_completeness_check
                0x0000000000006bec       0x82 modules/hal_nordic/nrfx/libmodules__hal_nordic__nrfx.a(nrfx_twim.c.obj)
 .text.twim_pins_configure
                0x0000000000006c6e       0x5a modules/hal_nordic/nrfx/libmodules__hal_nordic__nrfx.a(nrfx_twim.c.obj)
 .text.twim_list_enable_handle
                0x0000000000006cc8       0x2a modules/hal_nordic/nrfx/libmodules__hal_nordic__nrfx.a(nrfx_twim.c.obj)
 .text.SEGGER_RTT_Init
                0x0000000000006cf2        0x8 modules/segger/libmodules__segger.a(SEGGER_RTT.c.obj)
                0x0000000000006cf2                SEGGER_RTT_Init
 .text.rtt_init
                0x0000000000006cfa        0xa modules/segger/libmodules__segger.a(SEGGER_RTT_zephyr.c.obj)
 .text.z_device_is_ready
                0x0000000000006d04       0x1a zephyr/kernel/libkernel.a(device.c.obj)
                0x0000000000006d04                z_device_is_ready
 .text.z_fatal_error
                0x0000000000006d1e       0x34 zephyr/kernel/libkernel.a(fatal.c.obj)
                0x0000000000006d1e                z_fatal_error
 .text.z_early_memset
                0x0000000000006d52        0x8 zephyr/kernel/libkernel.a(init.c.obj)
                0x0000000000006d52                z_early_memset
 .text.z_early_memcpy
                0x0000000000006d5a        0x8 zephyr/kernel/libkernel.a(init.c.obj)
                0x0000000000006d5a                z_early_memcpy
 .text.setup_thread_stack
                0x0000000000006d62       0x24 zephyr/kernel/libkernel.a(thread.c.obj)
 .text.k_is_in_isr
                0x0000000000006d86        0xc zephyr/kernel/libkernel.a(thread.c.obj)
                0x0000000000006d86                k_is_in_isr
 .text.z_impl_k_thread_start
                0x0000000000006d92        0x8 zephyr/kernel/libkernel.a(thread.c.obj)
                0x0000000000006d92                z_impl_k_thread_start
 .text.z_init_thread_base
                0x0000000000006d9a       0x16 zephyr/kernel/libkernel.a(thread.c.obj)
                0x0000000000006d9a                z_init_thread_base
 .text.z_impl_k_thread_create
                0x0000000000006db0       0x44 zephyr/kernel/libkernel.a(thread.c.obj)
                0x0000000000006db0                z_impl_k_thread_create
 .text.z_pm_save_idle_exit
                0x0000000000006df4        0xc zephyr/kernel/libkernel.a(idle.c.obj)
                0x0000000000006df4                z_pm_save_idle_exit
 .text.new_prio_for_inheritance
                0x0000000000006e00       0x16 zephyr/kernel/libkernel.a(mutex.c.obj)
 .text.adjust_owner_prio
                0x0000000000006e16       0x16 zephyr/kernel/libkernel.a(mutex.c.obj)
 .text.z_impl_k_mutex_init
                0x0000000000006e2c        0xe zephyr/kernel/libkernel.a(mutex.c.obj)
                0x0000000000006e2c                z_impl_k_mutex_init
 .text.z_impl_k_sem_init
                0x0000000000006e3a       0x1e zephyr/kernel/libkernel.a(sem.c.obj)
                0x0000000000006e3a                z_impl_k_sem_init
 .text.k_work_submit_to_queue
                0x0000000000006e58       0x48 zephyr/kernel/libkernel.a(work.c.obj)
                0x0000000000006e58                k_work_submit_to_queue
 .text.thread_active_elsewhere
                0x0000000000006ea0        0x4 zephyr/kernel/libkernel.a(sched.c.obj)
 .text.pended_on_thread
                0x0000000000006ea4        0x4 zephyr/kernel/libkernel.a(sched.c.obj)
 .text.z_sched_prio_cmp
                0x0000000000006ea8       0x14 zephyr/kernel/libkernel.a(sched.c.obj)
                0x0000000000006ea8                z_sched_prio_cmp
 .text.z_unpend_thread_no_timeout
                0x0000000000006ebc       0x40 zephyr/kernel/libkernel.a(sched.c.obj)
                0x0000000000006ebc                z_unpend_thread_no_timeout
 .text.z_reschedule_irqlock
                0x0000000000006efc       0x2a zephyr/kernel/libkernel.a(sched.c.obj)
                0x0000000000006efc                z_reschedule_irqlock
 .text.z_priq_dumb_remove
                0x0000000000006f26       0x10 zephyr/kernel/libkernel.a(sched.c.obj)
                0x0000000000006f26                z_priq_dumb_remove
 .text.z_priq_dumb_best
                0x0000000000006f36        0xe zephyr/kernel/libkernel.a(sched.c.obj)
                0x0000000000006f36                z_priq_dumb_best
 .text.z_ready_thread
                0x0000000000006f44       0x38 zephyr/kernel/libkernel.a(sched.c.obj)
                0x0000000000006f44                z_ready_thread
 .text.z_thread_timeout
                0x0000000000006f7c       0x70 zephyr/kernel/libkernel.a(sched.c.obj)
                0x0000000000006f7c                z_thread_timeout
 .text.add_to_waitq_locked
                0x0000000000006fec       0x54 zephyr/kernel/libkernel.a(sched.c.obj)
 .text.pend     0x0000000000007040       0x44 zephyr/kernel/libkernel.a(sched.c.obj)
 .text.z_unpend1_no_timeout
                0x0000000000007084       0x4e zephyr/kernel/libkernel.a(sched.c.obj)
                0x0000000000007084                z_unpend1_no_timeout
 .text.z_unpend_first_thread
                0x00000000000070d2       0x56 zephyr/kernel/libkernel.a(sched.c.obj)
                0x00000000000070d2                z_unpend_first_thread
 .text.init_ready_q
                0x0000000000007128        0x8 zephyr/kernel/libkernel.a(sched.c.obj)
                0x0000000000007128                init_ready_q
 .text.z_sched_wake
                0x0000000000007130       0x6e zephyr/kernel/libkernel.a(sched.c.obj)
                0x0000000000007130                z_sched_wake
 .text.remove_timeout
                0x000000000000719e       0x2e zephyr/kernel/libkernel.a(timeout.c.obj)
 .text.z_abort_timeout
                0x00000000000071cc       0x3c zephyr/kernel/libkernel.a(timeout.c.obj)
                0x00000000000071cc                z_abort_timeout
 .text.z_get_next_timeout_expiry
                0x0000000000007208       0x2e zephyr/kernel/libkernel.a(timeout.c.obj)
                0x0000000000007208                z_get_next_timeout_expiry
 .text.z_set_timeout_expiry
                0x0000000000007236       0x56 zephyr/kernel/libkernel.a(timeout.c.obj)
                0x0000000000007236                z_set_timeout_expiry
 .text.sys_clock_tick_get_32
                0x000000000000728c        0x8 zephyr/kernel/libkernel.a(timeout.c.obj)
                0x000000000000728c                sys_clock_tick_get_32
 .text.z_impl_k_busy_wait
                0x0000000000007294        0xc zephyr/kernel/libkernel.a(timeout.c.obj)
                0x0000000000007294                z_impl_k_busy_wait
 .text.z_impl_k_timer_stop
                0x00000000000072a0       0x36 zephyr/kernel/libkernel.a(timer.c.obj)
                0x00000000000072a0                z_impl_k_timer_stop
 .text.main     0x00000000000072d6        0x4 zephyr/kernel/libkernel.a(main_weak.c.obj)
                0x00000000000072d6                main
 .text._OffsetAbsSyms
                0x00000000000072da        0x2 zephyr/CMakeFiles/offsets.dir/./arch/arm/core/offsets/offsets.c.obj
                0x00000000000072da                _OffsetAbsSyms
 *(SORT_BY_ALIGNMENT(.TEXT.*))
 .TEXT.z_arm_platform_init
                0x00000000000072dc        0x4 zephyr/libzephyr.a(soc_nrf_common.S.obj)
                0x00000000000072dc                z_arm_platform_init
 *(SORT_BY_ALIGNMENT(.gnu.linkonce.t.*))
 *(SORT_BY_ALIGNMENT(.glue_7t))
 .glue_7t       0x00000000000072e0        0x0 linker stubs
 *(SORT_BY_ALIGNMENT(.glue_7))
 .glue_7        0x00000000000072e0        0x0 linker stubs
 *(SORT_BY_ALIGNMENT(.vfp11_veneer))
 .vfp11_veneer  0x00000000000072e0        0x0 linker stubs
 *(SORT_BY_ALIGNMENT(.v4_bx))
 .v4_bx         0x00000000000072e0        0x0 linker stubs
                0x00000000000072e0                __text_region_end = .

.ARM.exidx      0x00000000000072e0        0x8
                0x00000000000072e0                __exidx_start = .
 *(SORT_BY_ALIGNMENT(.ARM.exidx*) SORT_BY_ALIGNMENT(gnu.linkonce.armexidx.*))
 .ARM.exidx     0x00000000000072e0        0x8 c:/ncs/toolchains/v2.0.2/opt/zephyr-sdk/arm-zephyr-eabi/bin/../lib/gcc/arm-zephyr-eabi/10.3.0/thumb/v7e-m/nofp\libgcc.a(_udivmoddi4.o)
                0x00000000000072e8                __exidx_end = .
                0x00000000000072e8                __rodata_region_start = .

initlevel       0x00000000000072e8       0x58
                0x00000000000072e8                __init_start = .
                0x00000000000072e8                __init_PRE_KERNEL_1_start = .
 *(SORT_BY_NAME(SORT_BY_ALIGNMENT(.z_init_PRE_KERNEL_1[0-9]_*)))
 .z_init_PRE_KERNEL_10_
                0x00000000000072e8        0x8 zephyr/soc/arm/nordic_nrf/nrf52/libsoc__arm__nordic_nrf__nrf52.a(soc.c.obj)
 *(SORT_BY_NAME(SORT_BY_ALIGNMENT(.z_init_PRE_KERNEL_1[1-9][0-9]_*)))
 .z_init_PRE_KERNEL_130_
                0x00000000000072f0        0x8 zephyr/drivers/clock_control/libdrivers__clock_control.a(clock_control_nrf.c.obj)
 .z_init_PRE_KERNEL_130_
                0x00000000000072f8        0x8 modules/segger/libmodules__segger.a(SEGGER_RTT_zephyr.c.obj)
 .z_init_PRE_KERNEL_140_
                0x0000000000007300        0x8 zephyr/drivers/gpio/libdrivers__gpio.a(gpio_nrfx.c.obj)
 .z_init_PRE_KERNEL_155_
                0x0000000000007308        0x8 zephyr/drivers/serial/libdrivers__serial.a(uart_nrfx_uart.c.obj)
 .z_init_PRE_KERNEL_160_
                0x0000000000007310        0x8 zephyr/drivers/console/libdrivers__console.a(uart_console.c.obj)
                0x0000000000007318                __init_PRE_KERNEL_2_start = .
 *(SORT_BY_NAME(SORT_BY_ALIGNMENT(.z_init_PRE_KERNEL_2[0-9]_*)))
 .z_init_PRE_KERNEL_20_
                0x0000000000007318        0x8 zephyr/drivers/timer/libdrivers__timer.a(nrf_rtc_timer.c.obj)
 *(SORT_BY_NAME(SORT_BY_ALIGNMENT(.z_init_PRE_KERNEL_2[1-9][0-9]_*)))
                0x0000000000007320                __init_POST_KERNEL_start = .
 *(SORT_BY_NAME(SORT_BY_ALIGNMENT(.z_init_POST_KERNEL[0-9]_*)))
 *(SORT_BY_NAME(SORT_BY_ALIGNMENT(.z_init_POST_KERNEL[1-9][0-9]_*)))
 .z_init_POST_KERNEL40_
                0x0000000000007320        0x8 zephyr/kernel/libkernel.a(system_work_q.c.obj)
 .z_init_POST_KERNEL50_
                0x0000000000007328        0x8 zephyr/drivers/i2c/libdrivers__i2c.a(i2c_nrfx_twim.c.obj)
 .z_init_POST_KERNEL90_
                0x0000000000007330        0x8 zephyr/drivers/sensor/nrf5/libdrivers__sensor__nrf5.a(temp_nrf5.c.obj)
                0x0000000000007338                __init_APPLICATION_start = .
 *(SORT_BY_NAME(SORT_BY_ALIGNMENT(.z_init_APPLICATION[0-9]_*)))
 .z_init_APPLICATION0_
                0x0000000000007338        0x8 zephyr/drivers/clock_control/libdrivers__clock_control.a(nrf_clock_calibration.c.obj)
 *(SORT_BY_NAME(SORT_BY_ALIGNMENT(.z_init_APPLICATION[1-9][0-9]_*)))
                0x0000000000007340                __init_SMP_start = .
 *(SORT_BY_NAME(SORT_BY_ALIGNMENT(.z_init_SMP[0-9]_*)))
 *(SORT_BY_NAME(SORT_BY_ALIGNMENT(.z_init_SMP[1-9][0-9]_*)))
                0x0000000000007340                __init_end = .

devices         0x0000000000007340       0x78
                0x0000000000007340                __device_start = .
                0x0000000000007340                __device_PRE_KERNEL_1_start = .
 *(SORT_BY_NAME(SORT_BY_ALIGNMENT(.z_device_PRE_KERNEL_1[0-9]_*)))
 *(SORT_BY_NAME(SORT_BY_ALIGNMENT(.z_device_PRE_KERNEL_1[1-9][0-9]_*)))
 .z_device_PRE_KERNEL_130_
                0x0000000000007340       0x18 zephyr/drivers/clock_control/libdrivers__clock_control.a(clock_control_nrf.c.obj)
                0x0000000000007340                __device_dts_ord_58
 .z_device_PRE_KERNEL_140_
                0x0000000000007358       0x18 zephyr/drivers/gpio/libdrivers__gpio.a(gpio_nrfx.c.obj)
                0x0000000000007358                __device_dts_ord_11
 .z_device_PRE_KERNEL_155_
                0x0000000000007370       0x18 zephyr/drivers/serial/libdrivers__serial.a(uart_nrfx_uart.c.obj)
                0x0000000000007370                __device_dts_ord_95
                0x0000000000007388                __device_PRE_KERNEL_2_start = .
 *(SORT_BY_NAME(SORT_BY_ALIGNMENT(.z_device_PRE_KERNEL_2[0-9]_*)))
 *(SORT_BY_NAME(SORT_BY_ALIGNMENT(.z_device_PRE_KERNEL_2[1-9][0-9]_*)))
                0x0000000000007388                __device_POST_KERNEL_start = .
 *(SORT_BY_NAME(SORT_BY_ALIGNMENT(.z_device_POST_KERNEL[0-9]_*)))
 *(SORT_BY_NAME(SORT_BY_ALIGNMENT(.z_device_POST_KERNEL[1-9][0-9]_*)))
 .z_device_POST_KERNEL50_
                0x0000000000007388       0x18 zephyr/drivers/i2c/libdrivers__i2c.a(i2c_nrfx_twim.c.obj)
                0x0000000000007388                __device_dts_ord_69
 .z_device_POST_KERNEL90_
                0x00000000000073a0       0x18 zephyr/drivers/sensor/nrf5/libdrivers__sensor__nrf5.a(temp_nrf5.c.obj)
                0x00000000000073a0                __device_dts_ord_89
                0x00000000000073b8                __device_APPLICATION_start = .
 *(SORT_BY_NAME(SORT_BY_ALIGNMENT(.z_device_APPLICATION[0-9]_*)))
 *(SORT_BY_NAME(SORT_BY_ALIGNMENT(.z_device_APPLICATION[1-9][0-9]_*)))
                0x00000000000073b8                __device_SMP_start = .
 *(SORT_BY_NAME(SORT_BY_ALIGNMENT(.z_device_SMP[0-9]_*)))
 *(SORT_BY_NAME(SORT_BY_ALIGNMENT(.z_device_SMP[1-9][0-9]_*)))
                0x00000000000073b8                __device_end = .

sw_isr_table    0x00000000000073b8      0x138
                0x00000000000073b8                . = ALIGN (0x0)
 *(SORT_BY_ALIGNMENT(.gnu.linkonce.sw_isr_table*))
 .gnu.linkonce.sw_isr_table
                0x00000000000073b8      0x138 zephyr/arch/common/libisr_tables.a(isr_tables.c.obj)
                0x00000000000073b8                _sw_isr_table

initlevel_error
                0x00000000000072e8        0x0
 *(SORT_BY_NAME(SORT_BY_ALIGNMENT(.z_init_[_A-Z0-9]*)))
                0x0000000000000001                ASSERT ((SIZEOF (initlevel_error) == 0x0), Undefined initialization levels used.)

app_shmem_regions
                0x00000000000074f0        0x0
                0x00000000000074f0                __app_shmem_regions_start = .
 *(SORT_BY_NAME(SORT_BY_ALIGNMENT(.app_regions.*)))
                0x00000000000074f0                __app_shmem_regions_end = .

bt_l2cap_fixed_chan_area
                0x00000000000074f0        0x0
                0x00000000000074f0                _bt_l2cap_fixed_chan_list_start = .
 *(SORT_BY_NAME(SORT_BY_ALIGNMENT(._bt_l2cap_fixed_chan.static.*)))
                0x00000000000074f0                _bt_l2cap_fixed_chan_list_end = .

bt_gatt_service_static_area
                0x00000000000074f0        0x0
                0x00000000000074f0                _bt_gatt_service_static_list_start = .
 *(SORT_BY_NAME(SORT_BY_ALIGNMENT(._bt_gatt_service_static.static.*)))
                0x00000000000074f0                _bt_gatt_service_static_list_end = .

k_p4wq_initparam_area
                0x00000000000074f0        0x0
                0x00000000000074f0                _k_p4wq_initparam_list_start = .
 *(SORT_BY_NAME(SORT_BY_ALIGNMENT(._k_p4wq_initparam.static.*)))
                0x00000000000074f0                _k_p4wq_initparam_list_end = .

log_strings_sections
                0x00000000000074f0        0x0
                0x00000000000074f0                __log_strings_start = .
 *(SORT_BY_NAME(SORT_BY_ALIGNMENT(.log_strings*)))
                0x00000000000074f0                __log_strings_end = .

log_const_sections
                0x00000000000074f0        0x0
                0x00000000000074f0                __log_const_start = .
 *(SORT_BY_NAME(SORT_BY_ALIGNMENT(.log_const_*)))
                0x00000000000074f0                __log_const_end = .

log_backends_sections
                0x00000000000074f0        0x0
                0x00000000000074f0                __log_backends_start = .
 *(SORT_BY_ALIGNMENT(._log_backend.*))
                0x00000000000074f0                __log_backends_end = .

shell_area      0x00000000000074f0        0x0
                0x00000000000074f0                _shell_list_start = .
 *(SORT_BY_NAME(SORT_BY_ALIGNMENT(._shell.static.*)))
                0x00000000000074f0                _shell_list_end = .

shell_root_cmds_sections
                0x00000000000074f0        0x0
                0x00000000000074f0                __shell_root_cmds_start = .
 *(SORT_BY_NAME(SORT_BY_ALIGNMENT(.shell_root_cmd_*)))
                0x00000000000074f0                __shell_root_cmds_end = .

font_entry_sections
                0x00000000000074f0        0x0
                0x00000000000074f0                __font_entry_start = .
 *(SORT_BY_NAME(SORT_BY_ALIGNMENT(._cfb_font.*)))
                0x00000000000074f0                __font_entry_end = .

tracing_backend_area
                0x00000000000074f0        0x0
                0x00000000000074f0                _tracing_backend_list_start = .
 *(SORT_BY_NAME(SORT_BY_ALIGNMENT(._tracing_backend.static.*)))
                0x00000000000074f0                _tracing_backend_list_end = .

zephyr_dbg_info
                0x00000000000074f0       0x3c
 *(SORT_BY_ALIGNMENT(.dbg_thread_info))
 .dbg_thread_info
                0x00000000000074f0       0x3c zephyr/libzephyr.a(thread_info.c.obj)
                0x00000000000074f0                _kernel_openocd_size_t_size
                0x00000000000074f0                _kernel_thread_info_size_t_size
                0x00000000000074f4                _kernel_openocd_num_offsets
                0x00000000000074f4                _kernel_thread_info_num_offsets
                0x00000000000074f8                _kernel_openocd_offsets
                0x00000000000074f8                _kernel_thread_info_offsets

device_handles  0x000000000000752c       0x1e
                0x000000000000752c                __device_handles_start = .
 *(SORT_BY_NAME(SORT_BY_ALIGNMENT(.__device_handles_pass2*)))
 .__device_handles_pass2
                0x000000000000752c       0x1e zephyr/CMakeFiles/zephyr_pre1.dir/dev_handles.c.obj
                0x000000000000752c                __devicehdl_DT_N_S_soc_S_temp_4000c000
                0x0000000000007532                __devicehdl_DT_N_S_soc_S_i2c_40003000
                0x0000000000007538                __devicehdl_DT_N_S_soc_S_uart_40002000
                0x000000000000753e                __devicehdl_DT_N_S_soc_S_gpio_50000000
                0x0000000000007544                __devicehdl_DT_N_S_soc_S_clock_40000000
                0x000000000000754a                __device_handles_end = .

rodata          0x0000000000007550      0x25c
 *(SORT_BY_ALIGNMENT(.rodata))
 .rodata        0x0000000000007550       0x30 app/libapp.a(led.c.obj)
 *(SORT_BY_ALIGNMENT(.rodata.*))
 .rodata.delay_machine_code.0
                0x0000000000007580        0x6 zephyr/soc/arm/nordic_nrf/nrf52/libsoc__arm__nordic_nrf__nrf52.a(soc.c.obj)
 *fill*         0x0000000000007586        0x2 
 .rodata.blink_red.str1.4
                0x0000000000007588       0x11 app/libapp.a(led.c.obj)
 *fill*         0x0000000000007599        0x3 
 .rodata.str1.4
                0x000000000000759c       0x2c app/libapp.a(main.c.obj)
 .rodata.cbvprintf.str1.4
                0x00000000000075c8        0x6 zephyr/libzephyr.a(cbprintf_complete.c.obj)
 *fill*         0x00000000000075ce        0x2 
 .rodata.pmstates_DT_N_S_cpus_S_cpu_0
                0x00000000000075d0        0x0 zephyr/libzephyr.a(state.c.obj)
 .rodata.static_regions
                0x00000000000075d0        0xc zephyr/arch/arch/arm/core/aarch32/mpu/libarch__arm__core__aarch32__mpu.a(arm_core_mpu.c.obj)
 .rodata.str1.4
                0x00000000000075dc        0xf zephyr/soc/arm/common/cortex_m/libsoc__arm__common__cortex_m.a(arm_mpu_regions.c.obj)
 *fill*         0x00000000000075eb        0x1 
 .rodata.mpu_config
                0x00000000000075ec        0x8 zephyr/soc/arm/common/cortex_m/libsoc__arm__common__cortex_m.a(arm_mpu_regions.c.obj)
                0x00000000000075ec                mpu_config
 .rodata.mpu_regions
                0x00000000000075f4       0x18 zephyr/soc/arm/common/cortex_m/libsoc__arm__common__cortex_m.a(arm_mpu_regions.c.obj)
 .rodata.str1.4
                0x000000000000760c        0x6 zephyr/drivers/clock_control/libdrivers__clock_control.a(clock_control_nrf.c.obj)
 *fill*         0x0000000000007612        0x2 
 .rodata.clock_control_api
                0x0000000000007614       0x18 zephyr/drivers/clock_control/libdrivers__clock_control.a(clock_control_nrf.c.obj)
 .rodata.config
                0x000000000000762c       0x10 zephyr/drivers/clock_control/libdrivers__clock_control.a(clock_control_nrf.c.obj)
 .rodata.transitions.0
                0x000000000000763c        0xc zephyr/drivers/clock_control/libdrivers__clock_control.a(clock_control_nrf.c.obj)
 .rodata.str1.4
                0x0000000000007648        0x7 zephyr/drivers/gpio/libdrivers__gpio.a(gpio_nrfx.c.obj)
 *fill*         0x000000000000764f        0x1 
 .rodata.gpio_nrfx_drv_api_funcs
                0x0000000000007650       0x24 zephyr/drivers/gpio/libdrivers__gpio.a(gpio_nrfx.c.obj)
 .rodata.gpio_nrfx_p0_cfg
                0x0000000000007674       0x10 zephyr/drivers/gpio/libdrivers__gpio.a(gpio_nrfx.c.obj)
 .rodata.str1.4
                0x0000000000007684        0x6 zephyr/drivers/i2c/libdrivers__i2c.a(i2c_nrfx_twim.c.obj)
 *fill*         0x000000000000768a        0x2 
 .rodata.__pinctrl_dev_config__device_dts_ord_69
                0x000000000000768c        0xc zephyr/drivers/i2c/libdrivers__i2c.a(i2c_nrfx_twim.c.obj)
 .rodata.__pinctrl_state_pins_0__device_dts_ord_69
                0x0000000000007698        0x8 zephyr/drivers/i2c/libdrivers__i2c.a(i2c_nrfx_twim.c.obj)
 .rodata.__pinctrl_states__device_dts_ord_69
                0x00000000000076a0        0x8 zephyr/drivers/i2c/libdrivers__i2c.a(i2c_nrfx_twim.c.obj)
 .rodata.i2c_nrfx_twim_driver_api
                0x00000000000076a8       0x18 zephyr/drivers/i2c/libdrivers__i2c.a(i2c_nrfx_twim.c.obj)
 .rodata.twim_0z_config
                0x00000000000076c0       0x10 zephyr/drivers/i2c/libdrivers__i2c.a(i2c_nrfx_twim.c.obj)
 .rodata.str1.4
                0x00000000000076d0        0x7 zephyr/drivers/sensor/nrf5/libdrivers__sensor__nrf5.a(temp_nrf5.c.obj)
 *fill*         0x00000000000076d7        0x1 
 .rodata.temp_nrf5_driver_api
                0x00000000000076d8       0x14 zephyr/drivers/sensor/nrf5/libdrivers__sensor__nrf5.a(temp_nrf5.c.obj)
 .rodata.str1.4
                0x00000000000076ec        0x7 zephyr/drivers/serial/libdrivers__serial.a(uart_nrfx_uart.c.obj)
 *fill*         0x00000000000076f3        0x1 
 .rodata.__pinctrl_dev_config__device_dts_ord_95
                0x00000000000076f4        0xc zephyr/drivers/serial/libdrivers__serial.a(uart_nrfx_uart.c.obj)
 .rodata.__pinctrl_state_pins_0__device_dts_ord_95
                0x0000000000007700        0x8 zephyr/drivers/serial/libdrivers__serial.a(uart_nrfx_uart.c.obj)
 .rodata.__pinctrl_states__device_dts_ord_95
                0x0000000000007708        0x8 zephyr/drivers/serial/libdrivers__serial.a(uart_nrfx_uart.c.obj)
 .rodata.uart_nrfx_uart0_config
                0x0000000000007710        0x4 zephyr/drivers/serial/libdrivers__serial.a(uart_nrfx_uart.c.obj)
 .rodata.uart_nrfx_uart_driver_api
                0x0000000000007714       0x14 zephyr/drivers/serial/libdrivers__serial.a(uart_nrfx_uart.c.obj)
 .rodata._DoInit.str1.4
                0x0000000000007728       0x17 modules/segger/libmodules__segger.a(SEGGER_RTT.c.obj)
 *fill*         0x000000000000773f        0x1 
 .rodata.levels.0
                0x0000000000007740       0x14 zephyr/kernel/libkernel.a(device.c.obj)
 .rodata._k_neg_eagain
                0x0000000000007754        0x4 zephyr/kernel/libkernel.a(errno.c.obj)
                0x0000000000007754                _k_neg_eagain
 .rodata.init_idle_thread.str1.4
                0x0000000000007758        0x5 zephyr/kernel/libkernel.a(init.c.obj)
 *fill*         0x000000000000775d        0x3 
 .rodata.prepare_multithreading.str1.4
                0x0000000000007760        0x5 zephyr/kernel/libkernel.a(init.c.obj)
 *fill*         0x0000000000007765        0x3 
 .rodata.boot_banner.str1.4
                0x0000000000007768       0x37 zephyr/kernel/libkernel.a(banner.c.obj)
                                         0x3b (size before relaxing)
 *fill*         0x000000000000779f        0x1 
 .rodata.k_sys_work_q_init.str1.4
                0x00000000000077a0        0x9 zephyr/kernel/libkernel.a(system_work_q.c.obj)
 *(SORT_BY_ALIGNMENT(.gnu.linkonce.r.*))
                0x00000000000077ac                . = ALIGN (0x4)
 *fill*         0x00000000000077a9        0x3 
                0x00000000000077ac                __rodata_region_end = .
                0x00000000000077c0                . = ALIGN (_region_min_align)
                0x0000000000008000                . = ALIGN ((0x1 << ((__rodata_region_end - __rom_region_start) <= 0x4)?0x2:((__rodata_region_end - __rom_region_start) <= 0x8)?0x3:((__rodata_region_end - __rom_region_start) <= 0x10)?0x4:((__rodata_region_end - __rom_region_start) <= 0x20)?0x5:((__rodata_region_end - __rom_region_start) <= 0x40)?0x6:((__rodata_region_end - __rom_region_start) <= 0x80)?0x7:((__rodata_region_end - __rom_region_start) <= 0x100)?0x8:((__rodata_region_end - __rom_region_start) <= 0x200)?0x9:((__rodata_region_end - __rom_region_start) <= 0x400)?0xa:((__rodata_region_end - __rom_region_start) <= 0x800)?0xb:((__rodata_region_end - __rom_region_start) <= 0x1000)?0xc:((__rodata_region_end - __rom_region_start) <= 0x2000)?0xd:((__rodata_region_end - __rom_region_start) <= 0x4000)?0xe:((__rodata_region_end - __rom_region_start) <= 0x8000)?0xf:((__rodata_region_end - __rom_region_start) <= 0x10000)?0x10:((__rodata_region_end - __rom_region_start) <= 0x20000)?0x11:((__rodata_region_end - __rom_region_start) <= 0x40000)?0x12:((__rodata_region_end - __rom_region_start) <= 0x80000)?0x13:((__rodata_region_end - __rom_region_start) <= 0x100000)?0x14:((__rodata_region_end - __rom_region_start) <= 0x200000)?0x15:((__rodata_region_end - __rom_region_start) <= 0x400000)?0x16:((__rodata_region_end - __rom_region_start) <= 0x800000)?0x17:((__rodata_region_end - __rom_region_start) <= 0x1000000)?0x18:((__rodata_region_end - __rom_region_start) <= 0x2000000)?0x19:((__rodata_region_end - __rom_region_start) <= 0x4000000)?0x1a:((__rodata_region_end - __rom_region_start) <= 0x8000000)?0x1b:((__rodata_region_end - __rom_region_start) <= 0x10000000)?0x1c:((__rodata_region_end - __rom_region_start) <= 0x20000000)?0x1d:((__rodata_region_end - __rom_region_start) <= 0x40000000)?0x1e:((__rodata_region_end - __rom_region_start) <= 0x80000000)?0x1f:0x20))
                0x0000000000008000                __rom_region_end = .
                0x0000000020000000                . = 0x20000000
                0x0000000020000000                . = ALIGN (_region_min_align)
                0x0000000020000000                _image_ram_start = .

.ramfunc        0x0000000020000000        0x0 load address 0x00000000000077ac
                0x0000000020000000                . = ALIGN (_region_min_align)
                0x0000000020000000                . = ALIGN ((0x1 << (__ramfunc_size <= 0x4)?0x2:(__ramfunc_size <= 0x8)?0x3:(__ramfunc_size <= 0x10)?0x4:(__ramfunc_size <= 0x20)?0x5:(__ramfunc_size <= 0x40)?0x6:(__ramfunc_size <= 0x80)?0x7:(__ramfunc_size <= 0x100)?0x8:(__ramfunc_size <= 0x200)?0x9:(__ramfunc_size <= 0x400)?0xa:(__ramfunc_size <= 0x800)?0xb:(__ramfunc_size <= 0x1000)?0xc:(__ramfunc_size <= 0x2000)?0xd:(__ramfunc_size <= 0x4000)?0xe:(__ramfunc_size <= 0x8000)?0xf:(__ramfunc_size <= 0x10000)?0x10:(__ramfunc_size <= 0x20000)?0x11:(__ramfunc_size <= 0x40000)?0x12:(__ramfunc_size <= 0x80000)?0x13:(__ramfunc_size <= 0x100000)?0x14:(__ramfunc_size <= 0x200000)?0x15:(__ramfunc_size <= 0x400000)?0x16:(__ramfunc_size <= 0x800000)?0x17:(__ramfunc_size <= 0x1000000)?0x18:(__ramfunc_size <= 0x2000000)?0x19:(__ramfunc_size <= 0x4000000)?0x1a:(__ramfunc_size <= 0x8000000)?0x1b:(__ramfunc_size <= 0x10000000)?0x1c:(__ramfunc_size <= 0x20000000)?0x1d:(__ramfunc_size <= 0x40000000)?0x1e:(__ramfunc_size <= 0x80000000)?0x1f:0x20))
                0x0000000020000000                __ramfunc_start = .
 *(SORT_BY_ALIGNMENT(.ramfunc))
 *(SORT_BY_ALIGNMENT(.ramfunc.*))
                0x0000000020000000                . = ALIGN (_region_min_align)
                0x0000000020000000                . = ALIGN ((0x1 << (__ramfunc_size <= 0x4)?0x2:(__ramfunc_size <= 0x8)?0x3:(__ramfunc_size <= 0x10)?0x4:(__ramfunc_size <= 0x20)?0x5:(__ramfunc_size <= 0x40)?0x6:(__ramfunc_size <= 0x80)?0x7:(__ramfunc_size <= 0x100)?0x8:(__ramfunc_size <= 0x200)?0x9:(__ramfunc_size <= 0x400)?0xa:(__ramfunc_size <= 0x800)?0xb:(__ramfunc_size <= 0x1000)?0xc:(__ramfunc_size <= 0x2000)?0xd:(__ramfunc_size <= 0x4000)?0xe:(__ramfunc_size <= 0x8000)?0xf:(__ramfunc_size <= 0x10000)?0x10:(__ramfunc_size <= 0x20000)?0x11:(__ramfunc_size <= 0x40000)?0x12:(__ramfunc_size <= 0x80000)?0x13:(__ramfunc_size <= 0x100000)?0x14:(__ramfunc_size <= 0x200000)?0x15:(__ramfunc_size <= 0x400000)?0x16:(__ramfunc_size <= 0x800000)?0x17:(__ramfunc_size <= 0x1000000)?0x18:(__ramfunc_size <= 0x2000000)?0x19:(__ramfunc_size <= 0x4000000)?0x1a:(__ramfunc_size <= 0x8000000)?0x1b:(__ramfunc_size <= 0x10000000)?0x1c:(__ramfunc_size <= 0x20000000)?0x1d:(__ramfunc_size <= 0x40000000)?0x1e:(__ramfunc_size <= 0x80000000)?0x1f:0x20))
                0x0000000020000000                __ramfunc_end = .
                0x0000000000000000                __ramfunc_size = (__ramfunc_end - __ramfunc_start)
                0x00000000000077ac                __ramfunc_load_start = LOADADDR (.ramfunc)

datas           0x0000000020000000       0xc8 load address 0x00000000000077ac
                0x0000000020000000                __data_region_start = .
                0x0000000020000000                __data_start = .
 *(SORT_BY_ALIGNMENT(.data))
 *(SORT_BY_ALIGNMENT(.data.*))
 .data._char_out
                0x0000000020000000        0x4 zephyr/libzephyr.a(printk.c.obj)
                0x0000000020000000                _char_out
 .data.max_latency_ticks
                0x0000000020000004        0x4 zephyr/libzephyr.a(policy.c.obj)
 .data._stdout_hook
                0x0000000020000008        0x4 zephyr/lib/libc/minimal/liblib__libc__minimal.a(stdout_console.c.obj)
 .data.temp_measure_work
                0x000000002000000c       0x10 zephyr/drivers/clock_control/libdrivers__clock_control.a(nrf_clock_calibration.c.obj)
 .data.twim_0_data
                0x000000002000001c       0x3c zephyr/drivers/i2c/libdrivers__i2c.a(i2c_nrfx_twim.c.obj)
 .data.uart_nrfx_uart0_data
                0x0000000020000058        0x8 zephyr/drivers/serial/libdrivers__serial.a(uart_nrfx_uart.c.obj)
 .data.SystemCoreClock
                0x0000000020000060        0x4 modules/hal_nordic/nrfx/libmodules__hal_nordic__nrfx.a(system_nrf52.c.obj)
                0x0000000020000060                SystemCoreClock
 .data.m_cb     0x0000000020000064       0x5c modules/hal_nordic/nrfx/libmodules__hal_nordic__nrfx.a(nrfx_gpiote.c.obj)
 .data.timeout_list
                0x00000000200000c0        0x8 zephyr/kernel/libkernel.a(timeout.c.obj)
 *(SORT_BY_ALIGNMENT(.kernel.*))
                0x00000000200000c8                __data_end = .
                0x00000000000000c8                __data_size = (__data_end - __data_start)
                0x00000000000077ac                __data_load_start = LOADADDR (datas)
                0x00000000000077ac                __data_region_load_start = LOADADDR (datas)

device_states   0x00000000200000c8       0x14 load address 0x0000000000007874
                0x00000000200000c8                __device_states_start = .
 *(SORT_BY_ALIGNMENT(.z_devstate))
 .z_devstate    0x00000000200000c8        0x4 zephyr/drivers/clock_control/libdrivers__clock_control.a(clock_control_nrf.c.obj)
 .z_devstate    0x00000000200000cc        0x4 zephyr/drivers/gpio/libdrivers__gpio.a(gpio_nrfx.c.obj)
 .z_devstate    0x00000000200000d0        0x4 zephyr/drivers/i2c/libdrivers__i2c.a(i2c_nrfx_twim.c.obj)
 .z_devstate    0x00000000200000d4        0x4 zephyr/drivers/sensor/nrf5/libdrivers__sensor__nrf5.a(temp_nrf5.c.obj)
 .z_devstate    0x00000000200000d8        0x4 zephyr/drivers/serial/libdrivers__serial.a(uart_nrfx_uart.c.obj)
 *(SORT_BY_ALIGNMENT(.z_devstate.*))
                0x00000000200000dc                __device_states_end = .

initshell       0x00000000200000dc        0x0 load address 0x0000000000007888
                0x00000000200000dc                __shell_module_start = .
 *(SORT_BY_ALIGNMENT(.shell_module_*))
                0x00000000200000dc                __shell_module_end = .
                0x00000000200000dc                __shell_cmd_start = .
 *(SORT_BY_ALIGNMENT(.shell_cmd_*))
                0x00000000200000dc                __shell_cmd_end = .

log_dynamic_sections
                0x00000000200000dc        0x0 load address 0x0000000000007888
                0x00000000200000dc                __log_dynamic_start = .
 *(SORT_BY_NAME(SORT_BY_ALIGNMENT(.log_dynamic_*)))
                0x00000000200000dc                __log_dynamic_end = .

_static_thread_data_area
                0x00000000200000dc       0x90 load address 0x0000000000007888
                0x00000000200000dc                __static_thread_data_list_start = .
 *(SORT_BY_NAME(SORT_BY_ALIGNMENT(.__static_thread_data.static.*)))
 .__static_thread_data.static._k_thread_data_led_blue_tid
                0x00000000200000dc       0x30 app/libapp.a(main.c.obj)