Archive member included to satisfy reference by file (symbol)

app/libapp.a(imu.c.obj)       (--whole-archive)
app/libapp.a(led.c.obj)       (--whole-archive)
app/libapp.a(main.c.obj)      (--whole-archive)
zephyr/libzephyr.a(cbprintf.c.obj)
                              (--whole-archive)
zephyr/libzephyr.a(cbprintf_packaged.c.obj)
                              (--whole-archive)
zephyr/libzephyr.a(crc32c_sw.c.obj)
                              (--whole-archive)
zephyr/libzephyr.a(crc32_sw.c.obj)
                              (--whole-archive)
zephyr/libzephyr.a(crc16_sw.c.obj)
                              (--whole-archive)
zephyr/libzephyr.a(crc8_sw.c.obj)
                              (--whole-archive)
zephyr/libzephyr.a(crc7_sw.c.obj)
                              (--whole-archive)
zephyr/libzephyr.a(dec.c.obj)
                              (--whole-archive)
zephyr/libzephyr.a(fdtable.c.obj)
                              (--whole-archive)
zephyr/libzephyr.a(hex.c.obj)
                              (--whole-archive)
zephyr/libzephyr.a(notify.c.obj)
                              (--whole-archive)
zephyr/libzephyr.a(printk.c.obj)
                              (--whole-archive)
zephyr/libzephyr.a(onoff.c.obj)
                              (--whole-archive)
zephyr/libzephyr.a(rb.c.obj)  (--whole-archive)
zephyr/libzephyr.a(sem.c.obj)
                              (--whole-archive)
zephyr/libzephyr.a(thread_entry.c.obj)
                              (--whole-archive)
zephyr/libzephyr.a(timeutil.c.obj)
                              (--whole-archive)
zephyr/libzephyr.a(heap.c.obj)
                              (--whole-archive)
zephyr/libzephyr.a(heap-validate.c.obj)
                              (--whole-archive)
zephyr/libzephyr.a(bitarray.c.obj)
                              (--whole-archive)
zephyr/libzephyr.a(multi_heap.c.obj)
                              (--whole-archive)
zephyr/libzephyr.a(cbprintf_complete.c.obj)
                              (--whole-archive)
zephyr/libzephyr.a(assert.c.obj)
                              (--whole-archive)
zephyr/libzephyr.a(reboot.c.obj)
                              (--whole-archive)
zephyr/libzephyr.a(configs.c.obj)
                              (--whole-archive)
zephyr/libzephyr.a(soc_nrf_common.S.obj)
                              (--whole-archive)
zephyr/libzephyr.a(validate_base_addresses.c.obj)
                              (--whole-archive)
zephyr/libzephyr.a(validate_enabled_instances.c.obj)
                              (--whole-archive)
zephyr/libzephyr.a(thread_info.c.obj)
                              (--whole-archive)
zephyr/libzephyr.a(pm.c.obj)  (--whole-archive)
zephyr/libzephyr.a(policy.c.obj)
                              (--whole-archive)
zephyr/libzephyr.a(state.c.obj)
                              (--whole-archive)
zephyr/libzephyr.a(tracing_none.c.obj)
                              (--whole-archive)
zephyr/arch/common/libarch__common.a(sw_isr_common.c.obj)
                              (--whole-archive)
zephyr/arch/arch/arm/core/aarch32/libarch__arm__core__aarch32.a(cpu_idle.S.obj)
                              (--whole-archive)
zephyr/arch/arch/arm/core/aarch32/libarch__arm__core__aarch32.a(fatal.c.obj)
                              (--whole-archive)
zephyr/arch/arch/arm/core/aarch32/libarch__arm__core__aarch32.a(irq_manage.c.obj)
                              (--whole-archive)
zephyr/arch/arch/arm/core/aarch32/libarch__arm__core__aarch32.a(nmi.c.obj)
                              (--whole-archive)
zephyr/arch/arch/arm/core/aarch32/libarch__arm__core__aarch32.a(nmi_on_reset.S.obj)
                              (--whole-archive)
zephyr/arch/arch/arm/core/aarch32/libarch__arm__core__aarch32.a(prep_c.c.obj)
                              (--whole-archive)
zephyr/arch/arch/arm/core/aarch32/libarch__arm__core__aarch32.a(swap.c.obj)
                              (--whole-archive)
zephyr/arch/arch/arm/core/aarch32/libarch__arm__core__aarch32.a(swap_helper.S.obj)
                              (--whole-archive)
zephyr/arch/arch/arm/core/aarch32/libarch__arm__core__aarch32.a(thread.c.obj)
                              (--whole-archive)
zephyr/arch/arch/arm/core/aarch32/libarch__arm__core__aarch32.a(isr_wrapper.S.obj)
                              (--whole-archive)
zephyr/arch/arch/arm/core/aarch32/cortex_m/libarch__arm__core__aarch32__cortex_m.a(exc_exit.S.obj)
                              (--whole-archive)
zephyr/arch/arch/arm/core/aarch32/cortex_m/libarch__arm__core__aarch32__cortex_m.a(fault.c.obj)
                              (--whole-archive)
zephyr/arch/arch/arm/core/aarch32/cortex_m/libarch__arm__core__aarch32__cortex_m.a(fault_s.S.obj)
                              (--whole-archive)
zephyr/arch/arch/arm/core/aarch32/cortex_m/libarch__arm__core__aarch32__cortex_m.a(fpu.c.obj)
                              (--whole-archive)
zephyr/arch/arch/arm/core/aarch32/cortex_m/libarch__arm__core__aarch32__cortex_m.a(irq_init.c.obj)
[...]
Memory Configuration

Name             Origin             Length             Attributes
FLASH            0x0000000000000000 0x0000000000080000 xr
SRAM             0x0000000020000000 0x0000000000010000 xw
IDT_LIST         0x00000000fffff7ff 0x0000000000000800 xw
*default*        0x0000000000000000 0xffffffffffffffff

Linker script and memory map

LOAD zephyr/CMakeFiles/zephyr_pre1.dir/misc/empty_file.c.obj
LOAD zephyr/CMakeFiles/zephyr_pre1.dir/dev_handles.c.obj
                0x0000000000000020                _region_min_align = 0x20

.rel.plt        0x0000000000000000        0x0
 *(SORT_BY_ALIGNMENT(.rel.plt))
                [!provide]                        PROVIDE (__rel_iplt_start = .)
 *(SORT_BY_ALIGNMENT(.rel.iplt))
 .rel.iplt      0x0000000000000000        0x0 app/libapp.a(imu.c.obj)
                [!provide]                        PROVIDE (__rel_iplt_end = .)

.rela.plt       0x0000000000000000        0x0
 *(SORT_BY_ALIGNMENT(.rela.plt))
                [!provide]                        PROVIDE (__rela_iplt_start = .)
 *(SORT_BY_ALIGNMENT(.rela.iplt))
                [!provide]                        PROVIDE (__rela_iplt_end = .)

.rel.dyn
 *(SORT_BY_ALIGNMENT(.rel.*))

.rela.dyn
 *(SORT_BY_ALIGNMENT(.rela.*))

/DISCARD/
 *(SORT_BY_ALIGNMENT(.plt))
 *(SORT_BY_ALIGNMENT(.iplt))
 *(SORT_BY_ALIGNMENT(.got.plt))
 *(SORT_BY_ALIGNMENT(.igot.plt))
 *(SORT_BY_ALIGNMENT(.got))
 *(SORT_BY_ALIGNMENT(.igot))
 *(SORT_BY_ALIGNMENT(.note.GNU-stack))
                0x0000000000000000                __rom_region_start = 0x0

rom_start       0x0000000000000000       0xdc
                0x0000000000000000                . = 0x0
                0x0000000000000000                . = ALIGN (0x4)
                0x0000000000000000                . = ALIGN (0x80)
                0x0000000000000000                . = ALIGN (0x100)
                0x0000000000000000                _vector_start = .
 *(SORT_BY_ALIGNMENT(.exc_vector_table))
 *(SORT_BY_ALIGNMENT(.exc_vector_table.*))
 .exc_vector_table._vector_table_section
                0x0000000000000000       0x40 zephyr/arch/arch/arm/core/aarch32/cortex_m/libarch__arm__core__aarch32__cortex_m.a(vector_table.S.obj)
                0x0000000000000000                _vector_table
 *(SORT_BY_ALIGNMENT(.gnu.linkonce.irq_vector_table*))
 .gnu.linkonce.irq_vector_table
                0x0000000000000040       0x9c zephyr/arch/common/libisr_tables.a(isr_tables.c.obj)
                0x0000000000000040                _irq_vector_table
 *(SORT_BY_ALIGNMENT(.vectors))
                0x00000000000000dc                _vector_end = .

text            0x00000000000000dc     0x8060
                0x00000000000000dc                __text_region_start = .
 *(SORT_BY_ALIGNMENT(.text))
 .text          0x00000000000000dc      0x168 c:/ncs/toolchains/v2.0.2/opt/zephyr-sdk/arm-zephyr-eabi/bin/../lib/gcc/arm-zephyr-eabi/10.3.0/thumb/v7e-m/nofp\libgcc.a(_arm_mulsf3.o)
                0x00000000000000dc                __aeabi_fmul
                0x00000000000000dc                __mulsf3
 .text          0x0000000000000244      0x378 c:/ncs/toolchains/v2.0.2/opt/zephyr-sdk/arm-zephyr-eabi/bin/../lib/gcc/arm-zephyr-eabi/10.3.0/thumb/v7e-m/nofp\libgcc.a(_arm_addsubdf3.o)
                0x0000000000000244                __aeabi_drsub
                0x000000000000024c                __aeabi_dsub
                0x000000000000024c                __subdf3
                0x0000000000000250                __aeabi_dadd
                0x0000000000000250                __adddf3
                0x00000000000004c8                __floatunsidf
                0x00000000000004c8                __aeabi_ui2d
                0x00000000000004e8                __floatsidf
                0x00000000000004e8                __aeabi_i2d
                0x000000000000050c                __aeabi_f2d
                0x000000000000050c                __extendsfdf2
                0x0000000000000550                __floatundidf
                0x0000000000000550                __aeabi_ul2d
                0x0000000000000560                __floatdidf
                0x0000000000000560                __aeabi_l2d
 .text          0x00000000000005bc      0x21c c:/ncs/toolchains/v2.0.2/opt/zephyr-sdk/arm-zephyr-eabi/bin/../lib/gcc/arm-zephyr-eabi/10.3.0/thumb/v7e-m/nofp\libgcc.a(_arm_addsubsf3.o)
                0x00000000000005bc                __aeabi_frsub
                0x00000000000005c4                __subsf3
                0x00000000000005c4                __aeabi_fsub
                0x00000000000005c8                __aeabi_fadd
                0x00000000000005c8                __addsf3
                0x0000000000000728                __aeabi_ui2f
                0x0000000000000728                __floatunsisf
                0x0000000000000730                __aeabi_i2f
                0x0000000000000730                __floatsisf
                0x000000000000074c                __aeabi_ul2f
                0x000000000000074c                __floatundisf
                0x000000000000075c                __aeabi_l2f
                0x000000000000075c                __floatdisf
 .text          0x00000000000007d8       0x30 c:/ncs/toolchains/v2.0.2/opt/zephyr-sdk/arm-zephyr-eabi/bin/../lib/gcc/arm-zephyr-eabi/10.3.0/thumb/v7e-m/nofp\libgcc.a(_aeabi_uldivmod.o)
                0x00000000000007d8                __aeabi_uldivmod
 .text          0x0000000000000808        0x4 c:/ncs/toolchains/v2.0.2/opt/zephyr-sdk/arm-zephyr-eabi/bin/../lib/gcc/arm-zephyr-eabi/10.3.0/thumb/v7e-m/nofp\libgcc.a(_dvmd_tls.o)
                0x0000000000000808                __aeabi_idiv0
                0x0000000000000808                __aeabi_ldiv0
 .text          0x000000000000080c      0x2a6 c:/ncs/toolchains/v2.0.2/opt/zephyr-sdk/arm-zephyr-eabi/bin/../lib/gcc/arm-zephyr-eabi/10.3.0/thumb/v7e-m/nofp\libgcc.a(_udivmoddi4.o)
                0x000000000000080c                __udivmoddi4
 *(SORT_BY_ALIGNMENT(.text.*))
 *fill*         0x0000000000000ab2        0x2 
 .text.imu      0x0000000000000ab4       0xd0 app/libapp.a(imu.c.obj)
                0x0000000000000ab4                imu
 .text.blink_red
                0x0000000000000b84       0x28 app/libapp.a(led.c.obj)
                0x0000000000000b84                blink_red
 .text.blink_green
                0x0000000000000bac       0x1c app/libapp.a(led.c.obj)
                0x0000000000000bac                blink_green
 .text.blink_blue
                0x0000000000000bc8       0x1c app/libapp.a(led.c.obj)
                0x0000000000000bc8                blink_blue
 .text.main     0x0000000000000be4       0x1c app/libapp.a(main.c.obj)
                0x0000000000000be4                main
 .text.char_out
                0x0000000000000c00       0x14 zephyr/libzephyr.a(printk.c.obj)
 .text.__printk_hook_install
                0x0000000000000c14        0xc zephyr/libzephyr.a(printk.c.obj)
                0x0000000000000c14                __printk_hook_install
 .text.vprintk  0x0000000000000c20       0x20 zephyr/libzephyr.a(printk.c.obj)
                0x0000000000000c20                vprintk
 .text.process_event
                0x0000000000000c40      0x158 zephyr/libzephyr.a(onoff.c.obj)
 .text.extract_conversion
                0x0000000000000d98      0x360 zephyr/libzephyr.a(cbprintf_complete.c.obj)
 .text.encode_float
                0x00000000000010f8      0x3e0 zephyr/libzephyr.a(cbprintf_complete.c.obj)
 .text.cbvprintf
                0x00000000000014d8      0x6d8 zephyr/libzephyr.a(cbprintf_complete.c.obj)
                0x00000000000014d8                cbvprintf
 .text.pm_system_resume
                0x0000000000001bb0       0xc0 zephyr/libzephyr.a(pm.c.obj)
                0x0000000000001bb0                pm_system_resume
 .text.pm_system_suspend
                0x0000000000001c70      0x184 zephyr/libzephyr.a(pm.c.obj)
                0x0000000000001c70                pm_system_suspend
 .text.pm_policy_state_lock_is_active
                0x0000000000001df4       0x1c zephyr/libzephyr.a(policy.c.obj)
                0x0000000000001df4                pm_policy_state_lock_is_active
 .text.pm_policy_next_state
                0x0000000000001e10       0x94 zephyr/libzephyr.a(policy.c.obj)
                0x0000000000001e10                pm_policy_next_state
 .text.pm_state_cpu_get_all
                0x0000000000001ea4       0x10 zephyr/libzephyr.a(state.c.obj)
                0x0000000000001ea4                pm_state_cpu_get_all
 .text.z_arm_cpu_idle_init
                0x0000000000001eb4        0xc zephyr/arch/arch/arm/core/aarch32/libarch__arm__core__aarch32.a(cpu_idle.S.obj)
                0x0000000000001eb4                z_arm_cpu_idle_init
 .text.arch_cpu_idle
                0x0000000000001ec0       0x1c zephyr/arch/arch/arm/core/aarch32/libarch__arm__core__aarch32.a(cpu_idle.S.obj)
                0x0000000000001ec0                arch_cpu_idle
 .text.arch_cpu_atomic_idle
                0x0000000000001edc       0x14 zephyr/arch/arch/arm/core/aarch32/libarch__arm__core__aarch32.a(cpu_idle.S.obj)
                0x0000000000001edc                arch_cpu_atomic_idle
 .text.arch_irq_enable
                0x0000000000001ef0       0x1c zephyr/arch/arch/arm/core/aarch32/libarch__arm__core__aarch32.a(irq_manage.c.obj)
                0x0000000000001ef0                arch_irq_enable
 .text.arch_irq_disable
                0x0000000000001f0c       0x28 zephyr/arch/arch/arm/core/aarch32/libarch__arm__core__aarch32.a(irq_manage.c.obj)
                0x0000000000001f0c                arch_irq_disable
 .text.arch_irq_is_enabled
                0x0000000000001f34       0x1c zephyr/arch/arch/arm/core/aarch32/libarch__arm__core__aarch32.a(irq_manage.c.obj)
                0x0000000000001f34                arch_irq_is_enabled
 .text.z_arm_irq_priority_set
                0x0000000000001f50       0x2c zephyr/arch/arch/arm/core/aarch32/libarch__arm__core__aarch32.a(irq_manage.c.obj)
                0x0000000000001f50                z_arm_irq_priority_set
 .text.z_SysNmiOnReset
                0x0000000000001f7c        0x8 zephyr/arch/arch/arm/core/aarch32/libarch__arm__core__aarch32.a(nmi_on_reset.S.obj)
                0x0000000000001f7c                z_SysNmiOnReset
 .text.z_arm_prep_c
                0x0000000000001f84       0x38 zephyr/arch/arch/arm/core/aarch32/libarch__arm__core__aarch32.a(prep_c.c.obj)
                0x0000000000001f84                z_arm_prep_c
 .text.arch_swap
                0x0000000000001fbc       0x38 zephyr/arch/arch/arm/core/aarch32/libarch__arm__core__aarch32.a(swap.c.obj)
                0x0000000000001fbc                arch_swap
 .text.z_arm_pendsv
                0x0000000000001ff4       0x58 zephyr/arch/arch/arm/core/aarch32/libarch__arm__core__aarch32.a(swap_helper.S.obj)
                0x0000000000001ff4                z_arm_pendsv
 .text.z_arm_svc
                0x000000000000204c       0x20 zephyr/arch/arch/arm/core/aarch32/libarch__arm__core__aarch32.a(swap_helper.S.obj)
                0x000000000000204c                z_arm_svc
 .text.arch_new_thread
                0x000000000000206c       0x44 zephyr/arch/arch/arm/core/aarch32/libarch__arm__core__aarch32.a(thread.c.obj)
                0x000000000000206c                arch_new_thread
 .text.z_check_thread_stack_fail
                0x00000000000020b0       0x50 zephyr/arch/arch/arm/core/aarch32/libarch__arm__core__aarch32.a(thread.c.obj)
                0x00000000000020b0                z_check_thread_stack_fail
 .text.arch_switch_to_main_thread
                0x0000000000002100       0x2c zephyr/arch/arch/arm/core/aarch32/libarch__arm__core__aarch32.a(thread.c.obj)
                0x0000000000002100                arch_switch_to_main_thread
 .text._isr_wrapper
                0x000000000000212c       0x40 zephyr/arch/arch/arm/core/aarch32/libarch__arm__core__aarch32.a(isr_wrapper.S.obj)
                0x000000000000212c                _isr_wrapper
 .text._HandlerModeExit
                0x000000000000216c       0x1c zephyr/arch/arch/arm/core/aarch32/cortex_m/libarch__arm__core__aarch32__cortex_m.a(exc_exit.S.obj)
                0x000000000000216c                z_arm_int_exit
                0x000000000000216c                z_arm_exc_exit
 .text.bus_fault
                0x0000000000002188       0x54 zephyr/arch/arch/arm/core/aarch32/cortex_m/libarch__arm__core__aarch32__cortex_m.a(fault.c.obj)
 .text.usage_fault
                0x00000000000021dc       0x24 zephyr/arch/arch/arm/core/aarch32/cortex_m/libarch__arm__core__aarch32__cortex_m.a(fault.c.obj)
 .text.mem_manage_fault
                0x0000000000002200       0xa0 zephyr/arch/arch/arm/core/aarch32/cortex_m/libarch__arm__core__aarch32__cortex_m.a(fault.c.obj)
 .text.hard_fault
                0x00000000000022a0       0x7c zephyr/arch/arch/arm/core/aarch32/cortex_m/libarch__arm__core__aarch32__cortex_m.a(fault.c.obj)
 .text.z_arm_fault
                0x000000000000231c       0x94 zephyr/arch/arch/arm/core/aarch32/cortex_m/libarch__arm__core__aarch32__cortex_m.a(fault.c.obj)
                0x000000000000231c                z_arm_fault
 .text.z_arm_fault_init
                0x00000000000023b0       0x10 zephyr/arch/arch/arm/core/aarch32/cortex_m/libarch__arm__core__aarch32__cortex_m.a(fault.c.obj)
                0x00000000000023b0                z_arm_fault_init
 .text.__fault  0x00000000000023c0       0x14 zephyr/arch/arch/arm/core/aarch32/cortex_m/libarch__arm__core__aarch32__cortex_m.a(fault_s.S.obj)
                0x00000000000023c0                z_arm_usage_fault
                0x00000000000023c0                z_arm_mpu_fault
                0x00000000000023c0                z_arm_exc_spurious
                0x00000000000023c0                z_arm_debug_monitor
                0x00000000000023c0                z_arm_hard_fault
                0x00000000000023c0                z_arm_bus_fault
 .text.z_arm_interrupt_init
                0x00000000000023d4       0x34 zephyr/arch/arch/arm/core/aarch32/cortex_m/libarch__arm__core__aarch32__cortex_m.a(irq_init.c.obj)
                0x00000000000023d4                z_arm_interrupt_init
 .text._reset_section
                0x0000000000002408       0x54 zephyr/arch/arch/arm/core/aarch32/cortex_m/libarch__arm__core__aarch32__cortex_m.a(reset.S.obj)
                0x0000000000002408                __start
                0x0000000000002408                z_arm_reset
 .text.z_arm_clear_arm_mpu_config
                0x000000000000245c       0x28 zephyr/arch/arch/arm/core/aarch32/cortex_m/libarch__arm__core__aarch32__cortex_m.a(scb.c.obj)
                0x000000000000245c                z_arm_clear_arm_mpu_config
 .text.z_arm_init_arch_hw_at_boot
                0x0000000000002484       0x54 zephyr/arch/arch/arm/core/aarch32/cortex_m/libarch__arm__core__aarch32__cortex_m.a(scb.c.obj)
                0x0000000000002484                z_arm_init_arch_hw_at_boot
 .text.z_impl_k_thread_abort
                0x00000000000024d8       0x34 zephyr/arch/arch/arm/core/aarch32/cortex_m/libarch__arm__core__aarch32__cortex_m.a(thread_abort.c.obj)
                0x00000000000024d8                z_impl_k_thread_abort
 .text.z_arm_configure_static_mpu_regions
                0x000000000000250c       0x1c zephyr/arch/arch/arm/core/aarch32/mpu/libarch__arm__core__aarch32__mpu.a(arm_core_mpu.c.obj)
                0x000000000000250c                z_arm_configure_static_mpu_regions
 .text.z_arm_configure_dynamic_mpu_regions
                0x0000000000002528       0x24 zephyr/arch/arch/arm/core/aarch32/mpu/libarch__arm__core__aarch32__mpu.a(arm_core_mpu.c.obj)
                0x0000000000002528                z_arm_configure_dynamic_mpu_regions
 .text.region_init
                0x000000000000254c       0x28 zephyr/arch/arch/arm/core/aarch32/mpu/libarch__arm__core__aarch32__mpu.a(arm_mpu.c.obj)
 .text.mpu_configure_static_mpu_regions
                0x0000000000002574       0x14 zephyr/arch/arch/arm/core/aarch32/mpu/libarch__arm__core__aarch32__mpu.a(arm_mpu.c.obj)
 .text.mpu_configure_dynamic_mpu_regions
                0x0000000000002588       0x34 zephyr/arch/arch/arm/core/aarch32/mpu/libarch__arm__core__aarch32__mpu.a(arm_mpu.c.obj)
 .text.arm_core_mpu_enable
                0x00000000000025bc       0x18 zephyr/arch/arch/arm/core/aarch32/mpu/libarch__arm__core__aarch32__mpu.a(arm_mpu.c.obj)
                0x00000000000025bc                arm_core_mpu_enable
 .text.arm_core_mpu_disable
                0x00000000000025d4       0x14 zephyr/arch/arch/arm/core/aarch32/mpu/libarch__arm__core__aarch32__mpu.a(arm_mpu.c.obj)
                0x00000000000025d4                arm_core_mpu_disable
 .text.z_arm_mpu_init
                0x00000000000025e8       0x44 zephyr/arch/arch/arm/core/aarch32/mpu/libarch__arm__core__aarch32__mpu.a(arm_mpu.c.obj)
                0x00000000000025e8                z_arm_mpu_init
 .text.__stdout_hook_install
                0x000000000000262c        0xc zephyr/lib/libc/minimal/liblib__libc__minimal.a(stdout_console.c.obj)
                0x000000000000262c                __stdout_hook_install
 .text.nordicsemi_nrf52_init
                0x0000000000002638       0x30 zephyr/soc/arm/nordic_nrf/nrf52/libsoc__arm__nordic_nrf__nrf52.a(soc.c.obj)
 .text.sys_arch_reboot
                0x0000000000002668       0x2c zephyr/soc/arm/nordic_nrf/nrf52/libsoc__arm__nordic_nrf__nrf52.a(soc.c.obj)
                0x0000000000002668                sys_arch_reboot
 .text.arch_busy_wait
                0x0000000000002694       0x18 zephyr/soc/arm/nordic_nrf/nrf52/libsoc__arm__nordic_nrf__nrf52.a(soc.c.obj)
                0x0000000000002694                arch_busy_wait
 .text.get_hf_flags
                0x00000000000026ac        0x8 zephyr/drivers/clock_control/libdrivers__clock_control.a(clock_control_nrf.c.obj)
 .text.get_subsys
                0x00000000000026b4       0x18 zephyr/drivers/clock_control/libdrivers__clock_control.a(clock_control_nrf.c.obj)
 .text.onoff_stop
                0x00000000000026cc       0x20 zephyr/drivers/clock_control/libdrivers__clock_control.a(clock_control_nrf.c.obj)
 .text.onoff_start
                0x00000000000026ec       0x34 zephyr/drivers/clock_control/libdrivers__clock_control.a(clock_control_nrf.c.obj)
 .text.generic_hfclk_start
                0x0000000000002720       0x68 zephyr/drivers/clock_control/libdrivers__clock_control.a(clock_control_nrf.c.obj)
 .text.generic_hfclk_stop
                0x0000000000002788       0x30 zephyr/drivers/clock_control/libdrivers__clock_control.a(clock_control_nrf.c.obj)
 .text.api_blocking_start
                0x00000000000027b8       0x38 zephyr/drivers/clock_control/libdrivers__clock_control.a(clock_control_nrf.c.obj)
 .text.lfclk_start
                0x00000000000027f0       0x24 zephyr/drivers/clock_control/libdrivers__clock_control.a(clock_control_nrf.c.obj)
 .text.clk_init
                0x0000000000002814       0x68 zephyr/drivers/clock_control/libdrivers__clock_control.a(clock_control_nrf.c.obj)
 .text.clock_event_handler
                0x000000000000287c       0x40 zephyr/drivers/clock_control/libdrivers__clock_control.a(clock_control_nrf.c.obj)
 .text.lfclk_spinwait
                0x00000000000028bc       0x94 zephyr/drivers/clock_control/libdrivers__clock_control.a(clock_control_nrf.c.obj)
 .text.z_nrf_clock_control_get_onoff
                0x0000000000002950       0x10 zephyr/drivers/clock_control/libdrivers__clock_control.a(clock_control_nrf.c.obj)
                0x0000000000002950                z_nrf_clock_control_get_onoff
 .text.z_nrf_clock_control_lf_on
                0x0000000000002960       0x54 zephyr/drivers/clock_control/libdrivers__clock_control.a(clock_control_nrf.c.obj)
                0x0000000000002960                z_nrf_clock_control_lf_on
 .text.get_temperature
                0x00000000000029b4       0x48 zephyr/drivers/clock_control/libdrivers__clock_control.a(nrf_clock_calibration.c.obj)
 .text.hf_release
                0x00000000000029fc       0x10 zephyr/drivers/clock_control/libdrivers__clock_control.a(nrf_clock_calibration.c.obj)
 .text.start_cycle
                0x0000000000002a0c       0x30 zephyr/drivers/clock_control/libdrivers__clock_control.a(nrf_clock_calibration.c.obj)
 .text.start_hw_cal
                0x0000000000002a3c       0x14 zephyr/drivers/clock_control/libdrivers__clock_control.a(nrf_clock_calibration.c.obj)
 .text.cal_hf_callback
                0x0000000000002a50       0x20 zephyr/drivers/clock_control/libdrivers__clock_control.a(nrf_clock_calibration.c.obj)
 .text.measure_temperature
                0x0000000000002a70       0x6c zephyr/drivers/clock_control/libdrivers__clock_control.a(nrf_clock_calibration.c.obj)
 .text.hf_request
                0x0000000000002adc       0x1c zephyr/drivers/clock_control/libdrivers__clock_control.a(nrf_clock_calibration.c.obj)
 .text.start_cal_process
                0x0000000000002af8       0x2c zephyr/drivers/clock_control/libdrivers__clock_control.a(nrf_clock_calibration.c.obj)
 .text.start_unconditional_cal_process
                0x0000000000002b24       0x14 zephyr/drivers/clock_control/libdrivers__clock_control.a(nrf_clock_calibration.c.obj)
 .text.temp_sensor_init
                0x0000000000002b38       0x20 zephyr/drivers/clock_control/libdrivers__clock_control.a(nrf_clock_calibration.c.obj)
 .text.z_nrf_clock_calibration_init
                0x0000000000002b58       0x1c zephyr/drivers/clock_control/libdrivers__clock_control.a(nrf_clock_calibration.c.obj)
                0x0000000000002b58                z_nrf_clock_calibration_init
 .text.z_nrf_clock_calibration_lfclk_stopped
                0x0000000000002b74       0x10 zephyr/drivers/clock_control/libdrivers__clock_control.a(nrf_clock_calibration.c.obj)
                0x0000000000002b74                z_nrf_clock_calibration_lfclk_stopped
 .text.z_nrf_clock_calibration_done_handler
                0x0000000000002b84       0x14 zephyr/drivers/clock_control/libdrivers__clock_control.a(nrf_clock_calibration.c.obj)
                0x0000000000002b84                z_nrf_clock_calibration_done_handler
 .text.rtt_console_init
                0x0000000000002b98       0x18 zephyr/drivers/console/libdrivers__console.a(rtt_console.c.obj)
 .text.rtt_console_out
                0x0000000000002bb0       0x54 zephyr/drivers/console/libdrivers__console.a(rtt_console.c.obj)
 .text.get_dev  0x0000000000002c04       0x10 zephyr/drivers/gpio/libdrivers__gpio.a(gpio_nrfx.c.obj)
 .text.gpio_nrfx_pin_interrupt_configure
                0x0000000000002c14       0xbc zephyr/drivers/gpio/libdrivers__gpio.a(gpio_nrfx.c.obj)
 .text.pin_uninit
                0x0000000000002cd0       0x48 zephyr/drivers/gpio/libdrivers__gpio.a(gpio_nrfx.c.obj)
 .text.gpio_nrfx_pin_configure
                0x0000000000002d18      0x104 zephyr/drivers/gpio/libdrivers__gpio.a(gpio_nrfx.c.obj)
 .text.gpio_nrfx_init
                0x0000000000002e1c       0x3c zephyr/drivers/gpio/libdrivers__gpio.a(gpio_nrfx.c.obj)
 .text.i2c_nrfx_twim_recover_bus
                0x0000000000002e58       0x28 zephyr/drivers/i2c/libdrivers__i2c.a(i2c_nrfx_twim.c.obj)
 .text.init_twim
                0x0000000000002e80       0x30 zephyr/drivers/i2c/libdrivers__i2c.a(i2c_nrfx_twim.c.obj)
 .text.i2c_nrfx_twim_transfer
                0x0000000000002eb0      0x20c zephyr/drivers/i2c/libdrivers__i2c.a(i2c_nrfx_twim.c.obj)
 .text.event_handler
                0x00000000000030bc       0x40 zephyr/drivers/i2c/libdrivers__i2c.a(i2c_nrfx_twim.c.obj)
 .text.hfclk_on_callback
                0x00000000000030fc        0xc zephyr/drivers/sensor/nrf5/libdrivers__sensor__nrf5.a(temp_nrf5.c.obj)
 .text.temp_nrf5_channel_get
                0x0000000000003108       0x3c zephyr/drivers/sensor/nrf5/libdrivers__sensor__nrf5.a(temp_nrf5.c.obj)
 .text.temp_nrf5_sample_fetch
                0x0000000000003144       0x80 zephyr/drivers/sensor/nrf5/libdrivers__sensor__nrf5.a(temp_nrf5.c.obj)
 .text.temp_nrf5_init
                0x00000000000031c4       0x40 zephyr/drivers/sensor/nrf5/libdrivers__sensor__nrf5.a(temp_nrf5.c.obj)
 .text.temp_nrf5_isr
                0x0000000000003204       0x1c zephyr/drivers/sensor/nrf5/libdrivers__sensor__nrf5.a(temp_nrf5.c.obj)
 .text.set_comparator
                0x0000000000003220       0x14 zephyr/drivers/timer/libdrivers__timer.a(nrf_rtc_timer.c.obj)
 .text.get_comparator
                0x0000000000003234       0x10 zephyr/drivers/timer/libdrivers__timer.a(nrf_rtc_timer.c.obj)
 .text.event_enable
                0x0000000000003244       0x14 zephyr/drivers/timer/libdrivers__timer.a(nrf_rtc_timer.c.obj)
 .text.event_disable
                0x0000000000003258       0x14 zephyr/drivers/timer/libdrivers__timer.a(nrf_rtc_timer.c.obj)
 .text.counter  0x000000000000326c        0xc zephyr/drivers/timer/libdrivers__timer.a(nrf_rtc_timer.c.obj)
 .text.compare_int_lock
                0x0000000000003278       0x50 zephyr/drivers/timer/libdrivers__timer.a(nrf_rtc_timer.c.obj)
 .text.channel_processing_check_and_clear
                0x00000000000032c8       0x78 zephyr/drivers/timer/libdrivers__timer.a(nrf_rtc_timer.c.obj)
 .text.compare_int_unlock
                0x0000000000003340       0x60 zephyr/drivers/timer/libdrivers__timer.a(nrf_rtc_timer.c.obj)
 .text.sys_clock_timeout_handler
                0x00000000000033a0       0x78 zephyr/drivers/timer/libdrivers__timer.a(nrf_rtc_timer.c.obj)
 .text.z_nrf_rtc_timer_read
                0x0000000000003418       0x40 zephyr/drivers/timer/libdrivers__timer.a(nrf_rtc_timer.c.obj)
                0x0000000000003418                z_nrf_rtc_timer_read
 .text.compare_set_nolocks
                0x0000000000003458       0xa0 zephyr/drivers/timer/libdrivers__timer.a(nrf_rtc_timer.c.obj)
 .text.sys_clock_driver_init
                0x00000000000034f8       0x94 zephyr/drivers/timer/libdrivers__timer.a(nrf_rtc_timer.c.obj)
 .text.process_channel
                0x000000000000358c       0x74 zephyr/drivers/timer/libdrivers__timer.a(nrf_rtc_timer.c.obj)
 .text.rtc_nrf_isr
                0x0000000000003600       0x44 zephyr/drivers/timer/libdrivers__timer.a(nrf_rtc_timer.c.obj)
                0x0000000000003600                rtc_nrf_isr
 .text.sys_clock_set_timeout
                0x0000000000003644       0x64 zephyr/drivers/timer/libdrivers__timer.a(nrf_rtc_timer.c.obj)
                0x0000000000003644                sys_clock_set_timeout
 .text.sys_clock_elapsed
                0x00000000000036a8       0x14 zephyr/drivers/timer/libdrivers__timer.a(nrf_rtc_timer.c.obj)
                0x00000000000036a8                sys_clock_elapsed
 .text.pinctrl_configure_pins
                0x00000000000036bc      0x2cc zephyr/drivers/pinctrl/libdrivers__pinctrl.a(pinctrl_nrf.c.obj)
                0x00000000000036bc                pinctrl_configure_pins
 .text.__NVIC_SystemReset
                0x0000000000003988       0x24 modules/hal_nordic/nrfx/libmodules__hal_nordic__nrfx.a(system_nrf52.c.obj)
 .text.nvmc_wait
                0x00000000000039ac       0x10 modules/hal_nordic/nrfx/libmodules__hal_nordic__nrfx.a(system_nrf52.c.obj)
                0x00000000000039ac                nvmc_wait
 .text.nvmc_config
                0x00000000000039bc       0x14 modules/hal_nordic/nrfx/libmodules__hal_nordic__nrfx.a(system_nrf52.c.obj)
                0x00000000000039bc                nvmc_config
 .text.SystemCoreClockUpdate
                0x00000000000039d0       0x10 modules/hal_nordic/nrfx/libmodules__hal_nordic__nrfx.a(system_nrf52.c.obj)
                0x00000000000039d0                SystemCoreClockUpdate
 .text.SystemInit
                0x00000000000039e0      0x228 modules/hal_nordic/nrfx/libmodules__hal_nordic__nrfx.a(system_nrf52.c.obj)
                0x00000000000039e0                SystemInit
 .text.nrfx_flag32_alloc
                0x0000000000003c08       0x50 modules/hal_nordic/nrfx/libmodules__hal_nordic__nrfx.a(nrfx_flag32_allocator.c.obj)
                0x0000000000003c08                nrfx_flag32_alloc
 .text.nrfx_flag32_free
                0x0000000000003c58       0x44 modules/hal_nordic/nrfx/libmodules__hal_nordic__nrfx.a(nrfx_flag32_allocator.c.obj)
                0x0000000000003c58                nrfx_flag32_free
 .text.nrfx_clock_anomaly_132
                0x0000000000003c9c       0x40 modules/hal_nordic/nrfx/libmodules__hal_nordic__nrfx.a(nrfx_clock.c.obj)
 .text.clock_stop
                0x0000000000003cdc       0xd4 modules/hal_nordic/nrfx/libmodules__hal_nordic__nrfx.a(nrfx_clock.c.obj)
 .text.nrfx_clock_init
                0x0000000000003db0       0x28 modules/hal_nordic/nrfx/libmodules__hal_nordic__nrfx.a(nrfx_clock.c.obj)
                0x0000000000003db0                nrfx_clock_init
 .text.nrfx_clock_calibration_start
                0x0000000000003dd8       0x80 modules/hal_nordic/nrfx/libmodules__hal_nordic__nrfx.a(nrfx_clock.c.obj)
                0x0000000000003dd8                nrfx_clock_calibration_start
 .text.nrfx_power_clock_irq_handler
                0x0000000000003e58       0x98 modules/hal_nordic/nrfx/libmodules__hal_nordic__nrfx.a(nrfx_clock.c.obj)
                0x0000000000003e58                nrfx_power_clock_irq_handler
 .text.pin_in_use
                0x0000000000003ef0       0x14 modules/hal_nordic/nrfx/libmodules__hal_nordic__nrfx.a(nrfx_gpiote.c.obj)
 .text.pin_in_use_by_te
                0x0000000000003f04       0x14 modules/hal_nordic/nrfx/libmodules__hal_nordic__nrfx.a(nrfx_gpiote.c.obj)
 .text.pin_has_trigger
                0x0000000000003f18       0x18 modules/hal_nordic/nrfx/libmodules__hal_nordic__nrfx.a(nrfx_gpiote.c.obj)
 .text.pin_is_output
                0x0000000000003f30       0x14 modules/hal_nordic/nrfx/libmodules__hal_nordic__nrfx.a(nrfx_gpiote.c.obj)
 .text.pin_te_get
                0x0000000000003f44       0x10 modules/hal_nordic/nrfx/libmodules__hal_nordic__nrfx.a(nrfx_gpiote.c.obj)
 .text.handler_in_use
                0x0000000000003f54       0x34 modules/hal_nordic/nrfx/libmodules__hal_nordic__nrfx.a(nrfx_gpiote.c.obj)
 .text.find_handler
                0x0000000000003f88       0x2c modules/hal_nordic/nrfx/libmodules__hal_nordic__nrfx.a(nrfx_gpiote.c.obj)
 .text.channel_handler_get
                0x0000000000003fb4       0x20 modules/hal_nordic/nrfx/libmodules__hal_nordic__nrfx.a(nrfx_gpiote.c.obj)
 .text.call_handler
                0x0000000000003fd4       0x2c modules/hal_nordic/nrfx/libmodules__hal_nordic__nrfx.a(nrfx_gpiote.c.obj)
 .text.release_handler
                0x0000000000004000       0x44 modules/hal_nordic/nrfx/libmodules__hal_nordic__nrfx.a(nrfx_gpiote.c.obj)
 .text.pin_handler_trigger_uninit
                0x0000000000004044       0x38 modules/hal_nordic/nrfx/libmodules__hal_nordic__nrfx.a(nrfx_gpiote.c.obj)
 .text.pin_handler_set
                0x000000000000407c       0x6c modules/hal_nordic/nrfx/libmodules__hal_nordic__nrfx.a(nrfx_gpiote.c.obj)
 .text.port_event_handle
                0x00000000000040e8       0xa8 modules/hal_nordic/nrfx/libmodules__hal_nordic__nrfx.a(nrfx_gpiote.c.obj)
 .text.gpiote_evt_handle
                0x0000000000004190       0x44 modules/hal_nordic/nrfx/libmodules__hal_nordic__nrfx.a(nrfx_gpiote.c.obj)
 .text.nrfx_gpiote_input_configure
                0x00000000000041d4      0x164 modules/hal_nordic/nrfx/libmodules__hal_nordic__nrfx.a(nrfx_gpiote.c.obj)
                0x00000000000041d4                nrfx_gpiote_input_configure
 .text.nrfx_gpiote_output_configure
                0x0000000000004338      0x16c modules/hal_nordic/nrfx/libmodules__hal_nordic__nrfx.a(nrfx_gpiote.c.obj)
                0x0000000000004338                nrfx_gpiote_output_configure
 .text.nrfx_gpiote_global_callback_set
                0x00000000000044a4        0xc modules/hal_nordic/nrfx/libmodules__hal_nordic__nrfx.a(nrfx_gpiote.c.obj)
                0x00000000000044a4                nrfx_gpiote_global_callback_set
 .text.nrfx_gpiote_channel_get
                0x00000000000044b0       0x30 modules/hal_nordic/nrfx/libmodules__hal_nordic__nrfx.a(nrfx_gpiote.c.obj)
                0x00000000000044b0                nrfx_gpiote_channel_get
 .text.nrfx_gpiote_init
                0x00000000000044e0       0x54 modules/hal_nordic/nrfx/libmodules__hal_nordic__nrfx.a(nrfx_gpiote.c.obj)
                0x00000000000044e0                nrfx_gpiote_init
 .text.nrfx_gpiote_is_init
                0x0000000000004534       0x14 modules/hal_nordic/nrfx/libmodules__hal_nordic__nrfx.a(nrfx_gpiote.c.obj)
                0x0000000000004534                nrfx_gpiote_is_init
 .text.nrfx_gpiote_channel_free
                0x0000000000004548       0x10 modules/hal_nordic/nrfx/libmodules__hal_nordic__nrfx.a(nrfx_gpiote.c.obj)
                0x0000000000004548                nrfx_gpiote_channel_free
 .text.nrfx_gpiote_channel_alloc
                0x0000000000004558       0x10 modules/hal_nordic/nrfx/libmodules__hal_nordic__nrfx.a(nrfx_gpiote.c.obj)
                0x0000000000004558                nrfx_gpiote_channel_alloc
 .text.nrfx_gpiote_trigger_enable
                0x0000000000004568       0xb0 modules/hal_nordic/nrfx/libmodules__hal_nordic__nrfx.a(nrfx_gpiote.c.obj)
                0x0000000000004568                nrfx_gpiote_trigger_enable
 .text.nrfx_gpiote_trigger_disable
                0x0000000000004618       0x54 modules/hal_nordic/nrfx/libmodules__hal_nordic__nrfx.a(nrfx_gpiote.c.obj)
                0x0000000000004618                nrfx_gpiote_trigger_disable
 .text.nrfx_gpiote_pin_uninit
                0x000000000000466c       0x38 modules/hal_nordic/nrfx/libmodules__hal_nordic__nrfx.a(nrfx_gpiote.c.obj)
                0x000000000000466c                nrfx_gpiote_pin_uninit
 .text.nrfx_gpiote_irq_handler
                0x00000000000046a4       0x60 modules/hal_nordic/nrfx/libmodules__hal_nordic__nrfx.a(nrfx_gpiote.c.obj)
                0x00000000000046a4                nrfx_gpiote_irq_handler
 .text.twi_process_error
                0x0000000000004704       0x34 modules/hal_nordic/nrfx/libmodules__hal_nordic__nrfx.a(nrfx_twim.c.obj)
 .text.twim_xfer
                0x0000000000004738      0x2b0 modules/hal_nordic/nrfx/libmodules__hal_nordic__nrfx.a(nrfx_twim.c.obj)
 .text.twim_irq_handler
                0x00000000000049e8      0x1dc modules/hal_nordic/nrfx/libmodules__hal_nordic__nrfx.a(nrfx_twim.c.obj)
 .text.nrfx_twim_init
                0x0000000000004bc4       0x94 modules/hal_nordic/nrfx/libmodules__hal_nordic__nrfx.a(nrfx_twim.c.obj)
                0x0000000000004bc4                nrfx_twim_init
 .text.nrfx_twim_enable
                0x0000000000004c58       0x20 modules/hal_nordic/nrfx/libmodules__hal_nordic__nrfx.a(nrfx_twim.c.obj)
                0x0000000000004c58                nrfx_twim_enable
 .text.nrfx_twim_disable
                0x0000000000004c78       0x3c modules/hal_nordic/nrfx/libmodules__hal_nordic__nrfx.a(nrfx_twim.c.obj)
                0x0000000000004c78                nrfx_twim_disable
 .text.nrfx_twim_uninit
                0x0000000000004cb4       0x7c modules/hal_nordic/nrfx/libmodules__hal_nordic__nrfx.a(nrfx_twim.c.obj)
                0x0000000000004cb4                nrfx_twim_uninit
 .text.nrfx_twim_xfer
                0x0000000000004d30       0x20 modules/hal_nordic/nrfx/libmodules__hal_nordic__nrfx.a(nrfx_twim.c.obj)
                0x0000000000004d30                nrfx_twim_xfer
 .text.nrfx_twim_0_irq_handler
                0x0000000000004d50       0x14 modules/hal_nordic/nrfx/libmodules__hal_nordic__nrfx.a(nrfx_twim.c.obj)
                0x0000000000004d50                nrfx_twim_0_irq_handler
 .text.nrfx_twi_twim_bus_recover
                0x0000000000004d64       0xac modules/hal_nordic/nrfx/libmodules__hal_nordic__nrfx.a(nrfx_twi_twim.c.obj)
                0x0000000000004d64                nrfx_twi_twim_bus_recover
 .text._DoInit  0x0000000000004e10       0x6c modules/segger/libmodules__segger.a(SEGGER_RTT.c.obj)
 .text.SEGGER_RTT_WriteNoLock
                0x0000000000004e7c       0x6c modules/segger/libmodules__segger.a(SEGGER_RTT.c.obj)
                0x0000000000004e7c                SEGGER_RTT_WriteNoLock
 .text.z_device_state_init
                0x0000000000004ee8       0x18 zephyr/kernel/libkernel.a(device.c.obj)
                0x0000000000004ee8                z_device_state_init
 .text.z_sys_init_run_level
                0x0000000000004f00       0x50 zephyr/kernel/libkernel.a(device.c.obj)
                0x0000000000004f00                z_sys_init_run_level
 .text.init_idle_thread
                0x0000000000004f50       0x60 zephyr/kernel/libkernel.a(init.c.obj)
 .text.bg_thread_main
                0x0000000000004fb0       0x34 zephyr/kernel/libkernel.a(init.c.obj)
 .text.switch_to_main_thread
                0x0000000000004fe4       0x14 zephyr/kernel/libkernel.a(init.c.obj)
 .text.z_bss_zero
                0x0000000000004ff8       0x18 zephyr/kernel/libkernel.a(init.c.obj)
                0x0000000000004ff8                z_bss_zero
 .text.z_init_cpu
                0x0000000000005010       0x44 zephyr/kernel/libkernel.a(init.c.obj)
                0x0000000000005010                z_init_cpu
 .text.prepare_multithreading
                0x0000000000005054       0x60 zephyr/kernel/libkernel.a(init.c.obj)
 .text.z_cstart
                0x00000000000050b4       0x88 zephyr/kernel/libkernel.a(init.c.obj)
                0x00000000000050b4                z_cstart
 .text.z_thread_monitor_exit
                0x000000000000513c       0x40 zephyr/kernel/libkernel.a(thread.c.obj)
                0x000000000000513c                z_thread_monitor_exit
 .text.z_impl_k_thread_name_set
                0x000000000000517c       0x24 zephyr/kernel/libkernel.a(thread.c.obj)
                0x000000000000517c                z_impl_k_thread_name_set
 .text.schedule_new_thread
                0x00000000000051a0       0x1c zephyr/kernel/libkernel.a(thread.c.obj)
 .text.z_setup_new_thread
                0x00000000000051bc       0xc8 zephyr/kernel/libkernel.a(thread.c.obj)
                0x00000000000051bc                z_setup_new_thread
 .text.z_init_static_threads
                0x0000000000005284       0x94 zephyr/kernel/libkernel.a(thread.c.obj)
                0x0000000000005284                z_init_static_threads
 .text.idle     0x0000000000005318       0x3c zephyr/kernel/libkernel.a(idle.c.obj)
                0x0000000000005318                idle
 .text.z_impl_k_msgq_put
                0x0000000000005354       0xac zephyr/kernel/libkernel.a(msg_q.c.obj)
                0x0000000000005354                z_impl_k_msgq_put
 .text.z_impl_k_msgq_get
                0x0000000000005400       0xbc zephyr/kernel/libkernel.a(msg_q.c.obj)
                0x0000000000005400                z_impl_k_msgq_get
 .text.z_impl_k_mutex_lock
                0x00000000000054bc      0x114 zephyr/kernel/libkernel.a(mutex.c.obj)
                0x00000000000054bc                z_impl_k_mutex_lock
 .text.z_impl_k_mutex_unlock
                0x00000000000055d0       0x88 zephyr/kernel/libkernel.a(mutex.c.obj)
                0x00000000000055d0                z_impl_k_mutex_unlock
 .text.z_impl_k_sem_give
                0x0000000000005658       0x48 zephyr/kernel/libkernel.a(sem.c.obj)
                0x0000000000005658                z_impl_k_sem_give
 .text.z_impl_k_sem_take
                0x00000000000056a0       0x50 zephyr/kernel/libkernel.a(sem.c.obj)
                0x00000000000056a0                z_impl_k_sem_take
 .text.submit_to_queue_locked
                0x00000000000056f0       0xd8 zephyr/kernel/libkernel.a(work.c.obj)
 .text.finalize_cancel_locked
                0x00000000000057c8       0x7c zephyr/kernel/libkernel.a(work.c.obj)
 .text.work_queue_main
                0x0000000000005844       0xf0 zephyr/kernel/libkernel.a(work.c.obj)
 .text.k_work_submit
                0x0000000000005934       0x10 zephyr/kernel/libkernel.a(work.c.obj)
                0x0000000000005934                k_work_submit
 .text.k_work_queue_start
                0x0000000000005944       0x7c zephyr/kernel/libkernel.a(work.c.obj)
                0x0000000000005944                k_work_queue_start
 .text.add_thread_timeout
                0x00000000000059c0       0x20 zephyr/kernel/libkernel.a(sched.c.obj)
 .text.z_reset_time_slice
                0x00000000000059e0       0x28 zephyr/kernel/libkernel.a(sched.c.obj)
                0x00000000000059e0                z_reset_time_slice
 .text.k_sched_time_slice_set
                0x0000000000005a08       0x74 zephyr/kernel/libkernel.a(sched.c.obj)
                0x0000000000005a08                k_sched_time_slice_set
 .text.z_reschedule
                0x0000000000005a7c       0x38 zephyr/kernel/libkernel.a(sched.c.obj)
                0x0000000000005a7c                z_reschedule
 .text.k_sched_lock
                0x0000000000005ab4       0x34 zephyr/kernel/libkernel.a(sched.c.obj)
                0x0000000000005ab4                k_sched_lock
 .text.update_cache
                0x0000000000005ae8       0x50 zephyr/kernel/libkernel.a(sched.c.obj)
 .text.move_thread_to_end_of_prio_q
                0x0000000000005b38       0x88 zephyr/kernel/libkernel.a(sched.c.obj)
 .text.slice_expired_locked
                0x0000000000005bc0       0x28 zephyr/kernel/libkernel.a(sched.c.obj)
 .text.z_time_slice
                0x0000000000005be8       0xb0 zephyr/kernel/libkernel.a(sched.c.obj)
                0x0000000000005be8                z_time_slice
 .text.ready_thread
                0x0000000000005c98       0x80 zephyr/kernel/libkernel.a(sched.c.obj)
 .text.z_sched_start
                0x0000000000005d18       0x3c zephyr/kernel/libkernel.a(sched.c.obj)
                0x0000000000005d18                z_sched_start
 .text.unready_thread
                0x0000000000005d54       0x38 zephyr/kernel/libkernel.a(sched.c.obj)
 .text.z_pend_curr
                0x0000000000005d8c       0x28 zephyr/kernel/libkernel.a(sched.c.obj)
                0x0000000000005d8c                z_pend_curr
 .text.z_set_prio
                0x0000000000005db4       0xc0 zephyr/kernel/libkernel.a(sched.c.obj)
                0x0000000000005db4                z_set_prio
 .text.z_impl_k_thread_suspend
                0x0000000000005e74       0x84 zephyr/kernel/libkernel.a(sched.c.obj)
                0x0000000000005e74                z_impl_k_thread_suspend
 .text.k_sched_unlock
                0x0000000000005ef8       0x50 zephyr/kernel/libkernel.a(sched.c.obj)
                0x0000000000005ef8                k_sched_unlock
 .text.end_thread
                0x0000000000005f48       0x9c zephyr/kernel/libkernel.a(sched.c.obj)
 .text.z_sched_init
                0x0000000000005fe4       0x18 zephyr/kernel/libkernel.a(sched.c.obj)
                0x0000000000005fe4                z_sched_init
 .text.z_impl_k_yield
                0x0000000000005ffc       0x88 zephyr/kernel/libkernel.a(sched.c.obj)
                0x0000000000005ffc                z_impl_k_yield
 .text.z_tick_sleep
                0x0000000000006084       0x98 zephyr/kernel/libkernel.a(sched.c.obj)
 .text.z_impl_k_sleep
                0x000000000000611c       0x58 zephyr/kernel/libkernel.a(sched.c.obj)
                0x000000000000611c                z_impl_k_sleep
 .text.z_impl_z_current_get
                0x0000000000006174        0xc zephyr/kernel/libkernel.a(sched.c.obj)
                0x0000000000006174                z_impl_z_current_get
 .text.z_thread_abort
                0x0000000000006180       0x50 zephyr/kernel/libkernel.a(sched.c.obj)
                0x0000000000006180                z_thread_abort
 .text.z_sched_wait
                0x00000000000061d0       0x28 zephyr/kernel/libkernel.a(sched.c.obj)
                0x00000000000061d0                z_sched_wait
 .text.z_data_copy
                0x00000000000061f8       0x34 zephyr/kernel/libkernel.a(xip.c.obj)
                0x00000000000061f8                z_data_copy
 .text.first    0x000000000000622c       0x14 zephyr/kernel/libkernel.a(timeout.c.obj)
 .text.next     0x0000000000006240       0x18 zephyr/kernel/libkernel.a(timeout.c.obj)
 .text.elapsed  0x0000000000006258       0x18 zephyr/kernel/libkernel.a(timeout.c.obj)
 .text.next_timeout
                0x0000000000006270       0x4c zephyr/kernel/libkernel.a(timeout.c.obj)
 .text.z_add_timeout
                0x00000000000062bc      0x118 zephyr/kernel/libkernel.a(timeout.c.obj)
                0x00000000000062bc                z_add_timeout
 .text.sys_clock_announce
                0x00000000000063d4       0xc4 zephyr/kernel/libkernel.a(timeout.c.obj)
                0x00000000000063d4                sys_clock_announce
 .text.sys_clock_tick_get
                0x0000000000006498       0x40 zephyr/kernel/libkernel.a(timeout.c.obj)
                0x0000000000006498                sys_clock_tick_get
 .text.z_timer_expiration_handler
                0x00000000000064d8       0x98 zephyr/kernel/libkernel.a(timer.c.obj)
                0x00000000000064d8                z_timer_expiration_handler
 .text.z_impl_k_timer_start
                0x0000000000006570       0xac zephyr/kernel/libkernel.a(timer.c.obj)
                0x0000000000006570                z_impl_k_timer_start
 .text.boot_banner
                0x000000000000661c       0x1c zephyr/kernel/libkernel.a(banner.c.obj)
                0x000000000000661c                boot_banner
 .text.statics_init
                0x0000000000006638       0x24 zephyr/kernel/libkernel.a(kheap.c.obj)
 .text.k_sys_work_q_init
                0x000000000000665c       0x34 zephyr/kernel/libkernel.a(system_work_q.c.obj)
 .text.blink    0x0000000000006690       0x9e app/libapp.a(led.c.obj)
                0x0000000000006690                blink
 .text.sys_notify_validate
                0x000000000000672e       0x2e zephyr/libzephyr.a(notify.c.obj)
                0x000000000000672e                sys_notify_validate
 .text.sys_notify_finalize
                0x000000000000675c       0x1a zephyr/libzephyr.a(notify.c.obj)
                0x000000000000675c                sys_notify_finalize
 .text.arch_printk_char_out
                0x0000000000006776        0x4 zephyr/libzephyr.a(printk.c.obj)
                0x0000000000006776                arch_printk_char_out
 .text.printk   0x000000000000677a       0x1c zephyr/libzephyr.a(printk.c.obj)
                0x000000000000677a                printk
 .text.set_state
                0x0000000000006796       0x10 zephyr/libzephyr.a(onoff.c.obj)
 .text.notify_monitors
                0x00000000000067a6       0x3e zephyr/libzephyr.a(onoff.c.obj)
 .text.process_recheck
                0x00000000000067e4       0x32 zephyr/libzephyr.a(onoff.c.obj)
 .text.process_complete
                0x0000000000006816       0x9c zephyr/libzephyr.a(onoff.c.obj)
 .text.validate_args
                0x00000000000068b2       0x2c zephyr/libzephyr.a(onoff.c.obj)
 .text.notify_one
                0x00000000000068de       0x26 zephyr/libzephyr.a(onoff.c.obj)
 .text.notify_all
                0x0000000000006904       0x2e zephyr/libzephyr.a(onoff.c.obj)
 .text.transition_complete
                0x0000000000006932       0x1c zephyr/libzephyr.a(onoff.c.obj)
 .text.onoff_manager_init
                0x000000000000694e       0x3a zephyr/libzephyr.a(onoff.c.obj)
                0x000000000000694e                onoff_manager_init
 .text.onoff_request
                0x0000000000006988       0xb8 zephyr/libzephyr.a(onoff.c.obj)
                0x0000000000006988                onoff_request
 .text.onoff_release
                0x0000000000006a40       0x4c zephyr/libzephyr.a(onoff.c.obj)
                0x0000000000006a40                onoff_release
 .text.z_thread_entry
                0x0000000000006a8c       0x14 zephyr/libzephyr.a(thread_entry.c.obj)
                0x0000000000006a8c                z_thread_entry
 .text.free_list_add_bidx
                0x0000000000006aa0       0x50 zephyr/libzephyr.a(heap.c.obj)
 .text.free_list_add
                0x0000000000006af0       0x18 zephyr/libzephyr.a(heap.c.obj)
 .text.sys_heap_init
                0x0000000000006b08       0x84 zephyr/libzephyr.a(heap.c.obj)
                0x0000000000006b08                sys_heap_init
 .text.extract_decimal
                0x0000000000006b8c       0x24 zephyr/libzephyr.a(cbprintf_complete.c.obj)
 .text._ldiv5   0x0000000000006bb0       0x36 zephyr/libzephyr.a(cbprintf_complete.c.obj)
 .text._ldiv10  0x0000000000006be6       0x18 zephyr/libzephyr.a(cbprintf_complete.c.obj)
 .text._get_digit
                0x0000000000006bfe       0x3c zephyr/libzephyr.a(cbprintf_complete.c.obj)
 .text.encode_uint
                0x0000000000006c3a       0xd4 zephyr/libzephyr.a(cbprintf_complete.c.obj)
 .text.outs     0x0000000000006d0e       0x34 zephyr/libzephyr.a(cbprintf_complete.c.obj)
 .text._ConfigAbsSyms
                0x0000000000006d42        0x2 zephyr/libzephyr.a(configs.c.obj)
                0x0000000000006d42                _ConfigAbsSyms
 .text.z_arm_fatal_error
                0x0000000000006d44        0x8 zephyr/arch/arch/arm/core/aarch32/libarch__arm__core__aarch32.a(fatal.c.obj)
                0x0000000000006d44                z_arm_fatal_error
 .text.z_do_kernel_oops
                0x0000000000006d4c        0xc zephyr/arch/arch/arm/core/aarch32/libarch__arm__core__aarch32.a(fatal.c.obj)
                0x0000000000006d4c                z_do_kernel_oops
 .text.z_irq_spurious
                0x0000000000006d58        0xc zephyr/arch/arch/arm/core/aarch32/libarch__arm__core__aarch32.a(irq_manage.c.obj)
                0x0000000000006d58                z_irq_spurious
 .text.z_arm_nmi
                0x0000000000006d64        0xc zephyr/arch/arch/arm/core/aarch32/libarch__arm__core__aarch32.a(nmi.c.obj)
                0x0000000000006d64                z_arm_nmi
 .text.memory_fault_recoverable
                0x0000000000006d70        0x4 zephyr/arch/arch/arm/core/aarch32/cortex_m/libarch__arm__core__aarch32__cortex_m.a(fault.c.obj)
 .text.debug_monitor
                0x0000000000006d74        0x6 zephyr/arch/arch/arm/core/aarch32/cortex_m/libarch__arm__core__aarch32__cortex_m.a(fault.c.obj)
 .text.fault_handle
                0x0000000000006d7a       0x46 zephyr/arch/arch/arm/core/aarch32/cortex_m/libarch__arm__core__aarch32__cortex_m.a(fault.c.obj)
 .text.mpu_partition_is_valid
                0x0000000000006dc0       0x22 zephyr/arch/arch/arm/core/aarch32/mpu/libarch__arm__core__aarch32__mpu.a(arm_mpu.c.obj)
 .text.region_allocate_and_init
                0x0000000000006de2       0x16 zephyr/arch/arch/arm/core/aarch32/mpu/libarch__arm__core__aarch32__mpu.a(arm_mpu.c.obj)
 .text.mpu_configure_region
                0x0000000000006df8       0x3e zephyr/arch/arch/arm/core/aarch32/mpu/libarch__arm__core__aarch32__mpu.a(arm_mpu.c.obj)
 .text.mpu_configure_regions
                0x0000000000006e36       0x50 zephyr/arch/arch/arm/core/aarch32/mpu/libarch__arm__core__aarch32__mpu.a(arm_mpu.c.obj)
 .text.arm_core_mpu_configure_static_mpu_regions
                0x0000000000006e86        0x8 zephyr/arch/arch/arm/core/aarch32/mpu/libarch__arm__core__aarch32__mpu.a(arm_mpu.c.obj)
                0x0000000000006e86                arm_core_mpu_configure_static_mpu_regions
 .text.arm_core_mpu_configure_dynamic_mpu_regions
                0x0000000000006e8e        0x8 zephyr/arch/arch/arm/core/aarch32/mpu/libarch__arm__core__aarch32__mpu.a(arm_mpu.c.obj)
                0x0000000000006e8e                arm_core_mpu_configure_dynamic_mpu_regions
 .text.strcpy   0x0000000000006e96       0x14 zephyr/lib/libc/minimal/liblib__libc__minimal.a(string.c.obj)
                0x0000000000006e96                strcpy
 .text.strncpy  0x0000000000006eaa       0x34 zephyr/lib/libc/minimal/liblib__libc__minimal.a(string.c.obj)
                0x0000000000006eaa                strncpy
 .text.strlen   0x0000000000006ede       0x12 zephyr/lib/libc/minimal/liblib__libc__minimal.a(string.c.obj)
                0x0000000000006ede                strlen
 .text.strnlen  0x0000000000006ef0       0x14 zephyr/lib/libc/minimal/liblib__libc__minimal.a(string.c.obj)
                0x0000000000006ef0                strnlen
 .text.memcpy   0x0000000000006f04       0x5e zephyr/lib/libc/minimal/liblib__libc__minimal.a(string.c.obj)
                0x0000000000006f04                memcpy
 .text.memset   0x0000000000006f62       0x3c zephyr/lib/libc/minimal/liblib__libc__minimal.a(string.c.obj)
                0x0000000000006f62                memset
 .text._stdout_hook_default
                0x0000000000006f9e        0x6 zephyr/lib/libc/minimal/liblib__libc__minimal.a(stdout_console.c.obj)
 .text.pm_state_set
                0x0000000000006fa4       0x18 zephyr/soc/arm/nordic_nrf/nrf52/libsoc__arm__nordic_nrf__nrf52.a(power.c.obj)
                0x0000000000006fa4                pm_state_set
 .text.pm_state_exit_post_ops
                0x0000000000006fbc        0xc zephyr/soc/arm/nordic_nrf/nrf52/libsoc__arm__nordic_nrf__nrf52.a(power.c.obj)
                0x0000000000006fbc                pm_state_exit_post_ops
 .text.get_sub_data
                0x0000000000006fc8        0xe zephyr/drivers/clock_control/libdrivers__clock_control.a(clock_control_nrf.c.obj)
 .text.get_sub_config
                0x0000000000006fd6        0x8 zephyr/drivers/clock_control/libdrivers__clock_control.a(clock_control_nrf.c.obj)
 .text.get_onoff_manager
                0x0000000000006fde        0xc zephyr/drivers/clock_control/libdrivers__clock_control.a(clock_control_nrf.c.obj)
 .text.get_status
                0x0000000000006fea       0x10 zephyr/drivers/clock_control/libdrivers__clock_control.a(clock_control_nrf.c.obj)
 .text.set_off_state
                0x0000000000006ffa       0x32 zephyr/drivers/clock_control/libdrivers__clock_control.a(clock_control_nrf.c.obj)
 .text.set_starting_state
                0x000000000000702c       0x3c zephyr/drivers/clock_control/libdrivers__clock_control.a(clock_control_nrf.c.obj)
 .text.set_on_state
                0x0000000000007068       0x26 zephyr/drivers/clock_control/libdrivers__clock_control.a(clock_control_nrf.c.obj)
 .text.clkstarted_handle
                0x000000000000708e       0x24 zephyr/drivers/clock_control/libdrivers__clock_control.a(clock_control_nrf.c.obj)
 .text.stop     0x00000000000070b2       0x2a zephyr/drivers/clock_control/libdrivers__clock_control.a(clock_control_nrf.c.obj)
 .text.api_stop
                0x00000000000070dc        0xa zephyr/drivers/clock_control/libdrivers__clock_control.a(clock_control_nrf.c.obj)
 .text.async_start
                0x00000000000070e6       0x38 zephyr/drivers/clock_control/libdrivers__clock_control.a(clock_control_nrf.c.obj)
 .text.api_start
                0x000000000000711e       0x10 zephyr/drivers/clock_control/libdrivers__clock_control.a(clock_control_nrf.c.obj)
 .text.onoff_started_callback
                0x000000000000712e       0x10 zephyr/drivers/clock_control/libdrivers__clock_control.a(clock_control_nrf.c.obj)
 .text.hfclk_start
                0x000000000000713e        0xa zephyr/drivers/clock_control/libdrivers__clock_control.a(clock_control_nrf.c.obj)
 .text.hfclk_stop
                0x0000000000007148        0xa zephyr/drivers/clock_control/libdrivers__clock_control.a(clock_control_nrf.c.obj)
 .text.blocking_start_callback
                0x0000000000007152        0xa zephyr/drivers/clock_control/libdrivers__clock_control.a(clock_control_nrf.c.obj)
 .text.lfclk_stop
                0x000000000000715c        0xe zephyr/drivers/clock_control/libdrivers__clock_control.a(clock_control_nrf.c.obj)
 .text.clk_release
                0x000000000000716a        0x8 zephyr/drivers/clock_control/libdrivers__clock_control.a(nrf_clock_calibration.c.obj)
 .text.clk_request
                0x0000000000007172       0x16 zephyr/drivers/clock_control/libdrivers__clock_control.a(nrf_clock_calibration.c.obj)
 .text.timeout_handler
                0x0000000000007188        0x8 zephyr/drivers/clock_control/libdrivers__clock_control.a(nrf_clock_calibration.c.obj)
 .text.z_nrf_clock_calibration_lfclk_started
                0x0000000000007190        0x8 zephyr/drivers/clock_control/libdrivers__clock_control.a(nrf_clock_calibration.c.obj)
                0x0000000000007190                z_nrf_clock_calibration_lfclk_started
 .text.wait     0x0000000000007198       0x14 zephyr/drivers/console/libdrivers__console.a(rtt_console.c.obj)
 .text.get_drive
                0x00000000000071ac       0x8c zephyr/drivers/gpio/libdrivers__gpio.a(gpio_nrfx.c.obj)
 .text.get_pull
                0x0000000000007238       0x18 zephyr/drivers/gpio/libdrivers__gpio.a(gpio_nrfx.c.obj)
 .text.gpio_nrfx_port_get_raw
                0x0000000000007250        0xe zephyr/drivers/gpio/libdrivers__gpio.a(gpio_nrfx.c.obj)
 .text.gpio_nrfx_port_set_masked_raw
                0x000000000000725e       0x16 zephyr/drivers/gpio/libdrivers__gpio.a(gpio_nrfx.c.obj)
 .text.gpio_nrfx_port_set_bits_raw
                0x0000000000007274        0xc zephyr/drivers/gpio/libdrivers__gpio.a(gpio_nrfx.c.obj)
 .text.gpio_nrfx_port_clear_bits_raw
                0x0000000000007280        0xc zephyr/drivers/gpio/libdrivers__gpio.a(gpio_nrfx.c.obj)
 .text.gpio_nrfx_port_toggle_bits
                0x000000000000728c       0x12 zephyr/drivers/gpio/libdrivers__gpio.a(gpio_nrfx.c.obj)
 .text.get_trigger
                0x000000000000729e       0x2c zephyr/drivers/gpio/libdrivers__gpio.a(gpio_nrfx.c.obj)
 .text.gpio_nrfx_manage_callback
                0x00000000000072ca       0x72 zephyr/drivers/gpio/libdrivers__gpio.a(gpio_nrfx.c.obj)
 .text.nrfx_gpio_handler
                0x000000000000733c       0x48 zephyr/drivers/gpio/libdrivers__gpio.a(gpio_nrfx.c.obj)
 .text.deinit_twim
                0x0000000000007384       0x1c zephyr/drivers/i2c/libdrivers__i2c.a(i2c_nrfx_twim.c.obj)
 .text.i2c_nrfx_twim_configure
                0x00000000000073a0       0x48 zephyr/drivers/i2c/libdrivers__i2c.a(i2c_nrfx_twim.c.obj)
 .text.twim_0_init
                0x00000000000073e8       0x3c zephyr/drivers/i2c/libdrivers__i2c.a(i2c_nrfx_twim.c.obj)
 .text.sys_clock_idle_exit
                0x0000000000007424        0x2 zephyr/drivers/timer/libdrivers__timer.a(sys_clock_init.c.obj)
                0x0000000000007424                sys_clock_idle_exit
 .text.counter_sub
                0x0000000000007426        0x8 zephyr/drivers/timer/libdrivers__timer.a(nrf_rtc_timer.c.obj)
 .text.event_clear
                0x000000000000742e       0x18 zephyr/drivers/timer/libdrivers__timer.a(nrf_rtc_timer.c.obj)
 .text.absolute_time_to_cc
                0x0000000000007446        0x6 zephyr/drivers/timer/libdrivers__timer.a(nrf_rtc_timer.c.obj)
 .text.full_int_lock
                0x000000000000744c       0x12 zephyr/drivers/timer/libdrivers__timer.a(nrf_rtc_timer.c.obj)
 .text.full_int_unlock
                0x000000000000745e        0xa zephyr/drivers/timer/libdrivers__timer.a(nrf_rtc_timer.c.obj)
 .text.set_absolute_alarm
                0x0000000000007468       0x76 zephyr/drivers/timer/libdrivers__timer.a(nrf_rtc_timer.c.obj)
 .text.compare_set
                0x00000000000074de       0x32 zephyr/drivers/timer/libdrivers__timer.a(nrf_rtc_timer.c.obj)
 .text.pinctrl_lookup_state
                0x0000000000007510       0x34 zephyr/drivers/pinctrl/libdrivers__pinctrl.a(common.c.obj)
                0x0000000000007510                pinctrl_lookup_state
 .text.nrf_pin_configure
                0x0000000000007544       0x2e zephyr/drivers/pinctrl/libdrivers__pinctrl.a(pinctrl_nrf.c.obj)
 .text.k_sys_fatal_error_handler
                0x0000000000007572        0x8 modules/nrf/lib/fatal_error/lib..__nrf__lib__fatal_error.a(fatal_error.c.obj)
                0x0000000000007572                k_sys_fatal_error_handler
 .text.nrf52_errata_12
                0x000000000000757a       0x24 modules/hal_nordic/nrfx/libmodules__hal_nordic__nrfx.a(system_nrf52.c.obj)
 .text.nrf52_errata_16
                0x000000000000759e       0x2c modules/hal_nordic/nrfx/libmodules__hal_nordic__nrfx.a(system_nrf52.c.obj)
 .text.nrf52_errata_31
                0x00000000000075ca       0x24 modules/hal_nordic/nrfx/libmodules__hal_nordic__nrfx.a(system_nrf52.c.obj)
 .text.nrf52_errata_32
                0x00000000000075ee       0x2c modules/hal_nordic/nrfx/libmodules__hal_nordic__nrfx.a(system_nrf52.c.obj)
 .text.nrf52_errata_36
                0x000000000000761a       0x24 modules/hal_nordic/nrfx/libmodules__hal_nordic__nrfx.a(system_nrf52.c.obj)
 .text.nrf52_errata_37
                0x000000000000763e       0x2c modules/hal_nordic/nrfx/libmodules__hal_nordic__nrfx.a(system_nrf52.c.obj)
 .text.nrf52_errata_57
                0x000000000000766a       0x2c modules/hal_nordic/nrfx/libmodules__hal_nordic__nrfx.a(system_nrf52.c.obj)
 .text.nrf52_errata_66
                0x0000000000007696       0x44 modules/hal_nordic/nrfx/libmodules__hal_nordic__nrfx.a(system_nrf52.c.obj)
 .text.nrf52_errata_108
                0x00000000000076da       0x24 modules/hal_nordic/nrfx/libmodules__hal_nordic__nrfx.a(system_nrf52.c.obj)
 .text.nrf52_errata_136
                0x00000000000076fe       0x24 modules/hal_nordic/nrfx/libmodules__hal_nordic__nrfx.a(system_nrf52.c.obj)
 .text.nrf52_errata_182
                0x0000000000007722       0x28 modules/hal_nordic/nrfx/libmodules__hal_nordic__nrfx.a(system_nrf52.c.obj)
 .text.nrf52_configuration_249
                0x000000000000774a       0x28 modules/hal_nordic/nrfx/libmodules__hal_nordic__nrfx.a(system_nrf52.c.obj)
 .text.nrfx_isr
                0x0000000000007772        0x6 modules/hal_nordic/nrfx/libmodules__hal_nordic__nrfx.a(nrfx_glue.c.obj)
                0x0000000000007772                nrfx_isr
 .text.nrfx_busy_wait
                0x0000000000007778        0x8 modules/hal_nordic/nrfx/libmodules__hal_nordic__nrfx.a(nrfx_glue.c.obj)
                0x0000000000007778                nrfx_busy_wait
 .text.clock_initial_lfclksrc_get
                0x0000000000007780        0x4 modules/hal_nordic/nrfx/libmodules__hal_nordic__nrfx.a(nrfx_clock.c.obj)
 .text.clock_lfclksrc_tweak
                0x0000000000007784       0x22 modules/hal_nordic/nrfx/libmodules__hal_nordic__nrfx.a(nrfx_clock.c.obj)
 .text.nrfx_clock_enable
                0x00000000000077a6       0x1e modules/hal_nordic/nrfx/libmodules__hal_nordic__nrfx.a(nrfx_clock.c.obj)
                0x00000000000077a6                nrfx_clock_enable
 .text.nrfx_clock_start
                0x00000000000077c4       0xa2 modules/hal_nordic/nrfx/libmodules__hal_nordic__nrfx.a(nrfx_clock.c.obj)
                0x00000000000077c4                nrfx_clock_start
 .text.nrfx_clock_stop
                0x0000000000007866        0x8 modules/hal_nordic/nrfx/libmodules__hal_nordic__nrfx.a(nrfx_clock.c.obj)
                0x0000000000007866                nrfx_clock_stop
 .text.pin_is_task_output
                0x000000000000786e       0x1e modules/hal_nordic/nrfx/libmodules__hal_nordic__nrfx.a(nrfx_gpiote.c.obj)
 .text.pin_is_input
                0x000000000000788c        0xe modules/hal_nordic/nrfx/libmodules__hal_nordic__nrfx.a(nrfx_gpiote.c.obj)
 .text.gpiote_polarity_to_trigger
                0x000000000000789a        0x2 modules/hal_nordic/nrfx/libmodules__hal_nordic__nrfx.a(nrfx_gpiote.c.obj)
 .text.gpiote_trigger_to_polarity
                0x000000000000789c        0x2 modules/hal_nordic/nrfx/libmodules__hal_nordic__nrfx.a(nrfx_gpiote.c.obj)
 .text.is_level
                0x000000000000789e        0xa modules/hal_nordic/nrfx/libmodules__hal_nordic__nrfx.a(nrfx_gpiote.c.obj)
 .text.next_sense_cond_call_handler
                0x00000000000078a8       0x9c modules/hal_nordic/nrfx/libmodules__hal_nordic__nrfx.a(nrfx_gpiote.c.obj)
 .text.latch_pending_read_and_check
                0x0000000000007944       0x32 modules/hal_nordic/nrfx/libmodules__hal_nordic__nrfx.a(nrfx_gpiote.c.obj)
 .text.xfer_completeness_check
                0x0000000000007976       0x82 modules/hal_nordic/nrfx/libmodules__hal_nordic__nrfx.a(nrfx_twim.c.obj)
 .text.twim_pins_configure
                0x00000000000079f8       0x5a modules/hal_nordic/nrfx/libmodules__hal_nordic__nrfx.a(nrfx_twim.c.obj)
 .text.twim_list_enable_handle
                0x0000000000007a52       0x2a modules/hal_nordic/nrfx/libmodules__hal_nordic__nrfx.a(nrfx_twim.c.obj)
 .text._GetAvailWriteSpace
                0x0000000000007a7c       0x18 modules/segger/libmodules__segger.a(SEGGER_RTT.c.obj)
 .text._WriteNoCheck
                0x0000000000007a94       0x4c modules/segger/libmodules__segger.a(SEGGER_RTT.c.obj)
 .text._WriteBlocking
                0x0000000000007ae0       0x62 modules/segger/libmodules__segger.a(SEGGER_RTT.c.obj)
 .text.SEGGER_RTT_Init
                0x0000000000007b42        0x8 modules/segger/libmodules__segger.a(SEGGER_RTT.c.obj)
                0x0000000000007b42                SEGGER_RTT_Init
 .text.rtt_init
                0x0000000000007b4a        0xa modules/segger/libmodules__segger.a(SEGGER_RTT_zephyr.c.obj)
 .text.z_device_is_ready
                0x0000000000007b54       0x1a zephyr/kernel/libkernel.a(device.c.obj)
                0x0000000000007b54                z_device_is_ready
 .text.z_fatal_error
                0x0000000000007b6e       0x34 zephyr/kernel/libkernel.a(fatal.c.obj)
                0x0000000000007b6e                z_fatal_error
 .text.z_early_memset
                0x0000000000007ba2        0x8 zephyr/kernel/libkernel.a(init.c.obj)
                0x0000000000007ba2                z_early_memset
 .text.z_early_memcpy
                0x0000000000007baa        0x8 zephyr/kernel/libkernel.a(init.c.obj)
                0x0000000000007baa                z_early_memcpy
 .text.setup_thread_stack
                0x0000000000007bb2       0x24 zephyr/kernel/libkernel.a(thread.c.obj)
 .text.k_is_in_isr
                0x0000000000007bd6        0xc zephyr/kernel/libkernel.a(thread.c.obj)
                0x0000000000007bd6                k_is_in_isr
 .text.z_impl_k_thread_start
                0x0000000000007be2        0x8 zephyr/kernel/libkernel.a(thread.c.obj)
                0x0000000000007be2                z_impl_k_thread_start
 .text.z_init_thread_base
                0x0000000000007bea       0x16 zephyr/kernel/libkernel.a(thread.c.obj)
                0x0000000000007bea                z_init_thread_base
 .text.z_impl_k_thread_create
                0x0000000000007c00       0x44 zephyr/kernel/libkernel.a(thread.c.obj)
                0x0000000000007c00                z_impl_k_thread_create
 .text.z_pm_save_idle_exit
                0x0000000000007c44        0xc zephyr/kernel/libkernel.a(idle.c.obj)
                0x0000000000007c44                z_pm_save_idle_exit
 .text.new_prio_for_inheritance
                0x0000000000007c50       0x16 zephyr/kernel/libkernel.a(mutex.c.obj)
 .text.adjust_owner_prio
                0x0000000000007c66       0x16 zephyr/kernel/libkernel.a(mutex.c.obj)
 .text.z_impl_k_mutex_init
                0x0000000000007c7c        0xe zephyr/kernel/libkernel.a(mutex.c.obj)
                0x0000000000007c7c                z_impl_k_mutex_init
 .text.z_impl_k_sem_init
                0x0000000000007c8a       0x1e zephyr/kernel/libkernel.a(sem.c.obj)
                0x0000000000007c8a                z_impl_k_sem_init
 .text.k_work_submit_to_queue
                0x0000000000007ca8       0x48 zephyr/kernel/libkernel.a(work.c.obj)
                0x0000000000007ca8                k_work_submit_to_queue
 .text.thread_active_elsewhere
                0x0000000000007cf0        0x4 zephyr/kernel/libkernel.a(sched.c.obj)
 .text.pended_on_thread
                0x0000000000007cf4        0x4 zephyr/kernel/libkernel.a(sched.c.obj)
 .text.z_sched_prio_cmp
                0x0000000000007cf8       0x14 zephyr/kernel/libkernel.a(sched.c.obj)
                0x0000000000007cf8                z_sched_prio_cmp
 .text.z_unpend_thread_no_timeout
                0x0000000000007d0c       0x40 zephyr/kernel/libkernel.a(sched.c.obj)
                0x0000000000007d0c                z_unpend_thread_no_timeout
 .text.z_reschedule_irqlock
                0x0000000000007d4c       0x2a zephyr/kernel/libkernel.a(sched.c.obj)
                0x0000000000007d4c                z_reschedule_irqlock
 .text.z_priq_dumb_remove
                0x0000000000007d76       0x10 zephyr/kernel/libkernel.a(sched.c.obj)
                0x0000000000007d76                z_priq_dumb_remove
 .text.z_priq_dumb_best
                0x0000000000007d86        0xe zephyr/kernel/libkernel.a(sched.c.obj)
                0x0000000000007d86                z_priq_dumb_best
 .text.z_ready_thread
                0x0000000000007d94       0x38 zephyr/kernel/libkernel.a(sched.c.obj)
                0x0000000000007d94                z_ready_thread
 .text.z_thread_timeout
                0x0000000000007dcc       0x70 zephyr/kernel/libkernel.a(sched.c.obj)
                0x0000000000007dcc                z_thread_timeout
 .text.add_to_waitq_locked
                0x0000000000007e3c       0x54 zephyr/kernel/libkernel.a(sched.c.obj)
 .text.pend     0x0000000000007e90       0x44 zephyr/kernel/libkernel.a(sched.c.obj)
 .text.z_unpend1_no_timeout
                0x0000000000007ed4       0x4e zephyr/kernel/libkernel.a(sched.c.obj)
                0x0000000000007ed4                z_unpend1_no_timeout
 .text.z_unpend_first_thread
                0x0000000000007f22       0x56 zephyr/kernel/libkernel.a(sched.c.obj)
                0x0000000000007f22                z_unpend_first_thread
 .text.init_ready_q
                0x0000000000007f78        0x8 zephyr/kernel/libkernel.a(sched.c.obj)
                0x0000000000007f78                init_ready_q
 .text.z_sched_wake
                0x0000000000007f80       0x6e zephyr/kernel/libkernel.a(sched.c.obj)
                0x0000000000007f80                z_sched_wake
 .text.remove_timeout
                0x0000000000007fee       0x2e zephyr/kernel/libkernel.a(timeout.c.obj)
 .text.z_abort_timeout
                0x000000000000801c       0x3c zephyr/kernel/libkernel.a(timeout.c.obj)
                0x000000000000801c                z_abort_timeout
 .text.z_get_next_timeout_expiry
                0x0000000000008058       0x2e zephyr/kernel/libkernel.a(timeout.c.obj)
                0x0000000000008058                z_get_next_timeout_expiry
 .text.z_set_timeout_expiry
                0x0000000000008086       0x56 zephyr/kernel/libkernel.a(timeout.c.obj)
                0x0000000000008086                z_set_timeout_expiry
 .text.sys_clock_tick_get_32
                0x00000000000080dc        0x8 zephyr/kernel/libkernel.a(timeout.c.obj)
                0x00000000000080dc                sys_clock_tick_get_32
 .text.z_impl_k_busy_wait
                0x00000000000080e4        0xc zephyr/kernel/libkernel.a(timeout.c.obj)
                0x00000000000080e4                z_impl_k_busy_wait
 .text.z_impl_k_timer_stop
                0x00000000000080f0       0x36 zephyr/kernel/libkernel.a(timer.c.obj)
                0x00000000000080f0                z_impl_k_timer_stop
 .text.k_heap_init
                0x0000000000008126       0x10 zephyr/kernel/libkernel.a(kheap.c.obj)
                0x0000000000008126                k_heap_init
 .text._OffsetAbsSyms
                0x0000000000008136        0x2 zephyr/CMakeFiles/offsets.dir/./arch/arm/core/offsets/offsets.c.obj
                0x0000000000008136                _OffsetAbsSyms
 *(SORT_BY_ALIGNMENT(.TEXT.*))
 .TEXT.z_arm_platform_init
                0x0000000000008138        0x4 zephyr/libzephyr.a(soc_nrf_common.S.obj)
                0x0000000000008138                z_arm_platform_init
 *(SORT_BY_ALIGNMENT(.gnu.linkonce.t.*))
 *(SORT_BY_ALIGNMENT(.glue_7t))
 .glue_7t       0x000000000000813c        0x0 linker stubs
 *(SORT_BY_ALIGNMENT(.glue_7))
 .glue_7        0x000000000000813c        0x0 linker stubs
 *(SORT_BY_ALIGNMENT(.vfp11_veneer))
 .vfp11_veneer  0x000000000000813c        0x0 linker stubs
 *(SORT_BY_ALIGNMENT(.v4_bx))
 .v4_bx         0x000000000000813c        0x0 linker stubs
                0x000000000000813c                __text_region_end = .

.ARM.exidx      0x000000000000813c        0x8
                0x000000000000813c                __exidx_start = .
 *(SORT_BY_ALIGNMENT(.ARM.exidx*) SORT_BY_ALIGNMENT(gnu.linkonce.armexidx.*))
 .ARM.exidx     0x000000000000813c        0x8 c:/ncs/toolchains/v2.0.2/opt/zephyr-sdk/arm-zephyr-eabi/bin/../lib/gcc/arm-zephyr-eabi/10.3.0/thumb/v7e-m/nofp\libgcc.a(_udivmoddi4.o)
                0x0000000000008144                __exidx_end = .
                0x0000000000008144                __rodata_region_start = .

initlevel       0x0000000000008144       0x58
                0x0000000000008144                __init_start = .
                0x0000000000008144                __init_PRE_KERNEL_1_start = .
 *(SORT_BY_NAME(SORT_BY_ALIGNMENT(.z_init_PRE_KERNEL_1[0-9]_*)))
 .z_init_PRE_KERNEL_10_
                0x0000000000008144        0x8 zephyr/soc/arm/nordic_nrf/nrf52/libsoc__arm__nordic_nrf__nrf52.a(soc.c.obj)
 *(SORT_BY_NAME(SORT_BY_ALIGNMENT(.z_init_PRE_KERNEL_1[1-9][0-9]_*)))
 .z_init_PRE_KERNEL_130_
                0x000000000000814c        0x8 zephyr/drivers/clock_control/libdrivers__clock_control.a(clock_control_nrf.c.obj)
 .z_init_PRE_KERNEL_130_
                0x0000000000008154        0x8 modules/segger/libmodules__segger.a(SEGGER_RTT_zephyr.c.obj)
 .z_init_PRE_KERNEL_130_
                0x000000000000815c        0x8 zephyr/kernel/libkernel.a(kheap.c.obj)
 .z_init_PRE_KERNEL_140_
                0x0000000000008164        0x8 zephyr/drivers/console/libdrivers__console.a(rtt_console.c.obj)
 .z_init_PRE_KERNEL_140_
                0x000000000000816c        0x8 zephyr/drivers/gpio/libdrivers__gpio.a(gpio_nrfx.c.obj)
                0x0000000000008174                __init_PRE_KERNEL_2_start = .
 *(SORT_BY_NAME(SORT_BY_ALIGNMENT(.z_init_PRE_KERNEL_2[0-9]_*)))
 .z_init_PRE_KERNEL_20_
                0x0000000000008174        0x8 zephyr/drivers/timer/libdrivers__timer.a(nrf_rtc_timer.c.obj)
 *(SORT_BY_NAME(SORT_BY_ALIGNMENT(.z_init_PRE_KERNEL_2[1-9][0-9]_*)))
                0x000000000000817c                __init_POST_KERNEL_start = .
 *(SORT_BY_NAME(SORT_BY_ALIGNMENT(.z_init_POST_KERNEL[0-9]_*)))
 *(SORT_BY_NAME(SORT_BY_ALIGNMENT(.z_init_POST_KERNEL[1-9][0-9]_*)))
 .z_init_POST_KERNEL40_
                0x000000000000817c        0x8 zephyr/kernel/libkernel.a(system_work_q.c.obj)
 .z_init_POST_KERNEL50_
                0x0000000000008184        0x8 zephyr/drivers/i2c/libdrivers__i2c.a(i2c_nrfx_twim.c.obj)
 .z_init_POST_KERNEL90_
                0x000000000000818c        0x8 zephyr/drivers/sensor/nrf5/libdrivers__sensor__nrf5.a(temp_nrf5.c.obj)
                0x0000000000008194                __init_APPLICATION_start = .
 *(SORT_BY_NAME(SORT_BY_ALIGNMENT(.z_init_APPLICATION[0-9]_*)))
 .z_init_APPLICATION0_
                0x0000000000008194        0x8 zephyr/drivers/clock_control/libdrivers__clock_control.a(nrf_clock_calibration.c.obj)
 *(SORT_BY_NAME(SORT_BY_ALIGNMENT(.z_init_APPLICATION[1-9][0-9]_*)))
                0x000000000000819c                __init_SMP_start = .
 *(SORT_BY_NAME(SORT_BY_ALIGNMENT(.z_init_SMP[0-9]_*)))
 *(SORT_BY_NAME(SORT_BY_ALIGNMENT(.z_init_SMP[1-9][0-9]_*)))
                0x000000000000819c                __init_end = .

devices         0x000000000000819c       0x60
                0x000000000000819c                __device_start = .
                0x000000000000819c                __device_PRE_KERNEL_1_start = .
 *(SORT_BY_NAME(SORT_BY_ALIGNMENT(.z_device_PRE_KERNEL_1[0-9]_*)))
 *(SORT_BY_NAME(SORT_BY_ALIGNMENT(.z_device_PRE_KERNEL_1[1-9][0-9]_*)))
 .z_device_PRE_KERNEL_130_
                0x000000000000819c       0x18 zephyr/drivers/clock_control/libdrivers__clock_control.a(clock_control_nrf.c.obj)
                0x000000000000819c                __device_dts_ord_58
 .z_device_PRE_KERNEL_140_
                0x00000000000081b4       0x18 zephyr/drivers/gpio/libdrivers__gpio.a(gpio_nrfx.c.obj)
                0x00000000000081b4                __device_dts_ord_11
                0x00000000000081cc                __device_PRE_KERNEL_2_start = .
 *(SORT_BY_NAME(SORT_BY_ALIGNMENT(.z_device_PRE_KERNEL_2[0-9]_*)))
 *(SORT_BY_NAME(SORT_BY_ALIGNMENT(.z_device_PRE_KERNEL_2[1-9][0-9]_*)))
                0x00000000000081cc                __device_POST_KERNEL_start = .
 *(SORT_BY_NAME(SORT_BY_ALIGNMENT(.z_device_POST_KERNEL[0-9]_*)))
 *(SORT_BY_NAME(SORT_BY_ALIGNMENT(.z_device_POST_KERNEL[1-9][0-9]_*)))
 .z_device_POST_KERNEL50_
                0x00000000000081cc       0x18 zephyr/drivers/i2c/libdrivers__i2c.a(i2c_nrfx_twim.c.obj)
                0x00000000000081cc                __device_dts_ord_69
 .z_device_POST_KERNEL90_
                0x00000000000081e4       0x18 zephyr/drivers/sensor/nrf5/libdrivers__sensor__nrf5.a(temp_nrf5.c.obj)
                0x00000000000081e4                __device_dts_ord_89
                0x00000000000081fc                __device_APPLICATION_start = .
 *(SORT_BY_NAME(SORT_BY_ALIGNMENT(.z_device_APPLICATION[0-9]_*)))
 *(SORT_BY_NAME(SORT_BY_ALIGNMENT(.z_device_APPLICATION[1-9][0-9]_*)))
                0x00000000000081fc                __device_SMP_start = .
 *(SORT_BY_NAME(SORT_BY_ALIGNMENT(.z_device_SMP[0-9]_*)))
 *(SORT_BY_NAME(SORT_BY_ALIGNMENT(.z_device_SMP[1-9][0-9]_*)))
                0x00000000000081fc                __device_end = .

sw_isr_table    0x00000000000081fc      0x138
                0x00000000000081fc                . = ALIGN (0x0)
 *(SORT_BY_ALIGNMENT(.gnu.linkonce.sw_isr_table*))
 .gnu.linkonce.sw_isr_table
                0x00000000000081fc      0x138 zephyr/arch/common/libisr_tables.a(isr_tables.c.obj)
                0x00000000000081fc                _sw_isr_table

initlevel_error
                0x0000000000008144        0x0
 *(SORT_BY_NAME(SORT_BY_ALIGNMENT(.z_init_[_A-Z0-9]*)))
                0x0000000000000001                ASSERT ((SIZEOF (initlevel_error) == 0x0), Undefined initialization levels used.)

app_shmem_regions
                0x0000000000008334        0x0
                0x0000000000008334                __app_shmem_regions_start = .
 *(SORT_BY_NAME(SORT_BY_ALIGNMENT(.app_regions.*)))
                0x0000000000008334                __app_shmem_regions_end = .

bt_l2cap_fixed_chan_area
                0x0000000000008334        0x0
                0x0000000000008334                _bt_l2cap_fixed_chan_list_start = .
 *(SORT_BY_NAME(SORT_BY_ALIGNMENT(._bt_l2cap_fixed_chan.static.*)))
                0x0000000000008334                _bt_l2cap_fixed_chan_list_end = .

bt_gatt_service_static_area
                0x0000000000008334        0x0
                0x0000000000008334                _bt_gatt_service_static_list_start = .
 *(SORT_BY_NAME(SORT_BY_ALIGNMENT(._bt_gatt_service_static.static.*)))
                0x0000000000008334                _bt_gatt_service_static_list_end = .

k_p4wq_initparam_area
                0x0000000000008334        0x0
                0x0000000000008334                _k_p4wq_initparam_list_start = .
 *(SORT_BY_NAME(SORT_BY_ALIGNMENT(._k_p4wq_initparam.static.*)))
                0x0000000000008334                _k_p4wq_initparam_list_end = .

log_strings_sections
                0x0000000000008334        0x0
                0x0000000000008334                __log_strings_start = .
 *(SORT_BY_NAME(SORT_BY_ALIGNMENT(.log_strings*)))
                0x0000000000008334                __log_strings_end = .

log_const_sections
                0x0000000000008334        0x0
                0x0000000000008334                __log_const_start = .
 *(SORT_BY_NAME(SORT_BY_ALIGNMENT(.log_const_*)))
                0x0000000000008334                __log_const_end = .

log_backends_sections
                0x0000000000008334        0x0
                0x0000000000008334                __log_backends_start = .
 *(SORT_BY_ALIGNMENT(._log_backend.*))
                0x0000000000008334                __log_backends_end = .

shell_area      0x0000000000008334        0x0
                0x0000000000008334                _shell_list_start = .
 *(SORT_BY_NAME(SORT_BY_ALIGNMENT(._shell.static.*)))
                0x0000000000008334                _shell_list_end = .

shell_root_cmds_sections
                0x0000000000008334        0x0
                0x0000000000008334                __shell_root_cmds_start = .
 *(SORT_BY_NAME(SORT_BY_ALIGNMENT(.shell_root_cmd_*)))
                0x0000000000008334                __shell_root_cmds_end = .

font_entry_sections
                0x0000000000008334        0x0
                0x0000000000008334                __font_entry_start = .
 *(SORT_BY_NAME(SORT_BY_ALIGNMENT(._cfb_font.*)))
                0x0000000000008334                __font_entry_end = .

tracing_backend_area
                0x0000000000008334        0x0
                0x0000000000008334                _tracing_backend_list_start = .
 *(SORT_BY_NAME(SORT_BY_ALIGNMENT(._tracing_backend.static.*)))
                0x0000000000008334                _tracing_backend_list_end = .

zephyr_dbg_info
                0x0000000000008334       0x3c
 *(SORT_BY_ALIGNMENT(.dbg_thread_info))
 .dbg_thread_info
                0x0000000000008334       0x3c zephyr/libzephyr.a(thread_info.c.obj)
                0x0000000000008334                _kernel_openocd_size_t_size
                0x0000000000008334                _kernel_thread_info_size_t_size
                0x0000000000008338                _kernel_openocd_num_offsets
                0x0000000000008338                _kernel_thread_info_num_offsets
                0x000000000000833c                _kernel_openocd_offsets
                0x000000000000833c                _kernel_thread_info_offsets

device_handles  0x0000000000008370       0x18
                0x0000000000008370                __device_handles_start = .
 *(SORT_BY_NAME(SORT_BY_ALIGNMENT(.__device_handles_pass2*)))
 .__device_handles_pass2
                0x0000000000008370       0x18 zephyr/CMakeFiles/zephyr_pre1.dir/dev_handles.c.obj
                0x0000000000008370                __devicehdl_DT_N_S_soc_S_temp_4000c000
                0x0000000000008376                __devicehdl_DT_N_S_soc_S_i2c_40003000
                0x000000000000837c                __devicehdl_DT_N_S_soc_S_gpio_50000000
                0x0000000000008382                __devicehdl_DT_N_S_soc_S_clock_40000000
                0x0000000000008388                __device_handles_end = .

rodata          0x0000000000008390      0x234
 *(SORT_BY_ALIGNMENT(.rodata))
 .rodata        0x0000000000008390       0x30 app/libapp.a(led.c.obj)
 *(SORT_BY_ALIGNMENT(.rodata.*))
 .rodata.delay_machine_code.0
                0x00000000000083c0        0x6 zephyr/soc/arm/nordic_nrf/nrf52/libsoc__arm__nordic_nrf__nrf52.a(soc.c.obj)
 *fill*         0x00000000000083c6        0x2 
 .rodata.imu.str1.4
                0x00000000000083c8        0xc app/libapp.a(imu.c.obj)
 .rodata.blink_red.str1.4
                0x00000000000083d4       0x11 app/libapp.a(led.c.obj)
 *fill*         0x00000000000083e5        0x3 
 .rodata.str1.4
                0x00000000000083e8       0x34 app/libapp.a(main.c.obj)
 .rodata.cbvprintf.str1.4
                0x000000000000841c        0x6 zephyr/libzephyr.a(cbprintf_complete.c.obj)
 *fill*         0x0000000000008422        0x2 
 .rodata.pmstates_DT_N_S_cpus_S_cpu_0
                0x0000000000008424        0x0 zephyr/libzephyr.a(state.c.obj)
 .rodata.static_regions
                0x0000000000008424        0xc zephyr/arch/arch/arm/core/aarch32/mpu/libarch__arm__core__aarch32__mpu.a(arm_core_mpu.c.obj)
 .rodata.str1.4
                0x0000000000008430        0xf zephyr/soc/arm/common/cortex_m/libsoc__arm__common__cortex_m.a(arm_mpu_regions.c.obj)
 *fill*         0x000000000000843f        0x1 
 .rodata.mpu_config
                0x0000000000008440        0x8 zephyr/soc/arm/common/cortex_m/libsoc__arm__common__cortex_m.a(arm_mpu_regions.c.obj)
                0x0000000000008440                mpu_config
 .rodata.mpu_regions
                0x0000000000008448       0x18 zephyr/soc/arm/common/cortex_m/libsoc__arm__common__cortex_m.a(arm_mpu_regions.c.obj)
 .rodata.str1.4
                0x0000000000008460        0x6 zephyr/drivers/clock_control/libdrivers__clock_control.a(clock_control_nrf.c.obj)
 *fill*         0x0000000000008466        0x2 
 .rodata.clock_control_api
                0x0000000000008468       0x18 zephyr/drivers/clock_control/libdrivers__clock_control.a(clock_control_nrf.c.obj)
 .rodata.config
                0x0000000000008480       0x10 zephyr/drivers/clock_control/libdrivers__clock_control.a(clock_control_nrf.c.obj)
 .rodata.transitions.0
                0x0000000000008490        0xc zephyr/drivers/clock_control/libdrivers__clock_control.a(clock_control_nrf.c.obj)
 .rodata.str1.4
                0x000000000000849c        0x7 zephyr/drivers/gpio/libdrivers__gpio.a(gpio_nrfx.c.obj)
 *fill*         0x00000000000084a3        0x1 
 .rodata.gpio_nrfx_drv_api_funcs
                0x00000000000084a4       0x24 zephyr/drivers/gpio/libdrivers__gpio.a(gpio_nrfx.c.obj)
 .rodata.gpio_nrfx_p0_cfg
                0x00000000000084c8       0x10 zephyr/drivers/gpio/libdrivers__gpio.a(gpio_nrfx.c.obj)
 .rodata.str1.4
                0x00000000000084d8        0x6 zephyr/drivers/i2c/libdrivers__i2c.a(i2c_nrfx_twim.c.obj)
 *fill*         0x00000000000084de        0x2 
 .rodata.__pinctrl_dev_config__device_dts_ord_69
                0x00000000000084e0        0xc zephyr/drivers/i2c/libdrivers__i2c.a(i2c_nrfx_twim.c.obj)
 .rodata.__pinctrl_state_pins_0__device_dts_ord_69
                0x00000000000084ec        0x8 zephyr/drivers/i2c/libdrivers__i2c.a(i2c_nrfx_twim.c.obj)
 .rodata.__pinctrl_states__device_dts_ord_69
                0x00000000000084f4        0x8 zephyr/drivers/i2c/libdrivers__i2c.a(i2c_nrfx_twim.c.obj)
 .rodata.i2c_nrfx_twim_driver_api
                0x00000000000084fc       0x18 zephyr/drivers/i2c/libdrivers__i2c.a(i2c_nrfx_twim.c.obj)
 .rodata.twim_0z_config
                0x0000000000008514       0x10 zephyr/drivers/i2c/libdrivers__i2c.a(i2c_nrfx_twim.c.obj)
 .rodata.str1.4
                0x0000000000008524        0x7 zephyr/drivers/sensor/nrf5/libdrivers__sensor__nrf5.a(temp_nrf5.c.obj)
 *fill*         0x000000000000852b        0x1 
 .rodata.temp_nrf5_driver_api
                0x000000000000852c       0x14 zephyr/drivers/sensor/nrf5/libdrivers__sensor__nrf5.a(temp_nrf5.c.obj)
 .rodata._DoInit.str1.4
                0x0000000000008540       0x17 modules/segger/libmodules__segger.a(SEGGER_RTT.c.obj)
 *fill*         0x0000000000008557        0x1 
 .rodata.levels.0
                0x0000000000008558       0x14 zephyr/kernel/libkernel.a(device.c.obj)
 .rodata._k_neg_eagain
                0x000000000000856c        0x4 zephyr/kernel/libkernel.a(errno.c.obj)
                0x000000000000856c                _k_neg_eagain
 .rodata.init_idle_thread.str1.4
                0x0000000000008570        0x5 zephyr/kernel/libkernel.a(init.c.obj)
 *fill*         0x0000000000008575        0x3 
 .rodata.prepare_multithreading.str1.4
                0x0000000000008578        0x5 zephyr/kernel/libkernel.a(init.c.obj)
 *fill*         0x000000000000857d        0x3 
 .rodata.boot_banner.str1.4
                0x0000000000008580       0x37 zephyr/kernel/libkernel.a(banner.c.obj)
                                         0x3b (size before relaxing)
 *fill*         0x00000000000085b7        0x1 
 .rodata.k_sys_work_q_init.str1.4
                0x00000000000085b8        0x9 zephyr/kernel/libkernel.a(system_work_q.c.obj)
 *(SORT_BY_ALIGNMENT(.gnu.linkonce.r.*))
                0x00000000000085c4                . = ALIGN (0x4)
 *fill*         0x00000000000085c1        0x3 
                0x00000000000085c4                __rodata_region_end = .
                0x00000000000085e0                . = ALIGN (_region_min_align)
                0x0000000000010000                . = ALIGN ((0x1 << ((__rodata_region_end - __rom_region_start) <= 0x4)?0x2:((__rodata_region_end - __rom_region_start) <= 0x8)?0x3:((__rodata_region_end - __rom_region_start) <= 0x10)?0x4:((__rodata_region_end - __rom_region_start) <= 0x20)?0x5:((__rodata_region_end - __rom_region_start) <= 0x40)?0x6:((__rodata_region_end - __rom_region_start) <= 0x80)?0x7:((__rodata_region_end - __rom_region_start) <= 0x100)?0x8:((__rodata_region_end - __rom_region_start) <= 0x200)?0x9:((__rodata_region_end - __rom_region_start) <= 0x400)?0xa:((__rodata_region_end - __rom_region_start) <= 0x800)?0xb:((__rodata_region_end - __rom_region_start) <= 0x1000)?0xc:((__rodata_region_end - __rom_region_start) <= 0x2000)?0xd:((__rodata_region_end - __rom_region_start) <= 0x4000)?0xe:((__rodata_region_end - __rom_region_start) <= 0x8000)?0xf:((__rodata_region_end - __rom_region_start) <= 0x10000)?0x10:((__rodata_region_end - __rom_region_start) <= 0x20000)?0x11:((__rodata_region_end - __rom_region_start) <= 0x40000)?0x12:((__rodata_region_end - __rom_region_start) <= 0x80000)?0x13:((__rodata_region_end - __rom_region_start) <= 0x100000)?0x14:((__rodata_region_end - __rom_region_start) <= 0x200000)?0x15:((__rodata_region_end - __rom_region_start) <= 0x400000)?0x16:((__rodata_region_end - __rom_region_start) <= 0x800000)?0x17:((__rodata_region_end - __rom_region_start) <= 0x1000000)?0x18:((__rodata_region_end - __rom_region_start) <= 0x2000000)?0x19:((__rodata_region_end - __rom_region_start) <= 0x4000000)?0x1a:((__rodata_region_end - __rom_region_start) <= 0x8000000)?0x1b:((__rodata_region_end - __rom_region_start) <= 0x10000000)?0x1c:((__rodata_region_end - __rom_region_start) <= 0x20000000)?0x1d:((__rodata_region_end - __rom_region_start) <= 0x40000000)?0x1e:((__rodata_region_end - __rom_region_start) <= 0x80000000)?0x1f:0x20))
                0x0000000000010000                __rom_region_end = .
                0x0000000020000000                . = 0x20000000
                0x0000000020000000                . = ALIGN (_region_min_align)
                0x0000000020000000                _image_ram_start = .

.ramfunc        0x0000000020000000        0x0 load address 0x00000000000085c4
                0x0000000020000000                . = ALIGN (_region_min_align)
                0x0000000020000000                . = ALIGN ((0x1 << (__ramfunc_size <= 0x4)?0x2:(__ramfunc_size <= 0x8)?0x3:(__ramfunc_size <= 0x10)?0x4:(__ramfunc_size <= 0x20)?0x5:(__ramfunc_size <= 0x40)?0x6:(__ramfunc_size <= 0x80)?0x7:(__ramfunc_size <= 0x100)?0x8:(__ramfunc_size <= 0x200)?0x9:(__ramfunc_size <= 0x400)?0xa:(__ramfunc_size <= 0x800)?0xb:(__ramfunc_size <= 0x1000)?0xc:(__ramfunc_size <= 0x2000)?0xd:(__ramfunc_size <= 0x4000)?0xe:(__ramfunc_size <= 0x8000)?0xf:(__ramfunc_size <= 0x10000)?0x10:(__ramfunc_size <= 0x20000)?0x11:(__ramfunc_size <= 0x40000)?0x12:(__ramfunc_size <= 0x80000)?0x13:(__ramfunc_size <= 0x100000)?0x14:(__ramfunc_size <= 0x200000)?0x15:(__ramfunc_size <= 0x400000)?0x16:(__ramfunc_size <= 0x800000)?0x17:(__ramfunc_size <= 0x1000000)?0x18:(__ramfunc_size <= 0x2000000)?0x19:(__ramfunc_size <= 0x4000000)?0x1a:(__ramfunc_size <= 0x8000000)?0x1b:(__ramfunc_size <= 0x10000000)?0x1c:(__ramfunc_size <= 0x20000000)?0x1d:(__ramfunc_size <= 0x40000000)?0x1e:(__ramfunc_size <= 0x80000000)?0x1f:0x20))
                0x0000000020000000                __ramfunc_start = .
 *(SORT_BY_ALIGNMENT(.ramfunc))
 *(SORT_BY_ALIGNMENT(.ramfunc.*))
                0x0000000020000000                . = ALIGN (_region_min_align)
                0x0000000020000000                . = ALIGN ((0x1 << (__ramfunc_size <= 0x4)?0x2:(__ramfunc_size <= 0x8)?0x3:(__ramfunc_size <= 0x10)?0x4:(__ramfunc_size <= 0x20)?0x5:(__ramfunc_size <= 0x40)?0x6:(__ramfunc_size <= 0x80)?0x7:(__ramfunc_size <= 0x100)?0x8:(__ramfunc_size <= 0x200)?0x9:(__ramfunc_size <= 0x400)?0xa:(__ramfunc_size <= 0x800)?0xb:(__ramfunc_size <= 0x1000)?0xc:(__ramfunc_size <= 0x2000)?0xd:(__ramfunc_size <= 0x4000)?0xe:(__ramfunc_size <= 0x8000)?0xf:(__ramfunc_size <= 0x10000)?0x10:(__ramfunc_size <= 0x20000)?0x11:(__ramfunc_size <= 0x40000)?0x12:(__ramfunc_size <= 0x80000)?0x13:(__ramfunc_size <= 0x100000)?0x14:(__ramfunc_size <= 0x200000)?0x15:(__ramfunc_size <= 0x400000)?0x16:(__ramfunc_size <= 0x800000)?0x17:(__ramfunc_size <= 0x1000000)?0x18:(__ramfunc_size <= 0x2000000)?0x19:(__ramfunc_size <= 0x4000000)?0x1a:(__ramfunc_size <= 0x8000000)?0x1b:(__ramfunc_size <= 0x10000000)?0x1c:(__ramfunc_size <= 0x20000000)?0x1d:(__ramfunc_size <= 0x40000000)?0x1e:(__ramfunc_size <= 0x80000000)?0x1f:0x20))
                0x0000000020000000                __ramfunc_end = .
                0x0000000000000000                __ramfunc_size = (__ramfunc_end - __ramfunc_start)
                0x00000000000085c4                __ramfunc_load_start = LOADADDR (.ramfunc)

datas           0x0000000020000000       0xc0 load address 0x00000000000085c4
                0x0000000020000000                __data_region_start = .
                0x0000000020000000                __data_start = .
 *(SORT_BY_ALIGNMENT(.data))
 *(SORT_BY_ALIGNMENT(.data.*))
 .data._char_out
                0x0000000020000000        0x4 zephyr/libzephyr.a(printk.c.obj)
                0x0000000020000000                _char_out
 .data.max_latency_ticks
                0x0000000020000004        0x4 zephyr/libzephyr.a(policy.c.obj)
 .data._stdout_hook
                0x0000000020000008        0x4 zephyr/lib/libc/minimal/liblib__libc__minimal.a(stdout_console.c.obj)
 .data.temp_measure_work
                0x000000002000000c       0x10 zephyr/drivers/clock_control/libdrivers__clock_control.a(nrf_clock_calibration.c.obj)
 .data.twim_0_data
                0x000000002000001c       0x3c zephyr/drivers/i2c/libdrivers__i2c.a(i2c_nrfx_twim.c.obj)
 .data.SystemCoreClock
                0x0000000020000058        0x4 modules/hal_nordic/nrfx/libmodules__hal_nordic__nrfx.a(system_nrf52.c.obj)
                0x0000000020000058                SystemCoreClock
 .data.m_cb     0x000000002000005c       0x5c modules/hal_nordic/nrfx/libmodules__hal_nordic__nrfx.a(nrfx_gpiote.c.obj)
 .data.timeout_list
                0x00000000200000b8        0x8 zephyr/kernel/libkernel.a(timeout.c.obj)
 *(SORT_BY_ALIGNMENT(.kernel.*))
                0x00000000200000c0                __data_end = .
                0x00000000000000c0                __data_size = (__data_end - __data_start)
                0x00000000000085c4                __data_load_start = LOADADDR (datas)
                0x00000000000085c4                __data_region_load_start = LOADADDR (datas)

device_states   0x00000000200000c0       0x10 load address 0x0000000000008684